<html>
<body>
<pre>
<h1>µVision Build Log</h1>
<h2>Tool Versions:</h2>
IDE-Version: ¦ÌVision V5.23.0.0
Copyright (C) 2017 ARM Ltd and ARM Germany GmbH. All rights reserved.
License Information: 12 Microsoft, Microsoft, LIC=CRMWF-69YZC-KUC4L-08XM0-TX5RI-RTU5U
 
Tool Versions:
Toolchain:       MDK-ARM Professional  Version: 5.23
Toolchain Path:  C:\Keil_v5\ARM\ARMCC\Bin
C Compiler:      Armcc.exe V5.06 update 4 (build 422)
Assembler:       Armasm.exe V5.06 update 4 (build 422)
Linker/Locator:  ArmLink.exe V5.06 update 4 (build 422)
Library Manager: ArmAr.exe V5.06 update 4 (build 422)
Hex Converter:   FromElf.exe V5.06 update 4 (build 422)
CPU DLL:         SARMCM3.DLL V5.23
Dialog DLL:      DCM.DLL V1.15.0.0
Target DLL:      Segger\JL2CM3.dll V2.99.23.0
Dialog DLL:      TCM.DLL V1.27.0.0
 
<h2>Project:</h2>
F:\jk\hand525\JK525_2018-10-22\Project\RVMDK£¨uv5£©\BH-F429.uvprojx
Project File Date:  06/23/2019

<h2>Output:</h2>
*** Using Compiler 'V5.06 update 4 (build 422)', folder: 'C:\Keil_v5\ARM\ARMCC\Bin'
Build target '¹¤³ÌÄ£°å'
compiling test.c...
..\..\User\test.c(1993): warning:  #177-D: variable "a"  was declared but never referenced
      float a,b;
..\..\User\test.c(1993): warning:  #177-D: variable "b"  was declared but never referenced
      float a,b;
..\..\User\test.c(2275): warning:  #550-D: variable "range_v"  was set but never used
      u8 range_v,range;;
..\..\User\test.c(2277): warning:  #177-D: variable "Clear_num"  was declared but never referenced
      u8 Clear_num=0;
..\..\User\test.c: 4 warnings, 0 errors
linking...
Program Size: Code=70596 RO-data=267508 RW-data=480 ZI-data=32344  
FromELF: creating hex file...
"..\..\Output\Template.axf" - 0 Error(s), 4 Warning(s).

<h2>Collection of Component include folders:</h2>
  .\RTE\_________
  C:\Keil_v5\ARM\PACK\Keil\STM32F4xx_DFP\2.10.0\Drivers\CMSIS\Device\ST\STM32F4xx\Include

<h2>Collection of Component Files used:</h2>
Build Time Elapsed:  00:00:03
</pre>
</body>
</html>
