Component: ARM Compiler 5.06 update 4 (build 422) Tool: armlink [4d35d2]

==============================================================================

Section Cross References

    startup_stm32f429_439xx.o(RESET) refers to startup_stm32f429_439xx.o(STACK) for __initial_sp
    startup_stm32f429_439xx.o(RESET) refers to startup_stm32f429_439xx.o(.text) for Reset_Handler
    startup_stm32f429_439xx.o(RESET) refers to stm32f4xx_it.o(i.NMI_Handler) for NMI_Handler
    startup_stm32f429_439xx.o(RESET) refers to stm32f4xx_it.o(i.HardFault_Handler) for HardFault_Handler
    startup_stm32f429_439xx.o(RESET) refers to stm32f4xx_it.o(i.MemManage_Handler) for MemManage_Handler
    startup_stm32f429_439xx.o(RESET) refers to stm32f4xx_it.o(i.BusFault_Handler) for BusFault_Handler
    startup_stm32f429_439xx.o(RESET) refers to stm32f4xx_it.o(i.UsageFault_Handler) for UsageFault_Handler
    startup_stm32f429_439xx.o(RESET) refers to stm32f4xx_it.o(i.SVC_Handler) for SVC_Handler
    startup_stm32f429_439xx.o(RESET) refers to stm32f4xx_it.o(i.DebugMon_Handler) for DebugMon_Handler
    startup_stm32f429_439xx.o(RESET) refers to stm32f4xx_it.o(i.PendSV_Handler) for PendSV_Handler
    startup_stm32f429_439xx.o(RESET) refers to stm32f4xx_it.o(i.SysTick_Handler) for SysTick_Handler
    startup_stm32f429_439xx.o(RESET) refers to bsp_rtc.o(i.RTC_WKUP_IRQHandler) for RTC_WKUP_IRQHandler
    startup_stm32f429_439xx.o(RESET) refers to stm32f4xx_it.o(i.EXTI3_IRQHandler) for EXTI3_IRQHandler
    startup_stm32f429_439xx.o(RESET) refers to stm32f4xx_it.o(i.TIM2_IRQHandler) for TIM2_IRQHandler
    startup_stm32f429_439xx.o(RESET) refers to stm32f4xx_it.o(i.USART3_IRQHandler) for USART3_IRQHandler
    startup_stm32f429_439xx.o(RESET) refers to stm32f4xx_it.o(i.TIM6_DAC_IRQHandler) for TIM6_DAC_IRQHandler
    startup_stm32f429_439xx.o(RESET) refers to stm32f4xx_it.o(i.OTG_HS_IRQHandler) for OTG_HS_IRQHandler
    startup_stm32f429_439xx.o(.text) refers to system_stm32f4xx.o(i.SystemInit) for SystemInit
    startup_stm32f429_439xx.o(.text) refers to entry.o(.ARM.Collect$$$$00000000) for __main
    system_stm32f4xx.o(i.SystemCoreClockUpdate) refers to system_stm32f4xx.o(.data) for SystemCoreClock
    system_stm32f4xx.o(i.SystemInit) refers to system_stm32f4xx.o(i.SetSysClock) for SetSysClock
    stm32f4xx_adc.o(i.ADC_DeInit) refers to stm32f4xx_rcc.o(i.RCC_APB2PeriphResetCmd) for RCC_APB2PeriphResetCmd
    stm32f4xx_can.o(i.CAN_DeInit) refers to stm32f4xx_rcc.o(i.RCC_APB1PeriphResetCmd) for RCC_APB1PeriphResetCmd
    stm32f4xx_can.o(i.CAN_GetITStatus) refers to stm32f4xx_can.o(i.CheckITStatus) for CheckITStatus
    stm32f4xx_cryp.o(i.CRYP_DeInit) refers to stm32f4xx_rcc.o(i.RCC_AHB2PeriphResetCmd) for RCC_AHB2PeriphResetCmd
    stm32f4xx_cryp_aes.o(i.CRYP_AES_CBC) refers to stm32f4xx_cryp.o(i.CRYP_KeyStructInit) for CRYP_KeyStructInit
    stm32f4xx_cryp_aes.o(i.CRYP_AES_CBC) refers to stm32f4xx_cryp.o(i.CRYP_FIFOFlush) for CRYP_FIFOFlush
    stm32f4xx_cryp_aes.o(i.CRYP_AES_CBC) refers to stm32f4xx_cryp.o(i.CRYP_Init) for CRYP_Init
    stm32f4xx_cryp_aes.o(i.CRYP_AES_CBC) refers to stm32f4xx_cryp.o(i.CRYP_KeyInit) for CRYP_KeyInit
    stm32f4xx_cryp_aes.o(i.CRYP_AES_CBC) refers to stm32f4xx_cryp.o(i.CRYP_Cmd) for CRYP_Cmd
    stm32f4xx_cryp_aes.o(i.CRYP_AES_CBC) refers to stm32f4xx_cryp.o(i.CRYP_GetFlagStatus) for CRYP_GetFlagStatus
    stm32f4xx_cryp_aes.o(i.CRYP_AES_CBC) refers to stm32f4xx_cryp.o(i.CRYP_IVInit) for CRYP_IVInit
    stm32f4xx_cryp_aes.o(i.CRYP_AES_CBC) refers to stm32f4xx_cryp.o(i.CRYP_GetCmdStatus) for CRYP_GetCmdStatus
    stm32f4xx_cryp_aes.o(i.CRYP_AES_CBC) refers to stm32f4xx_cryp.o(i.CRYP_DataIn) for CRYP_DataIn
    stm32f4xx_cryp_aes.o(i.CRYP_AES_CBC) refers to stm32f4xx_cryp.o(i.CRYP_DataOut) for CRYP_DataOut
    stm32f4xx_cryp_aes.o(i.CRYP_AES_CCM) refers to stm32f4xx_cryp.o(i.CRYP_KeyStructInit) for CRYP_KeyStructInit
    stm32f4xx_cryp_aes.o(i.CRYP_AES_CCM) refers to stm32f4xx_cryp.o(i.CRYP_FIFOFlush) for CRYP_FIFOFlush
    stm32f4xx_cryp_aes.o(i.CRYP_AES_CCM) refers to stm32f4xx_cryp.o(i.CRYP_KeyInit) for CRYP_KeyInit
    stm32f4xx_cryp_aes.o(i.CRYP_AES_CCM) refers to stm32f4xx_cryp.o(i.CRYP_IVInit) for CRYP_IVInit
    stm32f4xx_cryp_aes.o(i.CRYP_AES_CCM) refers to stm32f4xx_cryp.o(i.CRYP_Init) for CRYP_Init
    stm32f4xx_cryp_aes.o(i.CRYP_AES_CCM) refers to stm32f4xx_cryp.o(i.CRYP_PhaseConfig) for CRYP_PhaseConfig
    stm32f4xx_cryp_aes.o(i.CRYP_AES_CCM) refers to stm32f4xx_cryp.o(i.CRYP_DataIn) for CRYP_DataIn
    stm32f4xx_cryp_aes.o(i.CRYP_AES_CCM) refers to stm32f4xx_cryp.o(i.CRYP_Cmd) for CRYP_Cmd
    stm32f4xx_cryp_aes.o(i.CRYP_AES_CCM) refers to stm32f4xx_cryp.o(i.CRYP_GetCmdStatus) for CRYP_GetCmdStatus
    stm32f4xx_cryp_aes.o(i.CRYP_AES_CCM) refers to stm32f4xx_cryp.o(i.CRYP_GetFlagStatus) for CRYP_GetFlagStatus
    stm32f4xx_cryp_aes.o(i.CRYP_AES_CCM) refers to stm32f4xx_cryp.o(i.CRYP_DataOut) for CRYP_DataOut
[...]
    RTC_GetFlagStatus                        0x08005c35   Thumb Code    32  stm32f4xx_rtc.o(i.RTC_GetFlagStatus)
    RTC_GetTime                              0x08005c5d   Thumb Code    72  stm32f4xx_rtc.o(i.RTC_GetTime)
    RTC_ITConfig                             0x08005cad   Thumb Code    94  stm32f4xx_rtc.o(i.RTC_ITConfig)
    RTC_Init                                 0x08005d11   Thumb Code    94  stm32f4xx_rtc.o(i.RTC_Init)
    RTC_ReadBackupRegister                   0x08005d75   Thumb Code    26  stm32f4xx_rtc.o(i.RTC_ReadBackupRegister)
    RTC_SetDate                              0x08005d95   Thumb Code   190  stm32f4xx_rtc.o(i.RTC_SetDate)
    RTC_SetTime                              0x08005e5d   Thumb Code   198  stm32f4xx_rtc.o(i.RTC_SetTime)
    RTC_SetWakeUpCounter                     0x08005f2d   Thumb Code    22  stm32f4xx_rtc.o(i.RTC_SetWakeUpCounter)
    RTC_Set_WakeUp                           0x08005f49   Thumb Code   114  bsp_rtc.o(i.RTC_Set_WakeUp)
    RTC_TimeAndDate_Set                      0x08005fbb   Thumb Code    80  bsp_rtc.o(i.RTC_TimeAndDate_Set)
    RTC_WKUP_IRQHandler                      0x0800600d   Thumb Code    36  bsp_rtc.o(i.RTC_WKUP_IRQHandler)
    RTC_WaitForSynchro                       0x08006035   Thumb Code    92  stm32f4xx_rtc.o(i.RTC_WaitForSynchro)
    RTC_WakeUpClockConfig                    0x08006095   Thumb Code    42  stm32f4xx_rtc.o(i.RTC_WakeUpClockConfig)
    RTC_WakeUpCmd                            0x080060c5   Thumb Code   116  stm32f4xx_rtc.o(i.RTC_WakeUpCmd)
    RTC_WriteBackupRegister                  0x0800613d   Thumb Code    24  stm32f4xx_rtc.o(i.RTC_WriteBackupRegister)
    R_Comp                                   0x08006159   Thumb Code   404  user.o(i.R_Comp)
    Range_Changecomp                         0x080062fd   Thumb Code   342  user.o(i.Range_Changecomp)
    Range_Control                            0x08006485   Thumb Code    92  user.o(i.Range_Control)
    ReadBE32U                                0x080064ed   Thumb Code    32  user.o(i.ReadBE32U)
    Read_Convert_read                        0x0800650d   Thumb Code    42  ad7706.o(i.Read_Convert_read)
    Read_Openflag                            0x08006539   Thumb Code    12  gpio.o(i.Read_Openflag)
    Read_set_flash                           0x08006549   Thumb Code    22  flash_eerom.o(i.Read_set_flash)
    SDRAM_Init                               0x080069fd   Thumb Code   100  bsp_sdram.o(i.SDRAM_Init)
    SPI_Cmd                                  0x08006b4d   Thumb Code    24  stm32f4xx_spi.o(i.SPI_Cmd)
    SPI_FLASH_BufferRead                     0x08006b65   Thumb Code    74  bsp_spi_flash.o(i.SPI_FLASH_BufferRead)
    SPI_FLASH_BufferWrite                    0x08006bb5   Thumb Code   290  bsp_spi_flash.o(i.SPI_FLASH_BufferWrite)
    SPI_FLASH_Init                           0x08006cd9   Thumb Code   210  bsp_spi_flash.o(i.SPI_FLASH_Init)
    SPI_FLASH_PageWrite                      0x08006db5   Thumb Code    96  bsp_spi_flash.o(i.SPI_FLASH_PageWrite)
    SPI_FLASH_SectorErase                    0x08006e4d   Thumb Code    60  bsp_spi_flash.o(i.SPI_FLASH_SectorErase)
    SPI_FLASH_SendByte                       0x08006e8d   Thumb Code   110  bsp_spi_flash.o(i.SPI_FLASH_SendByte)
    SPI_FLASH_WaitForWriteEnd                0x08006f05   Thumb Code    74  bsp_spi_flash.o(i.SPI_FLASH_WaitForWriteEnd)
    SPI_FLASH_WriteEnable                    0x08006f59   Thumb Code    24  bsp_spi_flash.o(i.SPI_FLASH_WriteEnable)
    SPI_I2S_GetFlagStatus                    0x08006f75   Thumb Code    18  stm32f4xx_spi.o(i.SPI_I2S_GetFlagStatus)
    SPI_I2S_ReceiveData                      0x08006f87   Thumb Code     6  stm32f4xx_spi.o(i.SPI_I2S_ReceiveData)
    SPI_I2S_SendData                         0x08006f8d   Thumb Code     4  stm32f4xx_spi.o(i.SPI_I2S_SendData)
    SPI_Init                                 0x08006f91   Thumb Code    60  stm32f4xx_spi.o(i.SPI_Init)
    SPIx_ReadWriteByte                       0x08007015   Thumb Code   110  ch376.o(i.SPIx_ReadWriteByte)
    SVC_Handler                              0x0800708d   Thumb Code     2  stm32f4xx_it.o(i.SVC_Handler)
    Select_V_I                               0x08007091   Thumb Code    26  gpio.o(i.Select_V_I)
    Send_To_Cpld                             0x080070b1   Thumb Code    32  cpld.o(i.Send_To_Cpld)
    Send_Uart3str                            0x080070d1   Thumb Code    14  bsp_debug_usart.o(i.Send_Uart3str)
    Send_one_buff                            0x080070e5   Thumb Code    94  cpld.o(i.Send_one_buff)
    SetSoftTimer                             0x0800714d   Thumb Code     6  pbdata.o(i.SetSoftTimer)
    Setup_Process                            0x08007279   Thumb Code  2324  test.o(i.Setup_Process)
    Soft_Turnon                              0x08007b99   Thumb Code    84  user.o(i.Soft_Turnon)
    SpiRxByte                                0x08007bf9   Thumb Code   264  ad7706.o(i.SpiRxByte)
    Store_set_flash                          0x08007d05   Thumb Code    32  flash_eerom.o(i.Store_set_flash)
    StrToint                                 0x08007d29   Thumb Code    60  user.o(i.StrToint)
    SysTick_Handler                          0x08007d65   Thumb Code     8  stm32f4xx_it.o(i.SysTick_Handler)
    SysTick_Init                             0x08007d6d   Thumb Code    88  bsp_systick.o(i.SysTick_Init)
    Sys_Process                              0x08007dd5   Thumb Code   366  test.o(i.Sys_Process)
    SystemInit                               0x08007f51   Thumb Code    88  system_stm32f4xx.o(i.SystemInit)
    TIM2_IRQHandler                          0x08007fb9   Thumb Code     8  stm32f4xx_it.o(i.TIM2_IRQHandler)
    TIM6_Configuration                       0x08007fc1   Thumb Code    12  bsp_basic_tim.o(i.TIM6_Configuration)
    TIM6_DAC_IRQHandler                      0x08007fcd   Thumb Code   116  stm32f4xx_it.o(i.TIM6_DAC_IRQHandler)
    TIM_ARRPreloadConfig                     0x08008083   Thumb Code    24  stm32f4xx_tim.o(i.TIM_ARRPreloadConfig)
    TIM_ClearFlag                            0x0800809b   Thumb Code     6  stm32f4xx_tim.o(i.TIM_ClearFlag)
    TIM_ClearITPendingBit                    0x080080a1   Thumb Code     6  stm32f4xx_tim.o(i.TIM_ClearITPendingBit)
    TIM_Cmd                                  0x080080a7   Thumb Code    24  stm32f4xx_tim.o(i.TIM_Cmd)
    TIM_GetITStatus                          0x080080bf   Thumb Code    34  stm32f4xx_tim.o(i.TIM_GetITStatus)
    TIM_ITConfig                             0x080080e1   Thumb Code    18  stm32f4xx_tim.o(i.TIM_ITConfig)
    TIM_OC1PreloadConfig                     0x08008135   Thumb Code    18  stm32f4xx_tim.o(i.TIM_OC1PreloadConfig)
    TIM_OC3Init                              0x08008149   Thumb Code   150  stm32f4xx_tim.o(i.TIM_OC3Init)
    TIM_PWMOUTPUT_Config                     0x080081e9   Thumb Code   150  bsp_basic_tim.o(i.TIM_PWMOUTPUT_Config)
    TIM_TimeBaseInit                         0x08008289   Thumb Code   104  stm32f4xx_tim.o(i.TIM_TimeBaseInit)
    TP_Adj_Info_Show                         0x0800830d   Thumb Code    10  touch.o(i.TP_Adj_Info_Show)
    TP_Adjust                                0x08008319   Thumb Code  1726  touch.o(i.TP_Adjust)
    TP_Drow_Touch_Point                      0x080089f5   Thumb Code   100  touch.o(i.TP_Drow_Touch_Point)
    TP_Get_Adjdata                           0x08008a5d   Thumb Code   110  touch.o(i.TP_Get_Adjdata)
    TP_Init                                  0x08008ad9   Thumb Code    42  touch.o(i.TP_Init)
    TP_Read_AD                               0x08008b09   Thumb Code    42  touch.o(i.TP_Read_AD)
    TP_Read_XOY                              0x08008b39   Thumb Code   114  touch.o(i.TP_Read_XOY)
    TP_Read_XY                               0x08008bad   Thumb Code    50  touch.o(i.TP_Read_XY)
    TP_Read_XY2                              0x08008be9   Thumb Code   192  touch.o(i.TP_Read_XY2)
    TP_Save_Adjdata                          0x08008ca9   Thumb Code    80  touch.o(i.TP_Save_Adjdata)
    TP_Scan                                  0x08008d05   Thumb Code   282  touch.o(i.TP_Scan)
    Test_Debug                               0x08008e2d   Thumb Code    70  user.o(i.Test_Debug)
    Test_Process                             0x08008e89   Thumb Code  4086  test.o(i.Test_Process)
    Time_Set_Cov                             0x08009e91   Thumb Code   516  user.o(i.Time_Set_Cov)
    TimingDelay_Decrement                    0x0800a0d5   Thumb Code    18  bsp_systick.o(i.TimingDelay_Decrement)
    Touch_GPIO_Config                        0x0800a0ed   Thumb Code   126  touch.o(i.Touch_GPIO_Config)
    Touch_Identiry                           0x0800a179   Thumb Code     6  keyboard.o(i.Touch_Identiry)
    Trip_Off                                 0x0800a17f   Thumb Code     2  gpio.o(i.Trip_Off)
    Trip_On                                  0x0800a181   Thumb Code     2  gpio.o(i.Trip_On)
    Turnoff_Led                              0x0800a183   Thumb Code     2  gpio.o(i.Turnoff_Led)
    Turnon_Led                               0x0800a185   Thumb Code     2  gpio.o(i.Turnon_Led)
    USART3_IRQHandler                        0x0800a189   Thumb Code   180  stm32f4xx_it.o(i.USART3_IRQHandler)
    USART_ClearFlag                          0x0800a245   Thumb Code    18  stm32f4xx_usart.o(i.USART_ClearFlag)
    USART_GetFlagStatus                      0x0800a257   Thumb Code    26  stm32f4xx_usart.o(i.USART_GetFlagStatus)
    USART_ReceiveData                        0x0800a271   Thumb Code    10  stm32f4xx_usart.o(i.USART_ReceiveData)
    USART_SendData                           0x0800a27b   Thumb Code     8  stm32f4xx_usart.o(i.USART_SendData)
    USBH_Alloc_Channel                       0x0800a283   Thumb Code    38  usbh_hcs.o(i.USBH_Alloc_Channel)
    USBH_BulkReceiveData                     0x0800a2a9   Thumb Code    96  usbh_ioreq.o(i.USBH_BulkReceiveData)
    USBH_BulkSendData                        0x0800a309   Thumb Code    94  usbh_ioreq.o(i.USBH_BulkSendData)
    USBH_ClrFeature                          0x0800a367   Thumb Code    76  usbh_stdreq.o(i.USBH_ClrFeature)
    USBH_Connected                           0x0800a3b3   Thumb Code    12  usbh_core.o(i.USBH_Connected)
    USBH_CtlReceiveData                      0x0800a3bf   Thumb Code    70  usbh_ioreq.o(i.USBH_CtlReceiveData)
    USBH_CtlReq                              0x0800a405   Thumb Code   100  usbh_ioreq.o(i.USBH_CtlReq)
    USBH_CtlSendData                         0x0800a469   Thumb Code   110  usbh_ioreq.o(i.USBH_CtlSendData)
    USBH_CtlSendSetup                        0x0800a4d7   Thumb Code    66  usbh_ioreq.o(i.USBH_CtlSendSetup)
    USBH_DeAllocate_AllChannel               0x0800a519   Thumb Code    28  usbh_hcs.o(i.USBH_DeAllocate_AllChannel)
    USBH_DeInit                              0x0800a535   Thumb Code    58  usbh_core.o(i.USBH_DeInit)
    USBH_Disconnected                        0x0800a56f   Thumb Code    12  usbh_core.o(i.USBH_Disconnected)
    USBH_ErrorHandle                         0x0800a57b   Thumb Code    46  usbh_core.o(i.USBH_ErrorHandle)
    USBH_Free_Channel                        0x0800a5a9   Thumb Code    30  usbh_hcs.o(i.USBH_Free_Channel)
    USBH_GetDescriptor                       0x0800a5c7   Thumb Code    68  usbh_stdreq.o(i.USBH_GetDescriptor)
    USBH_GetNextDesc                         0x0800a633   Thumb Code    18  usbh_stdreq.o(i.USBH_GetNextDesc)
    USBH_Get_CfgDesc                         0x0800a645   Thumb Code    88  usbh_stdreq.o(i.USBH_Get_CfgDesc)
    USBH_Get_DevDesc                         0x0800a6a1   Thumb Code    56  usbh_stdreq.o(i.USBH_Get_DevDesc)
    USBH_Get_StringDesc                      0x0800a6d9   Thumb Code    60  usbh_stdreq.o(i.USBH_Get_StringDesc)
    USBH_HandleControl                       0x0800a715   Thumb Code   544  usbh_core.o(i.USBH_HandleControl)
    USBH_MSC_BOT_Abort                       0x0800ab15   Thumb Code    86  usbh_msc_bot.o(i.USBH_MSC_BOT_Abort)
    USBH_MSC_DecodeCSW                       0x0800ab75   Thumb Code   108  usbh_msc_bot.o(i.USBH_MSC_DecodeCSW)
    USBH_MSC_HandleBOTXfer                   0x0800abf5   Thumb Code   812  usbh_msc_bot.o(i.USBH_MSC_HandleBOTXfer)
    USBH_MSC_Read10                          0x0800af45   Thumb Code   242  usbh_msc_scsi.o(i.USBH_MSC_Read10)
    USBH_MSC_Write10                         0x0800b045   Thumb Code   218  usbh_msc_scsi.o(i.USBH_MSC_Write10)
    USBH_Modify_Channel                      0x0800b129   Thumb Code   100  usbh_hcs.o(i.USBH_Modify_Channel)
    USBH_OTG_ISR_Handler                     0x0800b18d   Thumb Code   168  usb_hcd_int.o(i.USBH_OTG_ISR_Handler)
    USBH_Open_Channel                        0x0800b235   Thumb Code   154  usbh_hcs.o(i.USBH_Open_Channel)
    USBH_Process                             0x0800b4c1   Thumb Code   408  usbh_core.o(i.USBH_Process)
    USBH_SOF                                 0x0800b659   Thumb Code     6  usbh_core.o(i.USBH_SOF)
    USBH_SetAddress                          0x0800b65f   Thumb Code    38  usbh_stdreq.o(i.USBH_SetAddress)
    USBH_SetCfg                              0x0800b685   Thumb Code    38  usbh_stdreq.o(i.USBH_SetCfg)
    USB_OTG_BSP_TimerIRQ                     0x0800b6c5   Thumb Code    50  usb_bsp.o(i.USB_OTG_BSP_TimerIRQ)
    USB_OTG_BSP_mDelay                       0x0800b6fd   Thumb Code    14  usb_bsp.o(i.USB_OTG_BSP_mDelay)
    USB_OTG_GetMode                          0x0800b70b   Thumb Code    12  usb_core.o(i.USB_OTG_GetMode)
    USB_OTG_HC_DoPing                        0x0800b717   Thumb Code    90  usb_core.o(i.USB_OTG_HC_DoPing)
    USB_OTG_HC_Halt                          0x0800b771   Thumb Code   130  usb_core.o(i.USB_OTG_HC_Halt)
    USB_OTG_HC_Init                          0x0800b7f3   Thumb Code   568  usb_core.o(i.USB_OTG_HC_Init)
    USB_OTG_HC_StartXfer                     0x0800ba2b   Thumb Code   502  usb_core.o(i.USB_OTG_HC_StartXfer)
    USB_OTG_InitFSLSPClkSel                  0x0800bc21   Thumb Code    24  usb_core.o(i.USB_OTG_InitFSLSPClkSel)
    USB_OTG_IsEvenFrame                      0x0800bc39   Thumb Code    16  usb_core.o(i.USB_OTG_IsEvenFrame)
    USB_OTG_IsHostMode                       0x0800bc49   Thumb Code    20  usb_core.o(i.USB_OTG_IsHostMode)
    USB_OTG_ReadCoreItr                      0x0800bc5d   Thumb Code    16  usb_core.o(i.USB_OTG_ReadCoreItr)
    USB_OTG_ReadHPRT0                        0x0800bc6d   Thumb Code    48  usb_core.o(i.USB_OTG_ReadHPRT0)
    USB_OTG_ReadHostAllChannels_intr         0x0800bc9d   Thumb Code     8  usb_core.o(i.USB_OTG_ReadHostAllChannels_intr)
    USB_OTG_ReadPacket                       0x0800bca5   Thumb Code    40  usb_core.o(i.USB_OTG_ReadPacket)
    USB_OTG_ResetPort                        0x0800bccd   Thumb Code    64  usb_core.o(i.USB_OTG_ResetPort)
    USB_OTG_WritePacket                      0x0800cadd   Thumb Code    64  usb_core.o(i.USB_OTG_WritePacket)
    Uart_Process                             0x0800cb1d   Thumb Code   140  user.o(i.Uart_Process)
    UsageFault_Handler                       0x0800cbc5   Thumb Code     4  stm32f4xx_it.o(i.UsageFault_Handler)
    Usart_SendByte                           0x0800cbc9   Thumb Code    30  bsp_debug_usart.o(i.Usart_SendByte)
    Usart_SendString                         0x0800cbe7   Thumb Code    50  bsp_debug_usart.o(i.Usart_SendString)
    Use_DebugProcess                         0x0800cc19   Thumb Code  1108  test.o(i.Use_DebugProcess)
    Use_SysSetProcess                        0x0800d071   Thumb Code  1602  test.o(i.Use_SysSetProcess)
    VRange_Changecomp                        0x0800d6bd   Thumb Code   220  user.o(i.VRange_Changecomp)
    V_Comp                                   0x0800d7b5   Thumb Code   140  user.o(i.V_Comp)
    V_Datacov                                0x0800d849   Thumb Code    44  user.o(i.V_Datacov)
    V_I_Select_Configuration                 0x0800d879   Thumb Code    52  gpio.o(i.V_I_Select_Configuration)
    V_I_amp                                  0x0800d8b1   Thumb Code    26  gpio.o(i.V_I_amp)
    V_Range_Control                          0x0800d8d1   Thumb Code    28  user.o(i.V_Range_Control)
    WriteString_16                           0x0800d8ed   Thumb Code    22  bsp_lcd.o(i.WriteString_16)
    WriteString_Big                          0x0800d905   Thumb Code   176  bsp_lcd.o(i.WriteString_Big)
    __0printf$6                              0x0800d9c1   Thumb Code    22  printf6.o(i.__0printf$6)
    __1printf$6                              0x0800d9c1   Thumb Code     0  printf6.o(i.__0printf$6)
    __2printf                                0x0800d9c1   Thumb Code     0  printf6.o(i.__0printf$6)
    __0sprintf$6                             0x0800d9e1   Thumb Code    34  printf6.o(i.__0sprintf$6)
    __1sprintf$6                             0x0800d9e1   Thumb Code     0  printf6.o(i.__0sprintf$6)
    __2sprintf                               0x0800d9e1   Thumb Code     0  printf6.o(i.__0sprintf$6)
    __ARM_fpclassify                         0x0800da09   Thumb Code    48  fpclassify.o(i.__ARM_fpclassify)
    __hardfp_fabs                            0x0800da39   Thumb Code    20  fabs.o(i.__hardfp_fabs)
    __hardfp_pow                             0x0800da51   Thumb Code  3072  pow.o(i.__hardfp_pow)
    __hardfp_sqrt                            0x0800e6a1   Thumb Code   122  sqrt.o(i.__hardfp_sqrt)
    __kernel_poly                            0x0800e71b   Thumb Code   248  poly.o(i.__kernel_poly)
    __mathlib_dbl_divzero                    0x0800e819   Thumb Code    28  dunder.o(i.__mathlib_dbl_divzero)
    __mathlib_dbl_infnan2                    0x0800e849   Thumb Code    20  dunder.o(i.__mathlib_dbl_infnan2)
    __mathlib_dbl_invalid                    0x0800e861   Thumb Code    24  dunder.o(i.__mathlib_dbl_invalid)
    __mathlib_dbl_overflow                   0x0800e881   Thumb Code    24  dunder.o(i.__mathlib_dbl_overflow)
    __mathlib_dbl_underflow                  0x0800e8a1   Thumb Code    24  dunder.o(i.__mathlib_dbl_underflow)
    __scatterload_copy                       0x0800e8c1   Thumb Code    14  handlers.o(i.__scatterload_copy)
    __scatterload_null                       0x0800e8cf   Thumb Code     2  handlers.o(i.__scatterload_null)
    __scatterload_zeroinit                   0x0800e8d1   Thumb Code    14  handlers.o(i.__scatterload_zeroinit)
    __set_errno                              0x0800e8e1   Thumb Code     6  errno.o(i.__set_errno)
    bubble_sort_better                       0x0800ec39   Thumb Code    78  user.o(i.bubble_sort_better)
    clust2sect                               0x0800ed2d   Thumb Code    26  ff.o(i.clust2sect)
    delay                                    0x0800f121   Thumb Code    10  pbdata.o(i.delay)
    delay_1us                                0x0800f12b   Thumb Code    54  bsp_systick.o(i.delay_1us)
    delay_us                                 0x0800f161   Thumb Code    10  bsp_systick.o(i.delay_us)
    disk_initialize                          0x0800f5e1   Thumb Code    22  diskio.o(i.disk_initialize)
    disk_ioctl                               0x0800f5fd   Thumb Code    64  diskio.o(i.disk_ioctl)
    disk_read                                0x0800f641   Thumb Code   102  diskio.o(i.disk_read)
    disk_status                              0x0800f6b5   Thumb Code     8  diskio.o(i.disk_status)
    disk_write                               0x0800f6bd   Thumb Code    76  diskio.o(i.disk_write)
    f_close                                  0x0800f711   Thumb Code    32  ff.o(i.f_close)
    f_lseek                                  0x0800f731   Thumb Code   410  ff.o(i.f_lseek)
    f_mkdir                                  0x0800f8cb   Thumb Code   358  ff.o(i.f_mkdir)
    f_mount                                  0x0800fa31   Thumb Code    86  ff.o(i.f_mount)
    f_open                                   0x0800fa8d   Thumb Code   362  ff.o(i.f_open)
    f_sync                                   0x0800fbf7   Thumb Code   176  ff.o(i.f_sync)
    f_write                                  0x0800fca7   Thumb Code   524  ff.o(i.f_write)
    fabs                                     0x0800feb3   Thumb Code    24  fabs.o(i.fabs)
    ff_convert                               0x0800fecd   Thumb Code   116  cc936.o(i.ff_convert)
    ff_wtoupper                              0x0800ff49   Thumb Code    46  cc936.o(i.ff_wtoupper)
    findHzIndex_32                           0x0800ff81   Thumb Code    58  bsp_lcd.o(i.findHzIndex_32)
    fputc                                    0x08010499   Thumb Code    32  bsp_debug_usart.o(i.fputc)
    get_fat                                  0x08010585   Thumb Code   318  ff.o(i.get_fat)
    get_fattime                              0x080106c3   Thumb Code    68  diskio.o(i.get_fattime)
    input_num                                0x08010751   Thumb Code   576  user.o(i.input_num)
    input_password                           0x080109b9   Thumb Code   710  user.o(i.input_password)
    main                                     0x08010cd9   Thumb Code   130  main.o(i.main)
    put_fat                                  0x08010df5   Thumb Code   392  ff.o(i.put_fat)
    read_adI_4                               0x08010f7d   Thumb Code   176  user.o(i.read_adI_4)
    read_adI_one                             0x08011049   Thumb Code    52  user.o(i.read_adI_one)
    read_adV_4                               0x08011085   Thumb Code   182  user.o(i.read_adV_4)
    read_adV_one                             0x08011159   Thumb Code    52  user.o(i.read_adV_one)
    read_cpld                                0x08011195   Thumb Code    72  gpio.o(i.read_cpld)
    sqrt                                     0x08011321   Thumb Code   110  sqrt.o(i.sqrt)
    xEndCH376Cmd                             0x08011511   Thumb Code     8  ch376.o(i.xEndCH376Cmd)
    xReadCH376Data                           0x0801151d   Thumb Code    20  ch376.o(i.xReadCH376Data)
    xWriteCH376Cmd                           0x08011531   Thumb Code    40  ch376.o(i.xWriteCH376Cmd)
    xWriteCH376Data                          0x0801155d   Thumb Code    18  ch376.o(i.xWriteCH376Data)
    Port_Select                              0x08011570   Data        1024  user.o(.constdata)
    User_Check_main                          0x08011970   Data          39  user.o(.constdata)
    User_Check_Item                          0x08011997   Data          78  user.o(.constdata)
    Test_Setitem                             0x080119e5   Data          60  user.o(.constdata)
    Test_Setitem_E                           0x08011a21   Data          60  user.o(.constdata)
    All_TopName                              0x08011a5d   Data         242  user.o(.constdata)
    All_TopName_E                            0x08011b4f   Data         242  user.o(.constdata)
    Set_testitem                             0x08011c41   Data         180  user.o(.constdata)
    Set_testitem_E                           0x08011cf5   Data         180  user.o(.constdata)
    Test_Tirpvalue                           0x08011da9   Data          14  user.o(.constdata)
    Test_Tirpvalue_E                         0x08011db7   Data          14  user.o(.constdata)
    Test_Speedvalue                          0x08011dc5   Data          28  user.o(.constdata)
    Test_Speedvalue_E                        0x08011de1   Data          28  user.o(.constdata)
    Test_Compvalue                           0x08011dfd   Data          14  user.o(.constdata)
    Test_Compvalue_E                         0x08011e0b   Data          14  user.o(.constdata)
    Setup_Beep                               0x08011e19   Data          21  user.o(.constdata)
    Setup_Beep_E                             0x08011e2e   Data          21  user.o(.constdata)
    INPUT                                    0x08011e43   Data           7  user.o(.constdata)
    INPUT_E                                  0x08011e4a   Data           7  user.o(.constdata)
    User_Range                               0x08011e51   Data          88  user.o(.constdata)
    User_Range_E                             0x08011ea9   Data          88  user.o(.constdata)
    DISP_UINT                                0x08011f01   Data          12  user.o(.constdata)
    User_Rangeset                            0x08011f0d   Data          55  user.o(.constdata)
    Sys_Setitem                              0x08011f44   Data          88  user.o(.constdata)
    Sys_Setitem_E                            0x08011f9c   Data          88  user.o(.constdata)
    Sys_Buard_Value                          0x08011ff4   Data          56  user.o(.constdata)
    Sys_Language_Value                       0x0801202c   Data          16  user.o(.constdata)
    BiasButton_Tip                           0x0801203c   Data          16  user.o(.constdata)
    Sys_Sys                                  0x0801204c   Data          84  user.o(.constdata)
    Sys_Sys_E                                0x080120a0   Data          84  user.o(.constdata)
    Range_Disp_Test                          0x080120f4   Data         168  user.o(.constdata)
    RANG_4094                                0x0801219c   Data           8  user.o(.constdata)
    POW_NUM                                  0x080121a4   Data           8  user.o(.constdata)
    RANGE_RATE                               0x080121ac   Data          20  user.o(.constdata)
    SystemLimit                              0x080121c0   Data          16  user.o(.constdata)
    SystemLimitDot                           0x080121d0   Data          10  user.o(.constdata)
    ParameterLimit                           0x080121da   Data          12  user.o(.constdata)
    Debug_Limit                              0x080121e8   Data           8  user.o(.constdata)
    send_dot                                 0x080121f0   Data          11  user.o(.constdata)
    Send_uint                                0x080121fb   Data          11  user.o(.constdata)
    Test_Uint                                0x08012206   Data          16  user.o(.constdata)
    GB_21                                    0x08012216   Data        7930  bsp_lcd.o(.constdata)
    GB_16                                    0x08014110   Data        5780  bsp_lcd.o(.constdata)
    GB_24                                    0x080157a4   Data        7548  bsp_lcd.o(.constdata)
    GB_32                                    0x08017520   Data       14560  bsp_lcd.o(.constdata)
    ASCII16x24_Table                         0x0801ae00   Data        4560  fonts.o(.constdata)
    Out_1224                                 0x0801bfd0   Data         624  fonts.o(.constdata)
    Out_Assic                                0x0801c240   Data        7720  fonts.o(.constdata)
    _num                                     0x0801e068   Data        2944  fonts.o(.constdata)
    ASCII12x12_Table                         0x0801ebe8   Data        2304  fonts.o(.constdata)
    ASCII8x12_Table                          0x0801f4e8   Data        2304  fonts.o(.constdata)
    ASCII8x8_Table                           0x0801fde8   Data        1536  fonts.o(.constdata)
    nBitmapDot                               0x080209d8   Data         128  fonts.o(.constdata)
    Channel_16x32_Table                      0x08020a58   Data       12160  fonts.o(.constdata)
    Channel_16x24_Table                      0x080239d8   Data        9120  fonts.o(.constdata)
    Channel_97x48_Table                      0x08025d78   Data        7566  fonts.o(.constdata)
    __mathlib_zero                           0x08052890   Data           8  qnan.o(.constdata)
    Region$$Table$$Base                      0x08052898   Number         0  anon$$obj.o(Region$$Table)
    Region$$Table$$Limit                     0x080528b8   Number         0  anon$$obj.o(Region$$Table)
    SystemCoreClock                          0x20000000   Data           4  system_stm32f4xx.o(.data)
    AHBPrescTable                            0x20000004   Data          16  system_stm32f4xx.o(.data)
    Key_Up_flag                              0x20000018   Data           1  pbdata.o(.data)
    Touch_Up_flag                            0x20000019   Data           1  pbdata.o(.data)
    Touch_Item                               0x2000001a   Data           1  pbdata.o(.data)
    Readfirst_cpld                           0x2000001b   Data           1  pbdata.o(.data)
    Readsecond_cpld                          0x2000001c   Data           1  pbdata.o(.data)
    polarity_v                               0x2000001d   Data           1  pbdata.o(.data)
    polarity_r                               0x2000001e   Data           1  pbdata.o(.data)
    F_Fail                                   0x2000001f   Data           1  pbdata.o(.data)
    F_100ms                                  0x20000020   Data           1  pbdata.o(.data)
    F_Password                               0x20000021   Data           1  pbdata.o(.data)
    SystemStatus                             0x20000022   Data           1  pbdata.o(.data)
    SystemMessage                            0x20000023   Data           1  pbdata.o(.data)
    MenuIndex                                0x20000024   Data           1  pbdata.o(.data)
    Range                                    0x20000025   Data           1  pbdata.o(.data)
    V_Range                                  0x20000026   Data           1  pbdata.o(.data)
    ffit_data1                               0x20000027   Data           1  pbdata.o(.data)
    count_ffit                               0x20000028   Data           2  pbdata.o(.data)
    Ad_over                                  0x2000002a   Data           1  pbdata.o(.data)
    Relay_c                                  0x2000002b   Data           1  pbdata.o(.data)
    softswitch                               0x2000002c   Data           1  pbdata.o(.data)
    Voltage                                  0x20000030   Data           4  pbdata.o(.data)
    Test_Time                                0x20000034   Data           4  pbdata.o(.data)
    Resistance                               0x20000038   Data           4  pbdata.o(.data)
    System                                   0x2000003c   Data           8  pbdata.o(.data)
    USB_Openflag                             0x20000044   Data           1  pbdata.o(.data)
    Disp_usbflag                             0x20000045   Data           1  pbdata.o(.data)
    Disp_RTCflag                             0x20000046   Data           1  pbdata.o(.data)
    dt                                       0x20000047   Data           1  pbdata.o(.data)
    SoftTimer                                0x20000048   Data           2  pbdata.o(.data)
    range_over                               0x2000004a   Data           1  pbdata.o(.data)
    V_ad                                     0x2000004c   Data           4  pbdata.o(.data)
    I_ad                                     0x20000050   Data           4  pbdata.o(.data)
    POINT_COLOR                              0x20000054   Data           4  pbdata.o(.data)
    disp_I                                   0x20000058   Data           4  pbdata.o(.data)
    disp_V                                   0x2000005c   Data           4  pbdata.o(.data)
    Ad_value                                 0x20000060   Data           4  pbdata.o(.data)
    debug_flag                               0x20000064   Data           1  pbdata.o(.data)
    test_start                               0x20000065   Data           1  pbdata.o(.data)
    Set_flag                                 0x20000066   Data           1  pbdata.o(.data)
    Range_value                              0x20000068   Data           4  pbdata.o(.data)
    Range_Value_V                            0x2000006c   Data           4  pbdata.o(.data)
    g_LcdDirection                           0x20000070   Data           4  pbdata.o(.data)
    open_flag                                0x20000074   Data           1  pbdata.o(.data)
    touch_value                              0x20000075   Data           1  pbdata.o(.data)
    RangeChange_Flag                         0x20000076   Data           1  pbdata.o(.data)
    Int_Pe3flag                              0x20000077   Data           1  pbdata.o(.data)
    last_R_disp                              0x20000078   Data           4  pbdata.o(.data)
    last_V_disp                              0x2000007c   Data           4  pbdata.o(.data)
    cpld_buff                                0x20000080   Data           2  pbdata.o(.data)
    DispBuf                                  0x20000084   Data           8  user.o(.data)
    Debug_Compvalue                          0x2000008c   Data          48  user.o(.data)
    Debug_Compvaluemind                      0x200000bc   Data          32  user.o(.data)
    Test_Value                               0x200000dc   Data           8  user.o(.data)
    Test_Value_V                             0x200000e4   Data           8  user.o(.data)
    Pga_value2                               0x200000ec   Data           7  user.o(.data)
    Pga_value                                0x200000f3   Data           8  user.o(.data)
    Debug_Dot                                0x200000fb   Data           6  user.o(.data)
    U15_4094                                 0x20000101   Data           1  test.o(.data)
    U16_4094                                 0x20000102   Data           1  test.o(.data)
    result                                   0x20000103   Data           1  test.o(.data)
    Keyboard                                 0x20000104   Data           3  keyboard.o(.data)
    Colour                                   0x2000010c   Data           8  bsp_lcd.o(.data)
    Font16x24                                0x20000128   Data           8  fonts.o(.data)
    Font12x12                                0x20000130   Data           8  fonts.o(.data)
    Font8x12                                 0x20000138   Data           8  fonts.o(.data)
    Font8x8                                  0x20000140   Data           8  fonts.o(.data)
    FontC_16x32                              0x20000148   Data           8  fonts.o(.data)
    touch_flag                               0x2000015c   Data           1  touch.o(.data)
    ADC_Converted                            0x2000015e   Data           4  touch.o(.data)
    tp_dev                                   0x20000164   Data          52  touch.o(.data)
    CMD_RDX                                  0x20000198   Data           1  touch.o(.data)
    CMD_RDY                                  0x20000199   Data           1  touch.o(.data)
    HSEStartUpStatus                         0x200001a4   Data           1  usb_bsp.o(.data)
    BSP_delay                                0x200001a8   Data           4  usb_bsp.o(.data)
    USBH_HCD_INT_cb                          0x200001ac   Data          12  usbh_core.o(.data)
    USBH_HCD_INT_fops                        0x200001b8   Data           4  usbh_core.o(.data)
    __stdout                                 0x200001d8   Data           4  stdout.o(.data)
    Send_ComBuff                             0x200001e0   Data          21  pbdata.o(.bss)
    Send_To_U                                0x200001f5   Data          47  pbdata.o(.bss)
    Rev_Combuff                              0x20000224   Data          42  pbdata.o(.bss)
    scan_V                                   0x20000250   Data         520  pbdata.o(.bss)
    scan_I                                   0x20000458   Data         520  pbdata.o(.bss)
    Savedata_2516                            0x20000660   Data         112  pbdata.o(.bss)
    NumBox                                   0x200006d0   Data          12  pbdata.o(.bss)
    Test_value                               0x200006dc   Data          16  pbdata.o(.bss)
    Float                                    0x200006ec   Data          12  pbdata.o(.bss)
    SaveData                                 0x200006f8   Data          54  pbdata.o(.bss)
    Calibrate                                0x2000072e   Data          40  pbdata.o(.bss)
    Res_count                                0x20000758   Data          16  pbdata.o(.bss)
    Jk516save                                0x20000768   Data         308  pbdata.o(.bss)
    ComBuf                                   0x2000089c   Data          80  pbdata.o(.bss)
    i_buff                                   0x200008ec   Data          48  pbdata.o(.bss)
    fit_i_buff                               0x2000091c   Data        1020  pbdata.o(.bss)
    fit_v_buff                               0x20000d18   Data        1020  pbdata.o(.bss)
    debug_buff                               0x20001114   Data          55  pbdata.o(.bss)
    fs                                       0x2000114c   Data        4144  test.o(.bss)
    file                                     0x2000217c   Data        4132  test.o(.bss)
    USB_OTG_Core                             0x200031ac   Data        1452  usbh_usr.o(.bss)
    USB_Host                                 0x20003758   Data         132  usbh_usr.o(.bss)
    USBH_CfgDesc                             0x200037dc   Data         512  usbh_stdreq.o(.bss)
    USBH_MSC_CBWData                         0x200039dc   Data          32  usbh_msc_bot.o(.bss)
    USBH_MSC_CSWData                         0x200039fc   Data          16  usbh_msc_bot.o(.bss)
    USBH_MSC_BOTXferParam                    0x20003a0c   Data          16  usbh_msc_bot.o(.bss)
    MSC_Machine                              0x20003a1c   Data         522  usbh_msc_core.o(.bss)
    USBH_MSC_Param                           0x20003c28   Data          16  usbh_msc_scsi.o(.bss)
    USBH_DataInBuffer                        0x20003c38   Data         512  usbh_msc_scsi.o(.bss)
    USBH_DataOutBuffer                       0x20003e38   Data         512  usbh_msc_scsi.o(.bss)
    __initial_sp                             0x20008038   Data           0  startup_stm32f429_439xx.o(STACK)



==============================================================================

Memory Map of the image

  Image Entry point : 0x080001ad

  Load Region LR_IROM1 (Base: 0x08000000, Size: 0x00052a98, Max: 0x00100000, ABSOLUTE, COMPRESSED[0x0005294c])

    Execution Region ER_IROM1 (Base: 0x08000000, Size: 0x000528b8, Max: 0x00100000, ABSOLUTE)

    Base Addr    Size         Type   Attr      Idx    E Section Name        Object

    0x08000000   0x000001ac   Data   RO            3    RESET               startup_stm32f429_439xx.o
    0x080001ac   0x00000000   Code   RO         9584  * .ARM.Collect$$$$00000000  mc_w.l(entry.o)
    0x080001ac   0x00000004   Code   RO         9895    .ARM.Collect$$$$00000001  mc_w.l(entry2.o)
    0x080001b0   0x00000004   Code   RO         9898    .ARM.Collect$$$$00000004  mc_w.l(entry5.o)
    0x080001b4   0x00000000   Code   RO         9900    .ARM.Collect$$$$00000008  mc_w.l(entry7b.o)
    0x080001b4   0x00000000   Code   RO         9902    .ARM.Collect$$$$0000000A  mc_w.l(entry8b.o)
    0x080001b4   0x00000008   Code   RO         9903    .ARM.Collect$$$$0000000B  mc_w.l(entry9a.o)
    0x080001bc   0x00000000   Code   RO         9905    .ARM.Collect$$$$0000000D  mc_w.l(entry10a.o)
    0x080001bc   0x00000000   Code   RO         9907    .ARM.Collect$$$$0000000F  mc_w.l(entry11a.o)
    0x080001bc   0x00000004   Code   RO         9896    .ARM.Collect$$$$00002712  mc_w.l(entry2.o)
    0x080001c0   0x00000024   Code   RO            4    .text               startup_stm32f429_439xx.o
    0x080001e4   0x00000024   Code   RO         9587    .text               mc_w.l(memcpya.o)
    0x08000208   0x00000024   Code   RO         9589    .text               mc_w.l(memseta.o)
    0x0800022c   0x00000018   Code   RO         9591    .text               mc_w.l(strcat.o)
    0x08000244   0x0000001c   Code   RO         9593    .text               mc_w.l(strcmp.o)
    0x08000260   0x000000e4   Code   RO         9858    .text               mf_w.l(dmul.o)
    0x08000344   0x000000de   Code   RO         9860    .text               mf_w.l(ddiv.o)
    0x08000422   0x00000022   Code   RO         9862    .text               mf_w.l(dflti.o)
    0x08000444   0x0000001a   Code   RO         9864    .text               mf_w.l(dfltui.o)
    0x0800045e   0x00000032   Code   RO         9866    .text               mf_w.l(dfixui.o)
    0x08000490   0x00000026   Code   RO         9868    .text               mf_w.l(f2d.o)
    0x080004b6   0x00000002   PAD
    0x080004b8   0x00000030   Code   RO         9870    .text               mf_w.l(cdcmple.o)
    0x080004e8   0x00000030   Code   RO         9872    .text               mf_w.l(cdrcmple.o)
    0x08000518   0x00000038   Code   RO         9874    .text               mf_w.l(d2f.o)
    0x08000550   0x0000002c   Code   RO         9910    .text               mc_w.l(uidiv.o)
    0x0800057c   0x00000020   Code   RO         9914    .text               mc_w.l(llushr.o)
    0x0800059c   0x00000000   Code   RO         9923    .text               mc_w.l(iusefp.o)
    0x0800059c   0x0000006e   Code   RO         9924    .text               mf_w.l(fepilogue.o)
    0x0800060a   0x000000ba   Code   RO         9926    .text               mf_w.l(depilogue.o)
    0x080006c4   0x0000014e   Code   RO         9928    .text               mf_w.l(dadd.o)
    0x08000812   0x0000002e   Code   RO         9932    .text               mf_w.l(dscalb.o)
    0x08000840   0x000000a2   Code   RO         9934    .text               mf_w.l(dsqrt.o)
    0x080008e2   0x00000002   PAD
    0x080008e4   0x00000024   Code   RO         9938    .text               mc_w.l(init.o)
    0x08000908   0x0000001e   Code   RO         9940    .text               mc_w.l(llshl.o)
    0x08000926   0x00000024   Code   RO         9942    .text               mc_w.l(llsshr.o)
    0x0800094a   0x00000056   Code   RO         9952    .text               mc_w.l(__dczerorl2.o)
    0x080009a0   0x00000016   Code   RO          222    i.ADC_Cmd           stm32f4xx_adc.o
    0x080009b6   0x00000002   PAD
    0x080009b8   0x00000030   Code   RO          223    i.ADC_CommonInit    stm32f4xx_adc.o
    0x080009e8   0x00000016   Code   RO          226    i.ADC_DMACmd        stm32f4xx_adc.o
    0x080009fe   0x00000016   Code   RO          227    i.ADC_DMARequestAfterLastTransferCmd  stm32f4xx_adc.o
    0x08000a14   0x00000054   Code   RO          242    i.ADC_Init          stm32f4xx_adc.o
    0x08000a68   0x000000b8   Code   RO          247    i.ADC_RegularChannelConfig  stm32f4xx_adc.o
    0x08000b20   0x0000000a   Code   RO          249    i.ADC_SoftwareStartConv  stm32f4xx_adc.o
    0x08000b2a   0x00000002   PAD
    0x08000b2c   0x00000028   Code   RO         7578    i.AD_GPIO_Config    touch.o
    0x08000b54   0x00000010   Code   RO         6195    i.Ads1251_Int       ad7706.o
    0x08000b64   0x00000002   Code   RO         6231    i.All_LedOff        gpio.o
    0x08000b66   0x00000002   PAD
    0x08000b68   0x0000002c   Code   RO         8263    i.BSP_Delay         usb_bsp.o
    0x08000b94   0x0000006a   Code   RO         8264    i.BSP_SetTime       usb_bsp.o
    0x08000bfe   0x00000002   Code   RO         6232    i.Beep_Off          gpio.o
    0x08000c00   0x00000002   Code   RO         6233    i.Beep_On           gpio.o
    0x08000c02   0x00000002   PAD
    0x08000c04   0x00000044   Code   RO         5463    i.Beep_Out          user.o
    0x08000c48   0x00000004   Code   RO         5279    i.BusFault_Handler  stm32f4xx_it.o
    0x08000c4c   0x000000f4   Code   RO         7722    i.CH376_GPIO_Init   ch376.o
    0x08000d40   0x00000068   Code   RO         7426    i.CPLD_GPIO_Configuration  cpld.o
    0x08000da8   0x00000034   Code   RO         6234    i.Channel_Configuration  gpio.o
    0x08000ddc   0x000000c0   Code   RO         5989    i.Clear_Process     test.o
    0x08000e9c   0x00000002   Code   RO         6235    i.Close_Compled     gpio.o
    0x08000e9e   0x00000002   PAD
    0x08000ea0   0x00000164   Code   RO         5466    i.ComToSave         user.o
    0x08001004   0x00000016   Code   RO         1358    i.DMA2D_DeInit      stm32f4xx_dma2d.o
    0x0800101a   0x00000002   PAD
    0x0800101c   0x00000018   Code   RO         1363    i.DMA2D_GetFlagStatus  stm32f4xx_dma2d.o
    0x08001034   0x000000e4   Code   RO         1366    i.DMA2D_Init        stm32f4xx_dma2d.o
    0x08001118   0x00000014   Code   RO         1368    i.DMA2D_StartTransfer  stm32f4xx_dma2d.o
    0x0800112c   0x00000016   Code   RO         1222    i.DMA_Cmd           stm32f4xx_dma.o
    0x08001142   0x00000002   PAD
    0x08001144   0x00000058   Code   RO         1234    i.DMA_Init          stm32f4xx_dma.o
    0x0800119c   0x00000034   Code   RO         5468    i.Datacov           user.o
    0x080011d0   0x00000002   Code   RO         5280    i.DebugMon_Handler  stm32f4xx_it.o
    0x080011d2   0x00000044   Code   RO         5469    i.Debug_Set_Num     user.o
    0x08001216   0x00000044   Code   RO         5470    i.Debug_Set_Res     user.o
    0x0800125a   0x0000001a   Code   RO         5471    i.Debug_Valuedata   user.o
    0x08001274   0x00000080   Code   RO         5472    i.Debug_stanedcomp  user.o
    0x080012f4   0x00000840   Code   RO         5473    i.DispSet_value     user.o
    0x08001b34   0x0000000a   Code   RO         5474    i.Disp_Button_SysSet  user.o
    0x08001b3e   0x00000002   PAD
    0x08001b40   0x00000204   Code   RO         5476    i.Disp_Button_value1  user.o
    0x08001d44   0x00000054   Code   RO         5477    i.Disp_Debug_Reference  user.o
    0x08001d98   0x00000090   Code   RO         5478    i.Disp_Debug_value  user.o
    0x08001e28   0x00000074   Code   RO         5479    i.Disp_Fastbutton   user.o
    0x08001e9c   0x00000478   Code   RO         5481    i.Disp_NumKeyboard_Set  user.o
    0x08002314   0x0000005c   Code   RO         5482    i.Disp_Open         user.o
    0x08002370   0x00000034   Code   RO         6510    i.Disp_R_V          bsp_lcd.o
    0x080023a4   0x00000048   Code   RO         5483    i.Disp_Range        user.o
    0x080023ec   0x0000008e   Code   RO         5484    i.Disp_Set_CompNum  user.o
    0x0800247a   0x0000008e   Code   RO         5485    i.Disp_Set_Num      user.o
    0x08002508   0x0000009c   Code   RO         5486    i.Disp_Sys          user.o
    0x080025a4   0x0000008c   Code   RO         5488    i.Disp_Sys_Item     user.o
    0x08002630   0x0000000c   Code   RO         5489    i.Disp_Sys_Screen   user.o
    0x0800263c   0x00000570   Code   RO         5490    i.Disp_Sys_value    user.o
    0x08002bac   0x0000000c   Code   RO         5491    i.Disp_TestScreen   user.o
    0x08002bb8   0x0000000c   Code   RO         5492    i.Disp_TestSetScreen  user.o
    0x08002bc4   0x000000b8   Code   RO         5494    i.Disp_Test_Item    user.o
    0x08002c7c   0x000000c0   Code   RO         5495    i.Disp_Test_Set_Item  user.o
    0x08002d3c   0x00000448   Code   RO         5496    i.Disp_Test_value   user.o
    0x08003184   0x000001a8   Code   RO         5497    i.Disp_Testvalue    user.o
    0x0800332c   0x00000020   Code   RO         5498    i.Disp_TopBar_Color  user.o
    0x0800334c   0x00000050   Code   RO         6511    i.Disp_Usbflag      bsp_lcd.o
    0x0800339c   0x00000090   Code   RO         5499    i.Disp_UserCheck_Item  user.o
    0x0800342c   0x0000000c   Code   RO         5500    i.Disp_Usercheck_Screen  user.o
    0x08003438   0x00000030   Code   RO         5501    i.Disp_button_Num_Freq  user.o
    0x08003468   0x00000048   Code   RO         5502    i.Disp_button_Num_time  user.o
    0x080034b0   0x00000070   Code   RO         5503    i.Disp_dateandtime  user.o
    0x08003520   0x00000074   Code   RO         5281    i.EXTI3_IRQHandler  stm32f4xx_it.o
    0x08003594   0x0000000c   Code   RO         1485    i.EXTI_ClearITPendingBit  stm32f4xx_exti.o
    0x080035a0   0x00000018   Code   RO         1489    i.EXTI_GetITStatus  stm32f4xx_exti.o
    0x080035b8   0x00000094   Code   RO         1490    i.EXTI_Init         stm32f4xx_exti.o
    0x0800364c   0x00000048   Code   RO         1844    i.FMC_GetFlagStatus  stm32f4xx_fmc.o
    0x08003694   0x00000020   Code   RO         1861    i.FMC_SDRAMCmdConfig  stm32f4xx_fmc.o
    0x080036b4   0x00000144   Code   RO         1863    i.FMC_SDRAMInit     stm32f4xx_fmc.o
    0x080037f8   0x00000018   Code   RO         1867    i.FMC_SetRefreshCount  stm32f4xx_fmc.o
    0x08003810   0x000000b8   Code   RO         6238    i.GPIO_Configuration  gpio.o
    0x080038c8   0x00000090   Code   RO         2046    i.GPIO_Init         stm32f4xx_gpio.o
    0x08003958   0x00000046   Code   RO         2047    i.GPIO_PinAFConfig  stm32f4xx_gpio.o
    0x0800399e   0x00000012   Code   RO         2050    i.GPIO_ReadInputDataBit  stm32f4xx_gpio.o
    0x080039b0   0x00000004   Code   RO         2053    i.GPIO_ResetBits    stm32f4xx_gpio.o
    0x080039b4   0x00000004   Code   RO         2054    i.GPIO_SetBits      stm32f4xx_gpio.o
    0x080039b8   0x0000000a   Code   RO         8553    i.HCD_GetCurrentFrame  usb_hcd.o
    0x080039c2   0x00000014   Code   RO         8554    i.HCD_GetCurrentSpeed  usb_hcd.o
    0x080039d6   0x0000000a   Code   RO         8556    i.HCD_GetURB_State  usb_hcd.o
    0x080039e0   0x0000000c   Code   RO         8557    i.HCD_GetXferCnt    usb_hcd.o
    0x080039ec   0x00000008   Code   RO         8560    i.HCD_IsDeviceConnected  usb_hcd.o
    0x080039f4   0x0000000e   Code   RO         8561    i.HCD_ResetPort     usb_hcd.o
    0x08003a02   0x00000020   Code   RO         8562    i.HCD_SubmitRequest  usb_hcd.o
    0x08003a22   0x00000004   Code   RO         5282    i.HardFault_Handler  stm32f4xx_it.o
    0x08003a26   0x00000002   PAD
    0x08003a28   0x000000c4   Code   RO         5506    i.Hex_Format        user.o
    0x08003aec   0x00000024   Code   RO         5507    i.InitGlobalValue   user.o
    0x08003b10   0x00000068   Code   RO         7723    i.Init_CH376        ch376.o
    0x08003b78   0x0000011c   Code   RO         5508    i.Input_Set_Cov     user.o
    0x08003c94   0x00000064   Code   RO         5509    i.Jisuan_Range      user.o
    0x08003cf8   0x00000020   Code   RO         5510    i.Jisuan_V_Range    user.o
    0x08003d18   0x0000000a   Code   RO         6424    i.Key_Delay         keyboard.o
    0x08003d22   0x00000002   PAD
    0x08003d24   0x00000600   Code   RO         6426    i.Key_Identiry      keyboard.o
    0x08004324   0x00000020   Code   RO         6427    i.Key_Read          keyboard.o
    0x08004344   0x00000012   Code   RO         6428    i.Key_Read_WithTimeOut  keyboard.o
    0x08004356   0x00000002   PAD
    0x08004358   0x000000cc   Code   RO         6429    i.Key_Scan          keyboard.o
    0x08004424   0x00000014   Code   RO         6239    i.Key_beep          gpio.o
    0x08004438   0x00000098   Code   RO         6512    i.LCD429_PutPixel   bsp_lcd.o
    0x080044d0   0x00000068   Code   RO         6513    i.LCD_Clear         bsp_lcd.o
    0x08004538   0x000000a4   Code   RO         6519    i.LCD_DispString_EN_CH  bsp_lcd.o
    0x080045dc   0x00000040   Code   RO         6522    i.LCD_DisplayChar32  bsp_lcd.o
    0x0800461c   0x0000009c   Code   RO         6526    i.LCD_DrawChar      bsp_lcd.o
    0x080046b8   0x0000017c   Code   RO         6529    i.LCD_DrawCircle    bsp_lcd.o
    0x08004834   0x0000014c   Code   RO         6533    i.LCD_DrawFullRect  bsp_lcd.o
    0x08004980   0x00000108   Code   RO         6534    i.LCD_DrawLine      bsp_lcd.o
    0x08004a88   0x00000018   Code   RO         6536    i.LCD_DrawPoint     bsp_lcd.o
    0x08004aa0   0x0000001c   Code   RO         6539    i.LCD_Draw_Circle   bsp_lcd.o
    0x08004abc   0x000002e0   Code   RO         6542    i.LCD_GPIO_Config   bsp_lcd.o
    0x08004d9c   0x0000008a   Code   RO         6545    i.LCD_Init          bsp_lcd.o
    0x08004e26   0x00000002   PAD
    0x08004e28   0x0000009c   Code   RO         6546    i.LCD_LayerInit     bsp_lcd.o
    0x08004ec4   0x0000000c   Code   RO         6556    i.LCD_SetFont       bsp_lcd.o
    0x08004ed0   0x0000002c   Code   RO         6557    i.LCD_SetLayer      bsp_lcd.o
    0x08004efc   0x0000000c   Code   RO         6558    i.LCD_SetTextColor  bsp_lcd.o
    0x08004f08   0x00000030   Code   RO         6559    i.LCD_SetTransparency  bsp_lcd.o
    0x08004f38   0x0000008c   Code   RO         6562    i.LCD_ShowFontCN_32  bsp_lcd.o
    0x08004fc4   0x0000008c   Code   RO         6563    i.LCD_ShowFontCN_40_55  bsp_lcd.o
    0x08005050   0x00000024   Code   RO         2620    i.LTDC_Cmd          stm32f4xx_ltdc.o
    0x08005074   0x00000188   Code   RO         2631    i.LTDC_Init         stm32f4xx_ltdc.o
    0x080051fc   0x00000004   Code   RO         2634    i.LTDC_LayerAlpha   stm32f4xx_ltdc.o
    0x08005200   0x00000016   Code   RO         2635    i.LTDC_LayerCmd     stm32f4xx_ltdc.o
    0x08005216   0x00000114   Code   RO         2636    i.LTDC_LayerInit    stm32f4xx_ltdc.o
    0x0800532a   0x00000002   PAD
    0x0800532c   0x0000000c   Code   RO         2643    i.LTDC_ReloadConfig  stm32f4xx_ltdc.o
    0x08005338   0x00000002   Code   RO         6240    i.Led_Fail_On       gpio.o
    0x0800533a   0x00000002   Code   RO         6241    i.Led_GPIO_Configuration  gpio.o
    0x0800533c   0x00000002   Code   RO         6242    i.Led_Pass_On       gpio.o
    0x0800533e   0x00000002   Code   RO         6243    i.Lock_Off          gpio.o
    0x08005340   0x00000002   Code   RO         6244    i.Lock_On           gpio.o
    0x08005342   0x00000004   Code   RO         5283    i.MemManage_Handler  stm32f4xx_it.o
    0x08005346   0x00000002   Code   RO         5284    i.NMI_Handler       stm32f4xx_it.o
    0x08005348   0x00000078   Code   RO          164    i.NVIC_Init         misc.o
    0x080053c0   0x00000014   Code   RO          165    i.NVIC_PriorityGroupConfig  misc.o
    0x080053d4   0x00000010   Code   RO         5285    i.OTG_HS_IRQHandler  stm32f4xx_it.o
    0x080053e4   0x00000002   Code   RO         6245    i.Open_flag_Configuration  gpio.o
    0x080053e6   0x00000002   Code   RO         6246    i.PLC_GPIO_Configuration  gpio.o
    0x080053e8   0x0000000c   Code   RO         2813    i.PWR_BackupAccessCmd  stm32f4xx_pwr.o
    0x080053f4   0x00000344   Code   RO         5511    i.Parameter_valuecomp  user.o
    0x08005738   0x00000002   Code   RO         5286    i.PendSV_Handler    stm32f4xx_it.o
    0x0800573a   0x00000002   Code   RO         6247    i.Power_Off_led     gpio.o
    0x0800573c   0x00000002   Code   RO         6248    i.Power_On_led      gpio.o
    0x0800573e   0x00000002   PAD
    0x08005740   0x000001d8   Code   RO         5993    i.Power_Process     test.o
    0x08005918   0x00000020   Code   RO         2960    i.RCC_AHB1PeriphClockCmd  stm32f4xx_rcc.o
    0x08005938   0x00000020   Code   RO         2962    i.RCC_AHB1PeriphResetCmd  stm32f4xx_rcc.o
    0x08005958   0x00000020   Code   RO         2966    i.RCC_AHB3PeriphClockCmd  stm32f4xx_rcc.o
    0x08005978   0x00000020   Code   RO         2969    i.RCC_APB1PeriphClockCmd  stm32f4xx_rcc.o
    0x08005998   0x00000020   Code   RO         2972    i.RCC_APB2PeriphClockCmd  stm32f4xx_rcc.o
    0x080059b8   0x00000040   Code   RO         2982    i.RCC_GetFlagStatus  stm32f4xx_rcc.o
    0x080059f8   0x0000002c   Code   RO         2990    i.RCC_LSEConfig     stm32f4xx_rcc.o
    0x08005a24   0x00000018   Code   RO         2993    i.RCC_LTDCCLKDivConfig  stm32f4xx_rcc.o
    0x08005a3c   0x0000000c   Code   RO         3002    i.RCC_PLLSAICmd     stm32f4xx_rcc.o
    0x08005a48   0x00000018   Code   RO         3003    i.RCC_PLLSAIConfig  stm32f4xx_rcc.o
    0x08005a60   0x0000000c   Code   RO         3004    i.RCC_RTCCLKCmd     stm32f4xx_rcc.o
    0x08005a6c   0x0000003c   Code   RO         3005    i.RCC_RTCCLKConfig  stm32f4xx_rcc.o
    0x08005aa8   0x00000016   Code   RO         3367    i.RTC_Bcd2ToByte    stm32f4xx_rtc.o
    0x08005abe   0x0000001c   Code   RO         3369    i.RTC_ByteToBcd2    stm32f4xx_rtc.o
    0x08005ada   0x00000002   PAD
    0x08005adc   0x0000006c   Code   RO         7495    i.RTC_CLK_Config    bsp_rtc.o
    0x08005b48   0x0000001c   Code   RO         3372    i.RTC_ClearFlag     stm32f4xx_rtc.o
    0x08005b64   0x00000020   Code   RO         3373    i.RTC_ClearITPendingBit  stm32f4xx_rtc.o
    0x08005b84   0x00000050   Code   RO         3379    i.RTC_EnterInitMode  stm32f4xx_rtc.o
    0x08005bd4   0x00000014   Code   RO         3380    i.RTC_ExitInitMode  stm32f4xx_rtc.o
    0x08005be8   0x0000004c   Code   RO         3383    i.RTC_GetDate       stm32f4xx_rtc.o
    0x08005c34   0x00000028   Code   RO         3384    i.RTC_GetFlagStatus  stm32f4xx_rtc.o
    0x08005c5c   0x00000050   Code   RO         3388    i.RTC_GetTime       stm32f4xx_rtc.o
    0x08005cac   0x00000064   Code   RO         3392    i.RTC_ITConfig      stm32f4xx_rtc.o
    0x08005d10   0x00000064   Code   RO         3393    i.RTC_Init          stm32f4xx_rtc.o
    0x08005d74   0x00000020   Code   RO         3396    i.RTC_ReadBackupRegister  stm32f4xx_rtc.o
    0x08005d94   0x000000c8   Code   RO         3399    i.RTC_SetDate       stm32f4xx_rtc.o
    0x08005e5c   0x000000d0   Code   RO         3400    i.RTC_SetTime       stm32f4xx_rtc.o
    0x08005f2c   0x0000001c   Code   RO         3401    i.RTC_SetWakeUpCounter  stm32f4xx_rtc.o
    0x08005f48   0x00000072   Code   RO         7497    i.RTC_Set_WakeUp    bsp_rtc.o
    0x08005fba   0x00000050   Code   RO         7498    i.RTC_TimeAndDate_Set  bsp_rtc.o
    0x0800600a   0x00000002   PAD
    0x0800600c   0x00000028   Code   RO         7500    i.RTC_WKUP_IRQHandler  bsp_rtc.o
    0x08006034   0x00000060   Code   RO         3416    i.RTC_WaitForSynchro  stm32f4xx_rtc.o
    0x08006094   0x00000030   Code   RO         3417    i.RTC_WakeUpClockConfig  stm32f4xx_rtc.o
    0x080060c4   0x00000078   Code   RO         3418    i.RTC_WakeUpCmd     stm32f4xx_rtc.o
    0x0800613c   0x0000001c   Code   RO         3419    i.RTC_WriteBackupRegister  stm32f4xx_rtc.o
    0x08006158   0x000001a4   Code   RO         5512    i.R_Comp            user.o
    0x080062fc   0x00000188   Code   RO         5513    i.Range_Changecomp  user.o
    0x08006484   0x00000068   Code   RO         5514    i.Range_Control     user.o
    0x080064ec   0x00000020   Code   RO         5515    i.ReadBE32U         user.o
    0x0800650c   0x0000002a   Code   RO         6196    i.Read_Convert_read  ad7706.o
    0x08006536   0x00000002   PAD
    0x08006538   0x00000010   Code   RO         6251    i.Read_Openflag     gpio.o
    0x08006548   0x00000020   Code   RO         7462    i.Read_set_flash    flash_eerom.o
    0x08006568   0x000000ec   Code   RO         7579    i.Rheostat_ADC_Mode_Config  touch.o
    0x08006654   0x000003a8   Code   RO         7114    i.SDRAM_GPIO_Config  bsp_sdram.o
    0x080069fc   0x00000064   Code   RO         7115    i.SDRAM_Init        bsp_sdram.o
    0x08006a60   0x000000c8   Code   RO         7116    i.SDRAM_InitSequence  bsp_sdram.o
    0x08006b28   0x00000024   Code   RO         7120    i.SDRAM_delay       bsp_sdram.o
    0x08006b4c   0x00000018   Code   RO         4115    i.SPI_Cmd           stm32f4xx_spi.o
    0x08006b64   0x00000050   Code   RO         6993    i.SPI_FLASH_BufferRead  bsp_spi_flash.o
    0x08006bb4   0x00000122   Code   RO         6994    i.SPI_FLASH_BufferWrite  bsp_spi_flash.o
    0x08006cd6   0x00000002   PAD
    0x08006cd8   0x000000dc   Code   RO         6996    i.SPI_FLASH_Init    bsp_spi_flash.o
    0x08006db4   0x00000098   Code   RO         6997    i.SPI_FLASH_PageWrite  bsp_spi_flash.o
    0x08006e4c   0x00000040   Code   RO         7001    i.SPI_FLASH_SectorErase  bsp_spi_flash.o
    0x08006e8c   0x00000078   Code   RO         7002    i.SPI_FLASH_SendByte  bsp_spi_flash.o
    0x08006f04   0x00000054   Code   RO         7005    i.SPI_FLASH_WaitForWriteEnd  bsp_spi_flash.o
    0x08006f58   0x0000001c   Code   RO         7006    i.SPI_FLASH_WriteEnable  bsp_spi_flash.o
    0x08006f74   0x00000012   Code   RO         4123    i.SPI_I2S_GetFlagStatus  stm32f4xx_spi.o
    0x08006f86   0x00000006   Code   RO         4126    i.SPI_I2S_ReceiveData  stm32f4xx_spi.o
    0x08006f8c   0x00000004   Code   RO         4127    i.SPI_I2S_SendData  stm32f4xx_spi.o
    0x08006f90   0x0000003c   Code   RO         4128    i.SPI_Init          stm32f4xx_spi.o
    0x08006fcc   0x00000040   Code   RO         7009    i.SPI_TIMEOUT_UserCallback  bsp_spi_flash.o
    0x0800700c   0x00000006   Code   RO         7725    i.SPI_TIMEOUT_UserCallback  ch376.o
    0x08007012   0x00000002   PAD
    0x08007014   0x00000078   Code   RO         7726    i.SPIx_ReadWriteByte  ch376.o
    0x0800708c   0x00000002   Code   RO         5287    i.SVC_Handler       stm32f4xx_it.o
    0x0800708e   0x00000002   PAD
    0x08007090   0x00000020   Code   RO         6252    i.Select_V_I        gpio.o
    0x080070b0   0x00000020   Code   RO         7427    i.Send_To_Cpld      cpld.o
    0x080070d0   0x00000014   Code   RO         7213    i.Send_Uart3str     bsp_debug_usart.o
    0x080070e4   0x00000068   Code   RO         7428    i.Send_one_buff     cpld.o
    0x0800714c   0x0000000c   Code   RO         5421    i.SetSoftTimer      pbdata.o
    0x08007158   0x00000120   Code   RO           13    i.SetSysClock       system_stm32f4xx.o
    0x08007278   0x00000920   Code   RO         5994    i.Setup_Process     test.o
    0x08007b98   0x00000060   Code   RO         5517    i.Soft_Turnon       user.o
    0x08007bf8   0x0000010c   Code   RO         6197    i.SpiRxByte         ad7706.o
    0x08007d04   0x00000024   Code   RO         7463    i.Store_set_flash   flash_eerom.o
    0x08007d28   0x0000003c   Code   RO         5518    i.StrToint          user.o
    0x08007d64   0x00000008   Code   RO         5288    i.SysTick_Handler   stm32f4xx_it.o
    0x08007d6c   0x00000068   Code   RO         7332    i.SysTick_Init      bsp_systick.o
    0x08007dd4   0x0000017c   Code   RO         5995    i.Sys_Process       test.o
    0x08007f50   0x00000068   Code   RO           15    i.SystemInit        system_stm32f4xx.o
    0x08007fb8   0x00000008   Code   RO         5289    i.TIM2_IRQHandler   stm32f4xx_it.o
    0x08007fc0   0x0000000c   Code   RO         7171    i.TIM6_Configuration  bsp_basic_tim.o
    0x08007fcc   0x0000008c   Code   RO         5290    i.TIM6_DAC_IRQHandler  stm32f4xx_it.o
    0x08008058   0x0000002a   Code   RO         7172    i.TIM6_NVIC_Configuration  bsp_basic_tim.o
    0x08008082   0x00000018   Code   RO         4341    i.TIM_ARRPreloadConfig  stm32f4xx_tim.o
    0x0800809a   0x00000006   Code   RO         4347    i.TIM_ClearFlag     stm32f4xx_tim.o
    0x080080a0   0x00000006   Code   RO         4348    i.TIM_ClearITPendingBit  stm32f4xx_tim.o
    0x080080a6   0x00000018   Code   RO         4353    i.TIM_Cmd           stm32f4xx_tim.o
    0x080080be   0x00000022   Code   RO         4374    i.TIM_GetITStatus   stm32f4xx_tim.o
    0x080080e0   0x00000012   Code   RO         4378    i.TIM_ITConfig      stm32f4xx_tim.o
    0x080080f2   0x00000002   PAD
    0x080080f4   0x00000040   Code   RO         7173    i.TIM_Mode_Config   bsp_basic_tim.o
    0x08008134   0x00000012   Code   RO         4385    i.TIM_OC1PreloadConfig  stm32f4xx_tim.o
    0x08008146   0x00000002   PAD
    0x08008148   0x000000a0   Code   RO         4392    i.TIM_OC3Init       stm32f4xx_tim.o
    0x080081e8   0x000000a0   Code   RO         7174    i.TIM_PWMOUTPUT_Config  bsp_basic_tim.o
    0x08008288   0x00000084   Code   RO         4425    i.TIM_TimeBaseInit  stm32f4xx_tim.o
    0x0800830c   0x0000000a   Code   RO         7580    i.TP_Adj_Info_Show  touch.o
    0x08008316   0x00000002   PAD
    0x08008318   0x000006dc   Code   RO         7581    i.TP_Adjust         touch.o
    0x080089f4   0x00000068   Code   RO         7583    i.TP_Drow_Touch_Point  touch.o
    0x08008a5c   0x0000007c   Code   RO         7584    i.TP_Get_Adjdata    touch.o
    0x08008ad8   0x00000030   Code   RO         7585    i.TP_Init           touch.o
    0x08008b08   0x00000030   Code   RO         7586    i.TP_Read_AD        touch.o
    0x08008b38   0x00000072   Code   RO         7587    i.TP_Read_XOY       touch.o
    0x08008baa   0x00000002   PAD
    0x08008bac   0x0000003c   Code   RO         7588    i.TP_Read_XY        touch.o
    0x08008be8   0x000000c0   Code   RO         7589    i.TP_Read_XY2       touch.o
    0x08008ca8   0x0000005c   Code   RO         7590    i.TP_Save_Adjdata   touch.o
    0x08008d04   0x00000128   Code   RO         7591    i.TP_Scan           touch.o
    0x08008e2c   0x0000005c   Code   RO         5520    i.Test_Debug        user.o
    0x08008e88   0x00001008   Code   RO         5996    i.Test_Process      test.o
    0x08009e90   0x00000244   Code   RO         5521    i.Time_Set_Cov      user.o
    0x0800a0d4   0x00000018   Code   RO         7333    i.TimingDelay_Decrement  bsp_systick.o
    0x0800a0ec   0x0000008c   Code   RO         7592    i.Touch_GPIO_Config  touch.o
    0x0800a178   0x00000006   Code   RO         6431    i.Touch_Identiry    keyboard.o
    0x0800a17e   0x00000002   Code   RO         6253    i.Trip_Off          gpio.o
    0x0800a180   0x00000002   Code   RO         6254    i.Trip_On           gpio.o
    0x0800a182   0x00000002   Code   RO         6255    i.Turnoff_Led       gpio.o
    0x0800a184   0x00000002   Code   RO         6256    i.Turnon_Led        gpio.o
    0x0800a186   0x00000002   PAD
    0x0800a188   0x000000bc   Code   RO         5291    i.USART3_IRQHandler  stm32f4xx_it.o
    0x0800a244   0x00000012   Code   RO         4903    i.USART_ClearFlag   stm32f4xx_usart.o
    0x0800a256   0x0000001a   Code   RO         4910    i.USART_GetFlagStatus  stm32f4xx_usart.o
    0x0800a270   0x0000000a   Code   RO         4921    i.USART_ReceiveData  stm32f4xx_usart.o
    0x0800a27a   0x00000008   Code   RO         4924    i.USART_SendData    stm32f4xx_usart.o
    0x0800a282   0x00000026   Code   RO         8904    i.USBH_Alloc_Channel  usbh_hcs.o
    0x0800a2a8   0x00000060   Code   RO         8957    i.USBH_BulkReceiveData  usbh_ioreq.o
    0x0800a308   0x0000005e   Code   RO         8958    i.USBH_BulkSendData  usbh_ioreq.o
    0x0800a366   0x0000004c   Code   RO         9040    i.USBH_ClrFeature   usbh_stdreq.o
    0x0800a3b2   0x0000000c   Code   RO         8824    i.USBH_Connected    usbh_core.o
    0x0800a3be   0x00000046   Code   RO         8959    i.USBH_CtlReceiveData  usbh_ioreq.o
    0x0800a404   0x00000064   Code   RO         8960    i.USBH_CtlReq       usbh_ioreq.o
    0x0800a468   0x0000006e   Code   RO         8961    i.USBH_CtlSendData  usbh_ioreq.o
    0x0800a4d6   0x00000042   Code   RO         8962    i.USBH_CtlSendSetup  usbh_ioreq.o
    0x0800a518   0x0000001c   Code   RO         8905    i.USBH_DeAllocate_AllChannel  usbh_hcs.o
    0x0800a534   0x0000003a   Code   RO         8825    i.USBH_DeInit       usbh_core.o
    0x0800a56e   0x0000000c   Code   RO         8826    i.USBH_Disconnected  usbh_core.o
    0x0800a57a   0x0000002e   Code   RO         8827    i.USBH_ErrorHandle  usbh_core.o
    0x0800a5a8   0x0000001e   Code   RO         8906    i.USBH_Free_Channel  usbh_hcs.o
    0x0800a5c6   0x00000044   Code   RO         9041    i.USBH_GetDescriptor  usbh_stdreq.o
    0x0800a60a   0x00000028   Code   RO         8907    i.USBH_GetFreeChannel  usbh_hcs.o
    0x0800a632   0x00000012   Code   RO         9042    i.USBH_GetNextDesc  usbh_stdreq.o
    0x0800a644   0x0000005c   Code   RO         9043    i.USBH_Get_CfgDesc  usbh_stdreq.o
    0x0800a6a0   0x00000038   Code   RO         9044    i.USBH_Get_DevDesc  usbh_stdreq.o
    0x0800a6d8   0x0000003c   Code   RO         9045    i.USBH_Get_StringDesc  usbh_stdreq.o
    0x0800a714   0x00000224   Code   RO         8828    i.USBH_HandleControl  usbh_core.o
    0x0800a938   0x000001dc   Code   RO         8829    i.USBH_HandleEnum   usbh_core.o
    0x0800ab14   0x00000060   Code   RO         9144    i.USBH_MSC_BOT_Abort  usbh_msc_bot.o
    0x0800ab74   0x00000080   Code   RO         9145    i.USBH_MSC_DecodeCSW  usbh_msc_bot.o
    0x0800abf4   0x00000350   Code   RO         9146    i.USBH_MSC_HandleBOTXfer  usbh_msc_bot.o
    0x0800af44   0x00000100   Code   RO         9255    i.USBH_MSC_Read10   usbh_msc_scsi.o
    0x0800b044   0x000000e4   Code   RO         9259    i.USBH_MSC_Write10  usbh_msc_scsi.o
    0x0800b128   0x00000064   Code   RO         8908    i.USBH_Modify_Channel  usbh_hcs.o
    0x0800b18c   0x000000a8   Code   RO         8479    i.USBH_OTG_ISR_Handler  usb_hcd_int.o
    0x0800b234   0x0000009a   Code   RO         8909    i.USBH_Open_Channel  usbh_hcs.o
    0x0800b2ce   0x00000002   PAD
    0x0800b2d0   0x0000011c   Code   RO         9046    i.USBH_ParseCfgDesc  usbh_stdreq.o
    0x0800b3ec   0x00000058   Code   RO         9047    i.USBH_ParseDevDesc  usbh_stdreq.o
    0x0800b444   0x00000020   Code   RO         9048    i.USBH_ParseEPDesc  usbh_stdreq.o
    0x0800b464   0x00000026   Code   RO         9049    i.USBH_ParseInterfaceDesc  usbh_stdreq.o
    0x0800b48a   0x00000036   Code   RO         9050    i.USBH_ParseStringDesc  usbh_stdreq.o
    0x0800b4c0   0x00000198   Code   RO         8831    i.USBH_Process      usbh_core.o
    0x0800b658   0x00000006   Code   RO         8832    i.USBH_SOF          usbh_core.o
    0x0800b65e   0x00000026   Code   RO         9051    i.USBH_SetAddress   usbh_stdreq.o
    0x0800b684   0x00000026   Code   RO         9052    i.USBH_SetCfg       usbh_stdreq.o
    0x0800b6aa   0x00000018   Code   RO         8967    i.USBH_SubmitSetupRequest  usbh_ioreq.o
    0x0800b6c2   0x00000002   PAD
    0x0800b6c4   0x00000038   Code   RO         8270    i.USB_OTG_BSP_TimerIRQ  usb_bsp.o
    0x0800b6fc   0x0000000e   Code   RO         8271    i.USB_OTG_BSP_mDelay  usb_bsp.o
    0x0800b70a   0x0000000c   Code   RO         8644    i.USB_OTG_GetMode   usb_core.o
    0x0800b716   0x0000005a   Code   RO         8645    i.USB_OTG_HC_DoPing  usb_core.o
    0x0800b770   0x00000082   Code   RO         8646    i.USB_OTG_HC_Halt   usb_core.o
    0x0800b7f2   0x00000238   Code   RO         8647    i.USB_OTG_HC_Init   usb_core.o
    0x0800ba2a   0x000001f6   Code   RO         8648    i.USB_OTG_HC_StartXfer  usb_core.o
    0x0800bc20   0x00000018   Code   RO         8649    i.USB_OTG_InitFSLSPClkSel  usb_core.o
    0x0800bc38   0x00000010   Code   RO         8651    i.USB_OTG_IsEvenFrame  usb_core.o
    0x0800bc48   0x00000014   Code   RO         8652    i.USB_OTG_IsHostMode  usb_core.o
    0x0800bc5c   0x00000010   Code   RO         8653    i.USB_OTG_ReadCoreItr  usb_core.o
    0x0800bc6c   0x00000030   Code   RO         8654    i.USB_OTG_ReadHPRT0  usb_core.o
    0x0800bc9c   0x00000008   Code   RO         8655    i.USB_OTG_ReadHostAllChannels_intr  usb_core.o
    0x0800bca4   0x00000028   Code   RO         8657    i.USB_OTG_ReadPacket  usb_core.o
    0x0800bccc   0x00000040   Code   RO         8658    i.USB_OTG_ResetPort  usb_core.o
    0x0800bd0c   0x0000002c   Code   RO         8480    i.USB_OTG_USBH_handle_Disconnect_ISR  usb_hcd_int.o
    0x0800bd38   0x00000046   Code   RO         8481    i.USB_OTG_USBH_handle_IncompletePeriodicXfer_ISR  usb_hcd_int.o
    0x0800bd7e   0x00000056   Code   RO         8482    i.USB_OTG_USBH_handle_hc_ISR  usb_hcd_int.o
    0x0800bdd4   0x0000042a   Code   RO         8483    i.USB_OTG_USBH_handle_hc_n_In_ISR  usb_hcd_int.o
    0x0800c1fe   0x000003d0   Code   RO         8484    i.USB_OTG_USBH_handle_hc_n_Out_ISR  usb_hcd_int.o
    0x0800c5ce   0x0000012e   Code   RO         8485    i.USB_OTG_USBH_handle_nptxfempty_ISR  usb_hcd_int.o
    0x0800c6fc   0x00000120   Code   RO         8486    i.USB_OTG_USBH_handle_port_ISR  usb_hcd_int.o
    0x0800c81c   0x0000012e   Code   RO         8487    i.USB_OTG_USBH_handle_ptxfempty_ISR  usb_hcd_int.o
    0x0800c94a   0x00000164   Code   RO         8488    i.USB_OTG_USBH_handle_rx_qlvl_ISR  usb_hcd_int.o
    0x0800caae   0x00000002   PAD
    0x0800cab0   0x0000002c   Code   RO         8489    i.USB_OTG_USBH_handle_sof_ISR  usb_hcd_int.o
    0x0800cadc   0x00000040   Code   RO         8662    i.USB_OTG_WritePacket  usb_core.o
    0x0800cb1c   0x000000a8   Code   RO         5522    i.Uart_Process      user.o
    0x0800cbc4   0x00000004   Code   RO         5292    i.UsageFault_Handler  stm32f4xx_it.o
    0x0800cbc8   0x0000001e   Code   RO         7214    i.Usart_SendByte    bsp_debug_usart.o
    0x0800cbe6   0x00000032   Code   RO         7215    i.Usart_SendString  bsp_debug_usart.o
    0x0800cc18   0x00000458   Code   RO         5997    i.Use_DebugProcess  test.o
    0x0800d070   0x0000064c   Code   RO         5998    i.Use_SysSetProcess  test.o
    0x0800d6bc   0x000000f8   Code   RO         5523    i.VRange_Changecomp  user.o
    0x0800d7b4   0x00000094   Code   RO         5524    i.V_Comp            user.o
    0x0800d848   0x00000030   Code   RO         5525    i.V_Datacov         user.o
    0x0800d878   0x00000038   Code   RO         6257    i.V_I_Select_Configuration  gpio.o
    0x0800d8b0   0x00000020   Code   RO         6258    i.V_I_amp           gpio.o
    0x0800d8d0   0x0000001c   Code   RO         5526    i.V_Range_Control   user.o
    0x0800d8ec   0x00000016   Code   RO         6571    i.WriteString_16    bsp_lcd.o
    0x0800d902   0x00000002   PAD
    0x0800d904   0x000000bc   Code   RO         6572    i.WriteString_Big   bsp_lcd.o
    0x0800d9c0   0x00000020   Code   RO         9752    i.__0printf$6       mc_w.l(printf6.o)
    0x0800d9e0   0x00000028   Code   RO         9754    i.__0sprintf$6      mc_w.l(printf6.o)
    0x0800da08   0x00000030   Code   RO         9890    i.__ARM_fpclassify  m_wm.l(fpclassify.o)
    0x0800da38   0x00000014   Code   RO         9552    i.__hardfp_fabs     m_wm.l(fabs.o)
    0x0800da4c   0x00000004   PAD
    0x0800da50   0x00000c50   Code   RO         9558    i.__hardfp_pow      m_wm.l(pow.o)
    0x0800e6a0   0x0000007a   Code   RO         9572    i.__hardfp_sqrt     m_wm.l(sqrt.o)
    0x0800e71a   0x000000f8   Code   RO         9892    i.__kernel_poly     m_wm.l(poly.o)
    0x0800e812   0x00000006   PAD
    0x0800e818   0x00000030   Code   RO         9876    i.__mathlib_dbl_divzero  m_wm.l(dunder.o)
    0x0800e848   0x00000014   Code   RO         9878    i.__mathlib_dbl_infnan2  m_wm.l(dunder.o)
    0x0800e85c   0x00000004   PAD
    0x0800e860   0x00000020   Code   RO         9879    i.__mathlib_dbl_invalid  m_wm.l(dunder.o)
    0x0800e880   0x00000020   Code   RO         9880    i.__mathlib_dbl_overflow  m_wm.l(dunder.o)
    0x0800e8a0   0x00000020   Code   RO         9882    i.__mathlib_dbl_underflow  m_wm.l(dunder.o)
    0x0800e8c0   0x0000000e   Code   RO         9946    i.__scatterload_copy  mc_w.l(handlers.o)
    0x0800e8ce   0x00000002   Code   RO         9947    i.__scatterload_null  mc_w.l(handlers.o)
    0x0800e8d0   0x0000000e   Code   RO         9948    i.__scatterload_zeroinit  mc_w.l(handlers.o)
    0x0800e8de   0x00000002   PAD
    0x0800e8e0   0x0000000c   Code   RO         9918    i.__set_errno       mc_w.l(errno.o)
    0x0800e8ec   0x000002f0   Code   RO         9759    i._printf_core      mc_w.l(printf6.o)
    0x0800ebdc   0x00000024   Code   RO         9760    i._printf_post_padding  mc_w.l(printf6.o)
    0x0800ec00   0x0000002e   Code   RO         9761    i._printf_pre_padding  mc_w.l(printf6.o)
    0x0800ec2e   0x0000000a   Code   RO         9763    i._sputc            mc_w.l(printf6.o)
    0x0800ec38   0x0000004e   Code   RO         5528    i.bubble_sort_better  user.o
    0x0800ec86   0x00000002   PAD
    0x0800ec88   0x00000090   Code   RO         7891    i.check_fs          ff.o
    0x0800ed18   0x00000014   Code   RO         7892    i.chk_chr           ff.o
    0x0800ed2c   0x0000001a   Code   RO         7893    i.clust2sect        ff.o
    0x0800ed46   0x00000002   PAD
    0x0800ed48   0x00000090   Code   RO         7894    i.cmp_lfn           ff.o
    0x0800edd8   0x000000d6   Code   RO         7895    i.create_chain      ff.o
    0x0800eeae   0x00000002   PAD
    0x0800eeb0   0x00000270   Code   RO         7896    i.create_name       ff.o
    0x0800f120   0x0000000a   Code   RO         5422    i.delay             pbdata.o
    0x0800f12a   0x00000036   Code   RO         7335    i.delay_1us         bsp_systick.o
    0x0800f160   0x0000000a   Code   RO         7336    i.delay_us          bsp_systick.o
    0x0800f16a   0x0000005c   Code   RO         7897    i.dir_alloc         ff.o
    0x0800f1c6   0x000000ea   Code   RO         7898    i.dir_find          ff.o
    0x0800f2b0   0x0000013c   Code   RO         7899    i.dir_next          ff.o
    0x0800f3ec   0x0000012a   Code   RO         7901    i.dir_register      ff.o
    0x0800f516   0x000000c8   Code   RO         7903    i.dir_sdi           ff.o
    0x0800f5de   0x00000002   PAD
    0x0800f5e0   0x0000001c   Code   RO         7810    i.disk_initialize   diskio.o
    0x0800f5fc   0x00000044   Code   RO         7811    i.disk_ioctl        diskio.o
    0x0800f640   0x00000074   Code   RO         7812    i.disk_read         diskio.o
    0x0800f6b4   0x00000008   Code   RO         7813    i.disk_status       diskio.o
    0x0800f6bc   0x00000054   Code   RO         7814    i.disk_write        diskio.o
    0x0800f710   0x00000020   Code   RO         7905    i.f_close           ff.o
    0x0800f730   0x0000019a   Code   RO         7910    i.f_lseek           ff.o
    0x0800f8ca   0x00000166   Code   RO         7911    i.f_mkdir           ff.o
    0x0800fa30   0x0000005c   Code   RO         7913    i.f_mount           ff.o
    0x0800fa8c   0x0000016a   Code   RO         7914    i.f_open            ff.o
    0x0800fbf6   0x000000b0   Code   RO         7924    i.f_sync            ff.o
    0x0800fca6   0x0000020c   Code   RO         7928    i.f_write           ff.o
    0x0800feb2   0x00000018   Code   RO         9554    i.fabs              m_wm.l(fabs.o)
    0x0800feca   0x00000002   PAD
    0x0800fecc   0x0000007c   Code   RO         8231    i.ff_convert        cc936.o
    0x0800ff48   0x00000038   Code   RO         8232    i.ff_wtoupper       cc936.o
    0x0800ff80   0x00000040   Code   RO         6575    i.findHzIndex_32    bsp_lcd.o
    0x0800ffc0   0x000003c8   Code   RO         7929    i.find_volume       ff.o
    0x08010388   0x00000080   Code   RO         7930    i.fit_lfn           ff.o
    0x08010408   0x00000090   Code   RO         7931    i.follow_path       ff.o
    0x08010498   0x00000024   Code   RO         7217    i.fputc             bsp_debug_usart.o
    0x080104bc   0x000000c8   Code   RO         7932    i.gen_numname       ff.o
    0x08010584   0x0000013e   Code   RO         7933    i.get_fat           ff.o
    0x080106c2   0x00000044   Code   RO         7815    i.get_fattime       diskio.o
    0x08010706   0x0000004a   Code   RO         7935    i.get_ldnumber      ff.o
    0x08010750   0x00000268   Code   RO         5529    i.input_num         user.o
    0x080109b8   0x00000300   Code   RO         5530    i.input_password    user.o
    0x08010cb8   0x00000020   Code   RO         7936    i.ld_clust          ff.o
    0x08010cd8   0x00000094   Code   RO         5161    i.main              main.o
    0x08010d6c   0x00000026   Code   RO         7937    i.mem_cmp           ff.o
    0x08010d92   0x0000001a   Code   RO         7938    i.mem_cpy           ff.o
    0x08010dac   0x00000014   Code   RO         7939    i.mem_set           ff.o
    0x08010dc0   0x00000034   Code   RO         7940    i.move_window       ff.o
    0x08010df4   0x00000188   Code   RO         7942    i.put_fat           ff.o
    0x08010f7c   0x000000cc   Code   RO         5536    i.read_adI_4        user.o
    0x08011048   0x0000003c   Code   RO         5537    i.read_adI_one      user.o
    0x08011084   0x000000d4   Code   RO         5541    i.read_adV_4        user.o
    0x08011158   0x0000003c   Code   RO         5542    i.read_adV_one      user.o
    0x08011194   0x00000050   Code   RO         6259    i.read_cpld         gpio.o
    0x080111e4   0x0000006c   Code   RO         7944    i.remove_chain      ff.o
    0x08011250   0x00000034   Code   RO         6000    i.set_mid           test.o
    0x08011284   0x00000034   Code   RO         7594    i.set_xx            touch.o
    0x080112b8   0x00000034   Code   RO         7595    i.set_yy            touch.o
    0x080112ec   0x00000034   Code   RO         7596    i.set_yz            touch.o
    0x08011320   0x0000006e   Code   RO         9574    i.sqrt              m_wm.l(sqrt.o)
    0x0801138e   0x00000010   Code   RO         7945    i.st_clust          ff.o
    0x0801139e   0x00000020   Code   RO         7946    i.sum_sfn           ff.o
    0x080113be   0x000000c8   Code   RO         7947    i.sync_fs           ff.o
    0x08011486   0x00000052   Code   RO         7948    i.sync_window       ff.o
    0x080114d8   0x00000036   Code   RO         7949    i.validate          ff.o
    0x0801150e   0x00000002   PAD
    0x08011510   0x0000000c   Code   RO         7729    i.xEndCH376Cmd      ch376.o
    0x0801151c   0x00000014   Code   RO         7730    i.xReadCH376Data    ch376.o
    0x08011530   0x0000002c   Code   RO         7731    i.xWriteCH376Cmd    ch376.o
    0x0801155c   0x00000012   Code   RO         7732    i.xWriteCH376Data   ch376.o
    0x0801156e   0x00000002   PAD
    0x08011570   0x00000ca6   Data   RO         5543    .constdata          user.o
    0x08012216   0x00008bea   Data   RO         6578    .constdata          bsp_lcd.o
    0x0801ae00   0x0000cd06   Data   RO         6950    .constdata          fonts.o
    0x08027b06   0x0000003a   Data   RO         7951    .constdata          ff.o
    0x08027b40   0x0002acc8   Data   RO         8233    .constdata          cc936.o
    0x08052808   0x00000088   Data   RO         9561    .constdata          m_wm.l(pow.o)
    0x08052890   0x00000008   Data   RO         9894    .constdata          m_wm.l(qnan.o)
    0x08052898   0x00000020   Data   RO         9944    Region$$Table       anon$$obj.o


    Execution Region RW_IRAM1 (Base: 0x20000000, Size: 0x00008038, Max: 0x00030000, ABSOLUTE, COMPRESSED[0x00000094])

    Base Addr    Size         Type   Attr      Idx    E Section Name        Object

    0x20000000   0x00000014   Data   RW           16    .data               system_stm32f4xx.o
    0x20000014   0x00000001   Data   RW         5293    .data               stm32f4xx_it.o
    0x20000015   0x00000003   PAD
    0x20000018   0x0000006a   Data   RW         5425    .data               pbdata.o
    0x20000082   0x00000002   PAD
    0x20000084   0x0000007d   Data   RW         5544    .data               user.o
    0x20000101   0x00000003   Data   RW         6005    .data               test.o
    0x20000104   0x00000006   Data   RW         6434    .data               keyboard.o
    0x2000010a   0x00000002   PAD
    0x2000010c   0x0000001c   Data   RW         6579    .data               bsp_lcd.o
    0x20000128   0x00000029   Data   RW         6951    .data               fonts.o
    0x20000151   0x00000003   PAD
    0x20000154   0x00000004   Data   RW         7010    .data               bsp_spi_flash.o
    0x20000158   0x00000004   Data   RW         7337    .data               bsp_systick.o
    0x2000015c   0x0000003e   Data   RW         7599    .data               touch.o
    0x2000019a   0x00000002   PAD
    0x2000019c   0x00000004   Data   RW         7733    .data               ch376.o
    0x200001a0   0x00000002   Data   RW         7952    .data               ff.o
    0x200001a2   0x00000002   PAD
    0x200001a4   0x00000008   Data   RW         8273    .data               usb_bsp.o
    0x200001ac   0x00000012   Data   RW         8833    .data               usbh_core.o
    0x200001be   0x00000003   Data   RW         9055    .data               usbh_stdreq.o
    0x200001c1   0x00000003   PAD
    0x200001c4   0x00000011   Data   RW         9149    .data               usbh_msc_bot.o
    0x200001d5   0x00000001   Data   RW         9261    .data               usbh_msc_scsi.o
    0x200001d6   0x00000002   PAD
    0x200001d8   0x00000004   Data   RW         9909    .data               mc_w.l(stdout.o)
    0x200001dc   0x00000004   Data   RW         9919    .data               mc_w.l(errno.o)
    0x200001e0   0x00000f6b   Zero   RW         5423    .bss                pbdata.o
    0x2000114b   0x00000001   PAD
    0x2000114c   0x00002054   Zero   RW         6004    .bss                test.o
    0x200031a0   0x0000000c   Zero   RW         7950    .bss                ff.o
    0x200031ac   0x00000630   Zero   RW         8359    .bss                usbh_usr.o
    0x200037dc   0x00000200   Zero   RW         9054    .bss                usbh_stdreq.o
    0x200039dc   0x00000040   Zero   RW         9148    .bss                usbh_msc_bot.o
    0x20003a1c   0x0000020a   Zero   RW         9200    .bss                usbh_msc_core.o
    0x20003c26   0x00000002   PAD
    0x20003c28   0x00000410   Zero   RW         9260    .bss                usbh_msc_scsi.o
    0x20004038   0x00004000   Zero   RW            1    STACK               startup_stm32f429_439xx.o


==============================================================================

Image component sizes


      Code (inc. data)   RO Data    RW Data    ZI Data      Debug   Object Name

       326          8          0          0          0       1798   ad7706.o
       278         16          0          0          0       2384   bsp_basic_tim.o
       136         10          0          0          0       2892   bsp_debug_usart.o
      3500        208      35818         28          0      26745   bsp_lcd.o
       342         32          0          0          0       2422   bsp_rtc.o
      1272         30          0          0          0       3197   bsp_sdram.o
      1102        148          0          4          0       6851   bsp_spi_flash.o
       192         22          0          4          0      29345   bsp_systick.o
       180         18     175304          0          0       2559   cc936.o
       568         42          0          4          0       5347   ch376.o
       240         22          0          0          0       2197   cpld.o
       372         32          0          0          0      15692   diskio.o
      7150         64         58          2         12      34506   ff.o
        68         14          0          0          0       1355   flash_eerom.o
         0          0      52486         41          0       2854   fonts.o
       506         50          0          0          0      12176   gpio.o
      1806         54          0          6          0       7899   keyboard.o
       148         18          0          0          0      15669   main.o
       140         24          0          0          0       1767   misc.o
        22          6          0        106       3947      14759   pbdata.o
        36          8        428          0      16384        976   startup_stm32f429_439xx.o
       392         24          0          0          0       6047   stm32f4xx_adc.o
       110          6          0          0          0       2585   stm32f4xx_dma.o
       294         20          0          0          0       3180   stm32f4xx_dma2d.o
       184         16          0          0          0       2392   stm32f4xx_exti.o
       452         20          0          0          0       3851   stm32f4xx_fmc.o
       240          0          0          0          0       3943   stm32f4xx_gpio.o
       500         64          0          1          0      50408   stm32f4xx_it.o
       742         26          0          0          0       4662   stm32f4xx_ltdc.o
        12          6          0          0          0        594   stm32f4xx_pwr.o
       400         72          0          0          0       7778   stm32f4xx_rcc.o
      1366        104          0          0          0      14136   stm32f4xx_rtc.o
       112          0          0          0          0       3910   stm32f4xx_spi.o
       422         38          0          0          0       6826   stm32f4xx_tim.o
        62          0          0          0          0       3357   stm32f4xx_usart.o
       392         32          0         20          0     360129   system_stm32f4xx.o
     10260       1028          0          3       8276      40242   test.o
      3416        198          0         62          0      14778   touch.o
       220         12          0          8          0       2889   usb_bsp.o
      1602          0          0          0          0      10930   usb_core.o
       106          0          0          0          0       4880   usb_hcd.o
      3702         16          0          0          0      10983   usb_hcd_int.o
      1566         42          0         18          0       8813   usbh_core.o
       390          0          0          0          0       4940   usbh_hcs.o
       560          0          0          0          0       6014   usbh_ioreq.o
      1072         76          0         17         64       6449   usbh_msc_bot.o
         0          0          0          0        522       1226   usbh_msc_core.o
       484         24          0          1       1040       4275   usbh_msc_scsi.o
       942         14          0          3        512      11137   usbh_stdreq.o
         0          0          0          0       1584       1724   usbh_usr.o
     15278       1488       3238        125          0      86256   user.o

    ----------------------------------------------------------------------
     63732       4152     267364        472      32344     882724   Object Totals
         0          0         32          0          0          0   (incl. Generated)
        70          0          0         19          3          0   (incl. Padding)

    ----------------------------------------------------------------------

      Code (inc. data)   RO Data    RW Data    ZI Data      Debug   Library Member Name

       164         44          0          0          0        620   dunder.o
        44          0          0          0          0        248   fabs.o
        48          0          0          0          0        124   fpclassify.o
       248          0          0          0          0        152   poly.o
      3152        296        136          0          0        352   pow.o
         0          0          8          0          0          0   qnan.o
       232          0          0          0          0        296   sqrt.o
        86          0          0          0          0          0   __dczerorl2.o
         0          0          0          0          0          0   entry.o
         0          0          0          0          0          0   entry10a.o
         0          0          0          0          0          0   entry11a.o
         8          4          0          0          0          0   entry2.o
         4          0          0          0          0          0   entry5.o
         0          0          0          0          0          0   entry7b.o
         0          0          0          0          0          0   entry8b.o
         8          4          0          0          0          0   entry9a.o
        12          6          0          4          0         68   errno.o
        30          0          0          0          0          0   handlers.o
        36          8          0          0          0         68   init.o
         0          0          0          0          0          0   iusefp.o
        30          0          0          0          0         68   llshl.o
        36          0          0          0          0         68   llsshr.o
        32          0          0          0          0         68   llushr.o
        36          0          0          0          0         68   memcpya.o
        36          0          0          0          0        108   memseta.o
       916         20          0          0          0        504   printf6.o
         0          0          0          4          0          0   stdout.o
        24          0          0          0          0         68   strcat.o
        28          0          0          0          0         76   strcmp.o
        44          0          0          0          0         80   uidiv.o
        48          0          0          0          0         68   cdcmple.o
        48          0          0          0          0         68   cdrcmple.o
        56          0          0          0          0         88   d2f.o
       334          0          0          0          0        148   dadd.o
       222          0          0          0          0        100   ddiv.o
       186          0          0          0          0        176   depilogue.o
        50          0          0          0          0         76   dfixui.o
        34          0          0          0          0         76   dflti.o
        26          0          0          0          0         76   dfltui.o
       228          0          0          0          0         96   dmul.o
        46          0          0          0          0         80   dscalb.o
       162          0          0          0          0        100   dsqrt.o
        38          0          0          0          0         68   f2d.o
       110          0          0          0          0        168   fepilogue.o

    ----------------------------------------------------------------------
      6864        382        144          8          0       4424   Library Totals
        22          0          0          0          0          0   (incl. Padding)

    ----------------------------------------------------------------------

      Code (inc. data)   RO Data    RW Data    ZI Data      Debug   Library Name

      3888        340        144          0          0       1792   m_wm.l
      1366         42          0          8          0       1244   mc_w.l
      1588          0          0          0          0       1388   mf_w.l

    ----------------------------------------------------------------------
      6864        382        144          8          0       4424   Library Totals

    ----------------------------------------------------------------------

==============================================================================


      Code (inc. data)   RO Data    RW Data    ZI Data      Debug   

     70596       4534     267508        480      32344     845128   Grand Totals
     70596       4534     267508        148      32344     845128   ELF Image Totals (compressed)
     70596       4534     267508        148          0          0   ROM Totals

==============================================================================

    Total RO  Size (Code + RO Data)               338104 ( 330.18kB)
    Total RW  Size (RW Data + ZI Data)             32824 (  32.05kB)
    Total ROM Size (Code + RO Data + RW Data)     338252 ( 330.32kB)

==============================================================================

