Component: ARM Compiler 5.06 update 6 (build 750) Tool: armlink [4d35ed]

==============================================================================

Section Cross References

    startup_stm32f429_439xx.o(RESET) refers to startup_stm32f429_439xx.o(STACK) for __initial_sp
    startup_stm32f429_439xx.o(RESET) refers to startup_stm32f429_439xx.o(.text) for Reset_Handler
    startup_stm32f429_439xx.o(RESET) refers to stm32f4xx_it.o(i.NMI_Handler) for NMI_Handler
    startup_stm32f429_439xx.o(RESET) refers to stm32f4xx_it.o(i.HardFault_Handler) for HardFault_Handler
    startup_stm32f429_439xx.o(RESET) refers to stm32f4xx_it.o(i.MemManage_Handler) for MemManage_Handler
    startup_stm32f429_439xx.o(RESET) refers to stm32f4xx_it.o(i.BusFault_Handler) for BusFault_Handler
    startup_stm32f429_439xx.o(RESET) refers to stm32f4xx_it.o(i.UsageFault_Handler) for UsageFault_Handler
    startup_stm32f429_439xx.o(RESET) refers to stm32f4xx_it.o(i.SVC_Handler) for SVC_Handler
    startup_stm32f429_439xx.o(RESET) refers to stm32f4xx_it.o(i.DebugMon_Handler) for DebugMon_Handler
    startup_stm32f429_439xx.o(RESET) refers to stm32f4xx_it.o(i.PendSV_Handler) for PendSV_Handler
    startup_stm32f429_439xx.o(RESET) refers to stm32f4xx_it.o(i.SysTick_Handler) for SysTick_Handler
    startup_stm32f429_439xx.o(RESET) refers to bsp_rtc.o(i.RTC_WKUP_IRQHandler) for RTC_WKUP_IRQHandler
    startup_stm32f429_439xx.o(RESET) refers to stm32f4xx_it.o(i.EXTI3_IRQHandler) for EXTI3_IRQHandler
    startup_stm32f429_439xx.o(RESET) refers to stm32f4xx_it.o(i.TIM2_IRQHandler) for TIM2_IRQHandler
    startup_stm32f429_439xx.o(RESET) refers to stm32f4xx_it.o(i.USART3_IRQHandler) for USART3_IRQHandler
    startup_stm32f429_439xx.o(RESET) refers to stm32f4xx_it.o(i.TIM6_DAC_IRQHandler) for TIM6_DAC_IRQHandler
    startup_stm32f429_439xx.o(RESET) refers to stm32f4xx_it.o(i.OTG_HS_IRQHandler) for OTG_HS_IRQHandler
    startup_stm32f429_439xx.o(.text) refers to system_stm32f4xx.o(i.SystemInit) for SystemInit
    startup_stm32f429_439xx.o(.text) refers to entry.o(.ARM.Collect$$$$00000000) for __main
    system_stm32f4xx.o(i.SystemCoreClockUpdate) refers to system_stm32f4xx.o(.data) for SystemCoreClock
    system_stm32f4xx.o(i.SystemInit) refers to system_stm32f4xx.o(i.SetSysClock) for SetSysClock
    stm32f4xx_adc.o(i.ADC_DeInit) refers to stm32f4xx_rcc.o(i.RCC_APB2PeriphResetCmd) for RCC_APB2PeriphResetCmd
    stm32f4xx_can.o(i.CAN_DeInit) refers to stm32f4xx_rcc.o(i.RCC_APB1PeriphResetCmd) for RCC_APB1PeriphResetCmd
    stm32f4xx_can.o(i.CAN_GetITStatus) refers to stm32f4xx_can.o(i.CheckITStatus) for CheckITStatus
    stm32f4xx_cryp.o(i.CRYP_DeInit) refers to stm32f4xx_rcc.o(i.RCC_AHB2PeriphResetCmd) for RCC_AHB2PeriphResetCmd
    stm32f4xx_cryp_aes.o(i.CRYP_AES_CBC) refers to stm32f4xx_cryp.o(i.CRYP_KeyStructInit) for CRYP_KeyStructInit
    stm32f4xx_cryp_aes.o(i.CRYP_AES_CBC) refers to stm32f4xx_cryp.o(i.CRYP_FIFOFlush) for CRYP_FIFOFlush
    stm32f4xx_cryp_aes.o(i.CRYP_AES_CBC) refers to stm32f4xx_cryp.o(i.CRYP_Init) for CRYP_Init
    stm32f4xx_cryp_aes.o(i.CRYP_AES_CBC) refers to stm32f4xx_cryp.o(i.CRYP_KeyInit) for CRYP_KeyInit
    stm32f4xx_cryp_aes.o(i.CRYP_AES_CBC) refers to stm32f4xx_cryp.o(i.CRYP_Cmd) for CRYP_Cmd
    stm32f4xx_cryp_aes.o(i.CRYP_AES_CBC) refers to stm32f4xx_cryp.o(i.CRYP_GetFlagStatus) for CRYP_GetFlagStatus
    stm32f4xx_cryp_aes.o(i.CRYP_AES_CBC) refers to stm32f4xx_cryp.o(i.CRYP_IVInit) for CRYP_IVInit
    stm32f4xx_cryp_aes.o(i.CRYP_AES_CBC) refers to stm32f4xx_cryp.o(i.CRYP_GetCmdStatus) for CRYP_GetCmdStatus
    stm32f4xx_cryp_aes.o(i.CRYP_AES_CBC) refers to stm32f4xx_cryp.o(i.CRYP_DataIn) for CRYP_DataIn
    stm32f4xx_cryp_aes.o(i.CRYP_AES_CBC) refers to stm32f4xx_cryp.o(i.CRYP_DataOut) for CRYP_DataOut
    stm32f4xx_cryp_aes.o(i.CRYP_AES_CCM) refers to stm32f4xx_cryp.o(i.CRYP_KeyStructInit) for CRYP_KeyStructInit
    stm32f4xx_cryp_aes.o(i.CRYP_AES_CCM) refers to stm32f4xx_cryp.o(i.CRYP_FIFOFlush) for CRYP_FIFOFlush
    stm32f4xx_cryp_aes.o(i.CRYP_AES_CCM) refers to stm32f4xx_cryp.o(i.CRYP_KeyInit) for CRYP_KeyInit
    stm32f4xx_cryp_aes.o(i.CRYP_AES_CCM) refers to stm32f4xx_cryp.o(i.CRYP_IVInit) for CRYP_IVInit
    stm32f4xx_cryp_aes.o(i.CRYP_AES_CCM) refers to stm32f4xx_cryp.o(i.CRYP_Init) for CRYP_Init
    stm32f4xx_cryp_aes.o(i.CRYP_AES_CCM) refers to stm32f4xx_cryp.o(i.CRYP_PhaseConfig) for CRYP_PhaseConfig
    stm32f4xx_cryp_aes.o(i.CRYP_AES_CCM) refers to stm32f4xx_cryp.o(i.CRYP_DataIn) for CRYP_DataIn
    stm32f4xx_cryp_aes.o(i.CRYP_AES_CCM) refers to stm32f4xx_cryp.o(i.CRYP_Cmd) for CRYP_Cmd
    stm32f4xx_cryp_aes.o(i.CRYP_AES_CCM) refers to stm32f4xx_cryp.o(i.CRYP_GetCmdStatus) for CRYP_GetCmdStatus
    stm32f4xx_cryp_aes.o(i.CRYP_AES_CCM) refers to stm32f4xx_cryp.o(i.CRYP_GetFlagStatus) for CRYP_GetFlagStatus
    stm32f4xx_cryp_aes.o(i.CRYP_AES_CCM) refers to stm32f4xx_cryp.o(i.CRYP_DataOut) for CRYP_DataOut
[...]
    Time_Set_Cov                             0x0800a239   Thumb Code   516  user.o(i.Time_Set_Cov)
    TimingDelay_Decrement                    0x0800a47d   Thumb Code    18  bsp_systick.o(i.TimingDelay_Decrement)
    Touch_GPIO_Config                        0x0800a495   Thumb Code   126  touch.o(i.Touch_GPIO_Config)
    Touch_Identiry                           0x0800a521   Thumb Code     6  keyboard.o(i.Touch_Identiry)
    Trip_Off                                 0x0800a527   Thumb Code     2  gpio.o(i.Trip_Off)
    Trip_On                                  0x0800a529   Thumb Code     2  gpio.o(i.Trip_On)
    Turnoff_Led                              0x0800a52b   Thumb Code     2  gpio.o(i.Turnoff_Led)
    Turnon_Led                               0x0800a52d   Thumb Code     2  gpio.o(i.Turnon_Led)
    USART3_IRQHandler                        0x0800a531   Thumb Code   180  stm32f4xx_it.o(i.USART3_IRQHandler)
    USART_ClearFlag                          0x0800a5ed   Thumb Code    18  stm32f4xx_usart.o(i.USART_ClearFlag)
    USART_GetFlagStatus                      0x0800a5ff   Thumb Code    26  stm32f4xx_usart.o(i.USART_GetFlagStatus)
    USART_ReceiveData                        0x0800a619   Thumb Code    10  stm32f4xx_usart.o(i.USART_ReceiveData)
    USART_SendData                           0x0800a623   Thumb Code     8  stm32f4xx_usart.o(i.USART_SendData)
    USBH_Alloc_Channel                       0x0800a62b   Thumb Code    38  usbh_hcs.o(i.USBH_Alloc_Channel)
    USBH_BulkReceiveData                     0x0800a651   Thumb Code    96  usbh_ioreq.o(i.USBH_BulkReceiveData)
    USBH_BulkSendData                        0x0800a6b1   Thumb Code    94  usbh_ioreq.o(i.USBH_BulkSendData)
    USBH_ClrFeature                          0x0800a70f   Thumb Code    76  usbh_stdreq.o(i.USBH_ClrFeature)
    USBH_Connected                           0x0800a75b   Thumb Code    12  usbh_core.o(i.USBH_Connected)
    USBH_CtlReceiveData                      0x0800a767   Thumb Code    70  usbh_ioreq.o(i.USBH_CtlReceiveData)
    USBH_CtlReq                              0x0800a7ad   Thumb Code   100  usbh_ioreq.o(i.USBH_CtlReq)
    USBH_CtlSendData                         0x0800a811   Thumb Code   110  usbh_ioreq.o(i.USBH_CtlSendData)
    USBH_CtlSendSetup                        0x0800a87f   Thumb Code    66  usbh_ioreq.o(i.USBH_CtlSendSetup)
    USBH_DeAllocate_AllChannel               0x0800a8c1   Thumb Code    28  usbh_hcs.o(i.USBH_DeAllocate_AllChannel)
    USBH_DeInit                              0x0800a8dd   Thumb Code    58  usbh_core.o(i.USBH_DeInit)
    USBH_Disconnected                        0x0800a917   Thumb Code    12  usbh_core.o(i.USBH_Disconnected)
    USBH_ErrorHandle                         0x0800a923   Thumb Code    46  usbh_core.o(i.USBH_ErrorHandle)
    USBH_Free_Channel                        0x0800a951   Thumb Code    30  usbh_hcs.o(i.USBH_Free_Channel)
    USBH_GetDescriptor                       0x0800a96f   Thumb Code    68  usbh_stdreq.o(i.USBH_GetDescriptor)
    USBH_GetNextDesc                         0x0800a9db   Thumb Code    18  usbh_stdreq.o(i.USBH_GetNextDesc)
    USBH_Get_CfgDesc                         0x0800a9ed   Thumb Code    88  usbh_stdreq.o(i.USBH_Get_CfgDesc)
    USBH_Get_DevDesc                         0x0800aa49   Thumb Code    56  usbh_stdreq.o(i.USBH_Get_DevDesc)
    USBH_Get_StringDesc                      0x0800aa81   Thumb Code    60  usbh_stdreq.o(i.USBH_Get_StringDesc)
    USBH_HandleControl                       0x0800aabd   Thumb Code   544  usbh_core.o(i.USBH_HandleControl)
    USBH_MSC_BOT_Abort                       0x0800aebd   Thumb Code    86  usbh_msc_bot.o(i.USBH_MSC_BOT_Abort)
    USBH_MSC_DecodeCSW                       0x0800af1d   Thumb Code   108  usbh_msc_bot.o(i.USBH_MSC_DecodeCSW)
    USBH_MSC_HandleBOTXfer                   0x0800af9d   Thumb Code   812  usbh_msc_bot.o(i.USBH_MSC_HandleBOTXfer)
    USBH_MSC_Read10                          0x0800b2ed   Thumb Code   242  usbh_msc_scsi.o(i.USBH_MSC_Read10)
    USBH_MSC_Write10                         0x0800b3ed   Thumb Code   218  usbh_msc_scsi.o(i.USBH_MSC_Write10)
    USBH_Modify_Channel                      0x0800b4d1   Thumb Code   100  usbh_hcs.o(i.USBH_Modify_Channel)
    USBH_OTG_ISR_Handler                     0x0800b535   Thumb Code   168  usb_hcd_int.o(i.USBH_OTG_ISR_Handler)
    USBH_Open_Channel                        0x0800b5dd   Thumb Code   154  usbh_hcs.o(i.USBH_Open_Channel)
    USBH_Process                             0x0800b869   Thumb Code   408  usbh_core.o(i.USBH_Process)
    USBH_SOF                                 0x0800ba01   Thumb Code     6  usbh_core.o(i.USBH_SOF)
    USBH_SetAddress                          0x0800ba07   Thumb Code    38  usbh_stdreq.o(i.USBH_SetAddress)
    USBH_SetCfg                              0x0800ba2d   Thumb Code    38  usbh_stdreq.o(i.USBH_SetCfg)
    USB_OTG_BSP_TimerIRQ                     0x0800ba6d   Thumb Code    50  usb_bsp.o(i.USB_OTG_BSP_TimerIRQ)
    USB_OTG_BSP_mDelay                       0x0800baa5   Thumb Code    14  usb_bsp.o(i.USB_OTG_BSP_mDelay)
    USB_OTG_GetMode                          0x0800bab3   Thumb Code    12  usb_core.o(i.USB_OTG_GetMode)
    USB_OTG_HC_DoPing                        0x0800babf   Thumb Code    90  usb_core.o(i.USB_OTG_HC_DoPing)
    USB_OTG_HC_Halt                          0x0800bb19   Thumb Code   130  usb_core.o(i.USB_OTG_HC_Halt)
    USB_OTG_HC_Init                          0x0800bb9b   Thumb Code   568  usb_core.o(i.USB_OTG_HC_Init)
    USB_OTG_HC_StartXfer                     0x0800bdd3   Thumb Code   502  usb_core.o(i.USB_OTG_HC_StartXfer)
    USB_OTG_InitFSLSPClkSel                  0x0800bfc9   Thumb Code    24  usb_core.o(i.USB_OTG_InitFSLSPClkSel)
    USB_OTG_IsEvenFrame                      0x0800bfe1   Thumb Code    16  usb_core.o(i.USB_OTG_IsEvenFrame)
    USB_OTG_IsHostMode                       0x0800bff1   Thumb Code    20  usb_core.o(i.USB_OTG_IsHostMode)
    USB_OTG_ReadCoreItr                      0x0800c005   Thumb Code    16  usb_core.o(i.USB_OTG_ReadCoreItr)
    USB_OTG_ReadHPRT0                        0x0800c015   Thumb Code    48  usb_core.o(i.USB_OTG_ReadHPRT0)
    USB_OTG_ReadHostAllChannels_intr         0x0800c045   Thumb Code     8  usb_core.o(i.USB_OTG_ReadHostAllChannels_intr)
    USB_OTG_ReadPacket                       0x0800c04d   Thumb Code    40  usb_core.o(i.USB_OTG_ReadPacket)
    USB_OTG_ResetPort                        0x0800c075   Thumb Code    64  usb_core.o(i.USB_OTG_ResetPort)
    USB_OTG_WritePacket                      0x0800ce85   Thumb Code    64  usb_core.o(i.USB_OTG_WritePacket)
    Uart_Process                             0x0800cec5   Thumb Code   140  user.o(i.Uart_Process)
    UsageFault_Handler                       0x0800cf6d   Thumb Code     4  stm32f4xx_it.o(i.UsageFault_Handler)
    Usart_SendByte                           0x0800cf71   Thumb Code    30  bsp_debug_usart.o(i.Usart_SendByte)
    Usart_SendString                         0x0800cf8f   Thumb Code    50  bsp_debug_usart.o(i.Usart_SendString)
    Use_DebugProcess                         0x0800cfc1   Thumb Code  1108  test.o(i.Use_DebugProcess)
    Use_SysSetProcess                        0x0800d419   Thumb Code  1616  test.o(i.Use_SysSetProcess)
    VRange_Changecomp                        0x0800da71   Thumb Code   220  user.o(i.VRange_Changecomp)
    V_Comp                                   0x0800db69   Thumb Code   140  user.o(i.V_Comp)
    V_Datacov                                0x0800dbfd   Thumb Code    44  user.o(i.V_Datacov)
    V_I_Select_Configuration                 0x0800dc2d   Thumb Code    52  gpio.o(i.V_I_Select_Configuration)
    V_I_amp                                  0x0800dc65   Thumb Code    26  gpio.o(i.V_I_amp)
    V_Range_Control                          0x0800dc85   Thumb Code    28  user.o(i.V_Range_Control)
    WriteString_16                           0x0800dca1   Thumb Code    22  bsp_lcd.o(i.WriteString_16)
    WriteString_Big                          0x0800dcb9   Thumb Code   176  bsp_lcd.o(i.WriteString_Big)
    __0printf$6                              0x0800dd75   Thumb Code    22  printf6.o(i.__0printf$6)
    __1printf$6                              0x0800dd75   Thumb Code     0  printf6.o(i.__0printf$6)
    __2printf                                0x0800dd75   Thumb Code     0  printf6.o(i.__0printf$6)
    __0sprintf$6                             0x0800dd95   Thumb Code    34  printf6.o(i.__0sprintf$6)
    __1sprintf$6                             0x0800dd95   Thumb Code     0  printf6.o(i.__0sprintf$6)
    __2sprintf                               0x0800dd95   Thumb Code     0  printf6.o(i.__0sprintf$6)
    __ARM_fpclassify                         0x0800ddbd   Thumb Code    48  fpclassify.o(i.__ARM_fpclassify)
    __hardfp_fabs                            0x0800dded   Thumb Code    20  fabs.o(i.__hardfp_fabs)
    __hardfp_pow                             0x0800de01   Thumb Code  3072  pow.o(i.__hardfp_pow)
    __hardfp_sqrt                            0x0800ea51   Thumb Code   122  sqrt.o(i.__hardfp_sqrt)
    __kernel_poly                            0x0800eacb   Thumb Code   248  poly.o(i.__kernel_poly)
    __mathlib_dbl_divzero                    0x0800ebc9   Thumb Code    28  dunder.o(i.__mathlib_dbl_divzero)
    __mathlib_dbl_infnan2                    0x0800ebf9   Thumb Code    20  dunder.o(i.__mathlib_dbl_infnan2)
    __mathlib_dbl_invalid                    0x0800ec11   Thumb Code    24  dunder.o(i.__mathlib_dbl_invalid)
    __mathlib_dbl_overflow                   0x0800ec31   Thumb Code    24  dunder.o(i.__mathlib_dbl_overflow)
    __mathlib_dbl_underflow                  0x0800ec51   Thumb Code    24  dunder.o(i.__mathlib_dbl_underflow)
    __scatterload_copy                       0x0800ec71   Thumb Code    14  handlers.o(i.__scatterload_copy)
    __scatterload_null                       0x0800ec7f   Thumb Code     2  handlers.o(i.__scatterload_null)
    __scatterload_zeroinit                   0x0800ec81   Thumb Code    14  handlers.o(i.__scatterload_zeroinit)
    __set_errno                              0x0800ec91   Thumb Code     6  errno.o(i.__set_errno)
    bubble_sort_better                       0x0800efe9   Thumb Code    78  user.o(i.bubble_sort_better)
    clust2sect                               0x0800f0dd   Thumb Code    26  ff.o(i.clust2sect)
    delay                                    0x0800f4d1   Thumb Code    10  pbdata.o(i.delay)
    delay_1ms                                0x0800f4db   Thumb Code    56  bsp_systick.o(i.delay_1ms)
    delay_1us                                0x0800f513   Thumb Code    54  bsp_systick.o(i.delay_1us)
    delay_us                                 0x0800f549   Thumb Code    10  bsp_systick.o(i.delay_us)
    disk_initialize                          0x0800f9c9   Thumb Code    22  diskio.o(i.disk_initialize)
    disk_ioctl                               0x0800f9e5   Thumb Code    64  diskio.o(i.disk_ioctl)
    disk_read                                0x0800fa29   Thumb Code   102  diskio.o(i.disk_read)
    disk_status                              0x0800fa9d   Thumb Code     8  diskio.o(i.disk_status)
    disk_write                               0x0800faa5   Thumb Code    76  diskio.o(i.disk_write)
    f_close                                  0x0800faf9   Thumb Code    32  ff.o(i.f_close)
    f_lseek                                  0x0800fb19   Thumb Code   410  ff.o(i.f_lseek)
    f_mkdir                                  0x0800fcb3   Thumb Code   358  ff.o(i.f_mkdir)
    f_mount                                  0x0800fe19   Thumb Code    86  ff.o(i.f_mount)
    f_open                                   0x0800fe75   Thumb Code   362  ff.o(i.f_open)
    f_sync                                   0x0800ffdf   Thumb Code   176  ff.o(i.f_sync)
    f_write                                  0x0801008f   Thumb Code   524  ff.o(i.f_write)
    fabs                                     0x0801029b   Thumb Code    24  fabs.o(i.fabs)
    ff_convert                               0x080102b5   Thumb Code   116  cc936.o(i.ff_convert)
    ff_wtoupper                              0x08010331   Thumb Code    46  cc936.o(i.ff_wtoupper)
    findHzIndex_32                           0x08010369   Thumb Code    58  bsp_lcd.o(i.findHzIndex_32)
    fputc                                    0x08010881   Thumb Code    32  bsp_debug_usart.o(i.fputc)
    get_fat                                  0x0801096d   Thumb Code   318  ff.o(i.get_fat)
    get_fattime                              0x08010aab   Thumb Code    68  diskio.o(i.get_fattime)
    input_num                                0x08010b39   Thumb Code   576  user.o(i.input_num)
    input_password                           0x08010da1   Thumb Code   710  user.o(i.input_password)
    main                                     0x080110c1   Thumb Code   130  main.o(i.main)
    put_fat                                  0x080111dd   Thumb Code   392  ff.o(i.put_fat)
    read_adI_4                               0x08011365   Thumb Code   176  user.o(i.read_adI_4)
    read_adI_one                             0x08011431   Thumb Code    52  user.o(i.read_adI_one)
    read_adV_4                               0x0801146d   Thumb Code   182  user.o(i.read_adV_4)
    read_adV_one                             0x08011541   Thumb Code    52  user.o(i.read_adV_one)
    read_cpld                                0x0801157d   Thumb Code    72  gpio.o(i.read_cpld)
    sqrt                                     0x08011709   Thumb Code   110  sqrt.o(i.sqrt)
    xEndCH376Cmd                             0x080118f9   Thumb Code     8  ch376.o(i.xEndCH376Cmd)
    xReadCH376Data                           0x08011905   Thumb Code    20  ch376.o(i.xReadCH376Data)
    xWriteCH376Cmd                           0x08011919   Thumb Code    40  ch376.o(i.xWriteCH376Cmd)
    xWriteCH376Data                          0x08011945   Thumb Code    18  ch376.o(i.xWriteCH376Data)
    Port_Select                              0x08011958   Data        1024  user.o(.constdata)
    User_Check_main                          0x08011d58   Data          39  user.o(.constdata)
    User_Check_Item                          0x08011d7f   Data          78  user.o(.constdata)
    Test_Setitem                             0x08011dcd   Data          60  user.o(.constdata)
    Test_Setitem_E                           0x08011e09   Data          60  user.o(.constdata)
    All_TopName                              0x08011e45   Data         242  user.o(.constdata)
    All_TopName_E                            0x08011f37   Data         242  user.o(.constdata)
    Set_testitem                             0x08012029   Data         180  user.o(.constdata)
    Set_testitem_E                           0x080120dd   Data         180  user.o(.constdata)
    Test_Tirpvalue                           0x08012191   Data          14  user.o(.constdata)
    Test_Tirpvalue_E                         0x0801219f   Data          14  user.o(.constdata)
    Test_Speedvalue                          0x080121ad   Data          28  user.o(.constdata)
    Test_Speedvalue_E                        0x080121c9   Data          28  user.o(.constdata)
    Test_Compvalue                           0x080121e5   Data          14  user.o(.constdata)
    Test_Compvalue_E                         0x080121f3   Data          14  user.o(.constdata)
    Setup_Beep                               0x08012201   Data          21  user.o(.constdata)
    Setup_Beep_E                             0x08012216   Data          21  user.o(.constdata)
    INPUT                                    0x0801222b   Data           7  user.o(.constdata)
    INPUT_E                                  0x08012232   Data           7  user.o(.constdata)
    User_Range                               0x08012239   Data          88  user.o(.constdata)
    User_Range_E                             0x08012291   Data          88  user.o(.constdata)
    DISP_UINT                                0x080122e9   Data          12  user.o(.constdata)
    User_Rangeset                            0x080122f5   Data          55  user.o(.constdata)
    Sys_Setitem                              0x0801232c   Data          88  user.o(.constdata)
    Sys_Setitem_E                            0x08012384   Data          88  user.o(.constdata)
    Sys_Buard_Value                          0x080123dc   Data          56  user.o(.constdata)
    Sys_Language_Value                       0x08012414   Data          16  user.o(.constdata)
    BiasButton_Tip                           0x08012424   Data          16  user.o(.constdata)
    Sys_Sys                                  0x08012434   Data          84  user.o(.constdata)
    Sys_Sys_E                                0x08012488   Data          84  user.o(.constdata)
    Range_Disp_Test                          0x080124dc   Data         168  user.o(.constdata)
    RANG_4094                                0x08012584   Data           8  user.o(.constdata)
    POW_NUM                                  0x0801258c   Data           8  user.o(.constdata)
    RANGE_RATE                               0x08012594   Data          20  user.o(.constdata)
    SystemLimit                              0x080125a8   Data          16  user.o(.constdata)
    SystemLimitDot                           0x080125b8   Data          10  user.o(.constdata)
    ParameterLimit                           0x080125c2   Data          12  user.o(.constdata)
    Debug_Limit                              0x080125d0   Data           8  user.o(.constdata)
    send_dot                                 0x080125d8   Data          11  user.o(.constdata)
    Send_uint                                0x080125e3   Data          11  user.o(.constdata)
    Test_Uint                                0x080125ee   Data          16  user.o(.constdata)
    GB_21                                    0x080125fe   Data        7930  bsp_lcd.o(.constdata)
    GB_16                                    0x080144f8   Data        5780  bsp_lcd.o(.constdata)
    GB_24                                    0x08015b8c   Data        7548  bsp_lcd.o(.constdata)
    GB_32                                    0x08017908   Data       15340  bsp_lcd.o(.constdata)
    ASCII16x24_Table                         0x0801b4f4   Data        4560  fonts.o(.constdata)
    Out_1224                                 0x0801c6c4   Data         624  fonts.o(.constdata)
    Out_Assic                                0x0801c934   Data        7720  fonts.o(.constdata)
    _num                                     0x0801e75c   Data        2944  fonts.o(.constdata)
    ASCII12x12_Table                         0x0801f2dc   Data        2304  fonts.o(.constdata)
    ASCII8x12_Table                          0x0801fbdc   Data        2304  fonts.o(.constdata)
    ASCII8x8_Table                           0x080204dc   Data        1536  fonts.o(.constdata)
    nBitmapDot                               0x080210cc   Data         128  fonts.o(.constdata)
    Channel_16x32_Table                      0x0802114c   Data       12160  fonts.o(.constdata)
    Channel_16x24_Table                      0x080240cc   Data        9120  fonts.o(.constdata)
    Channel_97x48_Table                      0x0802646c   Data        7566  fonts.o(.constdata)
    __mathlib_zero                           0x08052f88   Data           8  qnan.o(.constdata)
    Region$$Table$$Base                      0x08052f90   Number         0  anon$$obj.o(Region$$Table)
    Region$$Table$$Limit                     0x08052fb0   Number         0  anon$$obj.o(Region$$Table)
    SystemCoreClock                          0x20000000   Data           4  system_stm32f4xx.o(.data)
    AHBPrescTable                            0x20000004   Data          16  system_stm32f4xx.o(.data)
    Key_Up_flag                              0x20000018   Data           1  pbdata.o(.data)
    Touch_Up_flag                            0x20000019   Data           1  pbdata.o(.data)
    Touch_Item                               0x2000001a   Data           1  pbdata.o(.data)
    Readfirst_cpld                           0x2000001b   Data           1  pbdata.o(.data)
    Readsecond_cpld                          0x2000001c   Data           1  pbdata.o(.data)
    polarity_v                               0x2000001d   Data           1  pbdata.o(.data)
    polarity_r                               0x2000001e   Data           1  pbdata.o(.data)
    F_Fail                                   0x2000001f   Data           1  pbdata.o(.data)
    F_100ms                                  0x20000020   Data           1  pbdata.o(.data)
    F_Password                               0x20000021   Data           1  pbdata.o(.data)
    SystemStatus                             0x20000022   Data           1  pbdata.o(.data)
    SystemMessage                            0x20000023   Data           1  pbdata.o(.data)
    MenuIndex                                0x20000024   Data           1  pbdata.o(.data)
    Range                                    0x20000025   Data           1  pbdata.o(.data)
    V_Range                                  0x20000026   Data           1  pbdata.o(.data)
    ffit_data1                               0x20000027   Data           1  pbdata.o(.data)
    count_ffit                               0x20000028   Data           2  pbdata.o(.data)
    Ad_over                                  0x2000002a   Data           1  pbdata.o(.data)
    Relay_c                                  0x2000002b   Data           1  pbdata.o(.data)
    softswitch                               0x2000002c   Data           1  pbdata.o(.data)
    Voltage                                  0x20000030   Data           4  pbdata.o(.data)
    Test_Time                                0x20000034   Data           4  pbdata.o(.data)
    Resistance                               0x20000038   Data           4  pbdata.o(.data)
    System                                   0x2000003c   Data           8  pbdata.o(.data)
    USB_Openflag                             0x20000044   Data           1  pbdata.o(.data)
    Disp_usbflag                             0x20000045   Data           1  pbdata.o(.data)
    Disp_RTCflag                             0x20000046   Data           1  pbdata.o(.data)
    dt                                       0x20000047   Data           1  pbdata.o(.data)
    SoftTimer                                0x20000048   Data           2  pbdata.o(.data)
    range_over                               0x2000004a   Data           1  pbdata.o(.data)
    V_ad                                     0x2000004c   Data           4  pbdata.o(.data)
    I_ad                                     0x20000050   Data           4  pbdata.o(.data)
    POINT_COLOR                              0x20000054   Data           4  pbdata.o(.data)
    disp_I                                   0x20000058   Data           4  pbdata.o(.data)
    disp_V                                   0x2000005c   Data           4  pbdata.o(.data)
    Ad_value                                 0x20000060   Data           4  pbdata.o(.data)
    debug_flag                               0x20000064   Data           1  pbdata.o(.data)
    test_start                               0x20000065   Data           1  pbdata.o(.data)
    Set_flag                                 0x20000066   Data           1  pbdata.o(.data)
    Range_value                              0x20000068   Data           4  pbdata.o(.data)
    Range_Value_V                            0x2000006c   Data           4  pbdata.o(.data)
    g_LcdDirection                           0x20000070   Data           4  pbdata.o(.data)
    open_flag                                0x20000074   Data           1  pbdata.o(.data)
    touch_value                              0x20000075   Data           1  pbdata.o(.data)
    RangeChange_Flag                         0x20000076   Data           1  pbdata.o(.data)
    Int_Pe3flag                              0x20000077   Data           1  pbdata.o(.data)
    last_R_disp                              0x20000078   Data           4  pbdata.o(.data)
    last_V_disp                              0x2000007c   Data           4  pbdata.o(.data)
    cpld_buff                                0x20000080   Data           2  pbdata.o(.data)
    DispBuf                                  0x20000084   Data           8  user.o(.data)
    Debug_Compvalue                          0x2000008c   Data          48  user.o(.data)
    Debug_Compvaluemind                      0x200000bc   Data          32  user.o(.data)
    Test_Value                               0x200000dc   Data           8  user.o(.data)
    Test_Value_V                             0x200000e4   Data           8  user.o(.data)
    Pga_value2                               0x200000ec   Data           7  user.o(.data)
    Pga_value                                0x200000f3   Data           8  user.o(.data)
    Debug_Dot                                0x200000fb   Data           6  user.o(.data)
    U15_4094                                 0x20000101   Data           1  test.o(.data)
    U16_4094                                 0x20000102   Data           1  test.o(.data)
    result                                   0x20000103   Data           1  test.o(.data)
    Keyboard                                 0x20000104   Data           3  keyboard.o(.data)
    Colour                                   0x2000010c   Data           8  bsp_lcd.o(.data)
    Font16x24                                0x20000128   Data           8  fonts.o(.data)
    Font12x12                                0x20000130   Data           8  fonts.o(.data)
    Font8x12                                 0x20000138   Data           8  fonts.o(.data)
    Font8x8                                  0x20000140   Data           8  fonts.o(.data)
    FontC_16x32                              0x20000148   Data           8  fonts.o(.data)
    touch_flag                               0x2000015c   Data           1  touch.o(.data)
    ADC_Converted                            0x2000015e   Data           4  touch.o(.data)
    tp_dev                                   0x20000164   Data          52  touch.o(.data)
    CMD_RDX                                  0x20000198   Data           1  touch.o(.data)
    CMD_RDY                                  0x20000199   Data           1  touch.o(.data)
    HSEStartUpStatus                         0x200001a4   Data           1  usb_bsp.o(.data)
    BSP_delay                                0x200001a8   Data           4  usb_bsp.o(.data)
    USBH_HCD_INT_cb                          0x200001ac   Data          12  usbh_core.o(.data)
    USBH_HCD_INT_fops                        0x200001b8   Data           4  usbh_core.o(.data)
    __stdout                                 0x200001d8   Data           4  stdout.o(.data)
    Send_ComBuff                             0x200001e0   Data          21  pbdata.o(.bss)
    Send_To_U                                0x200001f5   Data          47  pbdata.o(.bss)
    Rev_Combuff                              0x20000224   Data          42  pbdata.o(.bss)
    scan_V                                   0x20000250   Data         520  pbdata.o(.bss)
    scan_I                                   0x20000458   Data         520  pbdata.o(.bss)
    Savedata_2516                            0x20000660   Data         112  pbdata.o(.bss)
    NumBox                                   0x200006d0   Data          12  pbdata.o(.bss)
    Test_value                               0x200006dc   Data          16  pbdata.o(.bss)
    Float                                    0x200006ec   Data          12  pbdata.o(.bss)
    SaveData                                 0x200006f8   Data          54  pbdata.o(.bss)
    Calibrate                                0x2000072e   Data          40  pbdata.o(.bss)
    Res_count                                0x20000758   Data          16  pbdata.o(.bss)
    Jk516save                                0x20000768   Data         308  pbdata.o(.bss)
    ComBuf                                   0x2000089c   Data          80  pbdata.o(.bss)
    i_buff                                   0x200008ec   Data          48  pbdata.o(.bss)
    fit_i_buff                               0x2000091c   Data        1020  pbdata.o(.bss)
    fit_v_buff                               0x20000d18   Data        1020  pbdata.o(.bss)
    debug_buff                               0x20001114   Data          55  pbdata.o(.bss)
    fs                                       0x2000114c   Data        4144  test.o(.bss)
    file                                     0x2000217c   Data        4132  test.o(.bss)
    USB_OTG_Core                             0x200031ac   Data        1452  usbh_usr.o(.bss)
    USB_Host                                 0x20003758   Data         132  usbh_usr.o(.bss)
    USBH_CfgDesc                             0x200037dc   Data         512  usbh_stdreq.o(.bss)
    USBH_MSC_CBWData                         0x200039dc   Data          32  usbh_msc_bot.o(.bss)
    USBH_MSC_CSWData                         0x200039fc   Data          16  usbh_msc_bot.o(.bss)
    USBH_MSC_BOTXferParam                    0x20003a0c   Data          16  usbh_msc_bot.o(.bss)
    MSC_Machine                              0x20003a1c   Data         522  usbh_msc_core.o(.bss)
    USBH_MSC_Param                           0x20003c28   Data          16  usbh_msc_scsi.o(.bss)
    USBH_DataInBuffer                        0x20003c38   Data         512  usbh_msc_scsi.o(.bss)
    USBH_DataOutBuffer                       0x20003e38   Data         512  usbh_msc_scsi.o(.bss)
    __initial_sp                             0x20008038   Data           0  startup_stm32f429_439xx.o(STACK)



==============================================================================

Memory Map of the image

  Image Entry point : 0x080001ad

  Load Region LR_IROM1 (Base: 0x08000000, Size: 0x00053190, Max: 0x00100000, ABSOLUTE, COMPRESSED[0x00053044])

    Execution Region ER_IROM1 (Exec base: 0x08000000, Load base: 0x08000000, Size: 0x00052fb0, Max: 0x00100000, ABSOLUTE)

    Exec Addr    Load Addr    Size         Type   Attr      Idx    E Section Name        Object

    0x08000000   0x08000000   0x000001ac   Data   RO            3    RESET               startup_stm32f429_439xx.o
    0x080001ac   0x080001ac   0x00000000   Code   RO         9628  * .ARM.Collect$$$$00000000  mc_w.l(entry.o)
    0x080001ac   0x080001ac   0x00000004   Code   RO         9939    .ARM.Collect$$$$00000001  mc_w.l(entry2.o)
    0x080001b0   0x080001b0   0x00000004   Code   RO         9942    .ARM.Collect$$$$00000004  mc_w.l(entry5.o)
    0x080001b4   0x080001b4   0x00000000   Code   RO         9944    .ARM.Collect$$$$00000008  mc_w.l(entry7b.o)
    0x080001b4   0x080001b4   0x00000000   Code   RO         9946    .ARM.Collect$$$$0000000A  mc_w.l(entry8b.o)
    0x080001b4   0x080001b4   0x00000008   Code   RO         9947    .ARM.Collect$$$$0000000B  mc_w.l(entry9a.o)
    0x080001bc   0x080001bc   0x00000000   Code   RO         9949    .ARM.Collect$$$$0000000D  mc_w.l(entry10a.o)
    0x080001bc   0x080001bc   0x00000000   Code   RO         9951    .ARM.Collect$$$$0000000F  mc_w.l(entry11a.o)
    0x080001bc   0x080001bc   0x00000004   Code   RO         9940    .ARM.Collect$$$$00002712  mc_w.l(entry2.o)
    0x080001c0   0x080001c0   0x00000024   Code   RO            4    .text               startup_stm32f429_439xx.o
    0x080001e4   0x080001e4   0x00000024   Code   RO         9631    .text               mc_w.l(memcpya.o)
    0x08000208   0x08000208   0x00000024   Code   RO         9633    .text               mc_w.l(memseta.o)
    0x0800022c   0x0800022c   0x00000018   Code   RO         9635    .text               mc_w.l(strcat.o)
    0x08000244   0x08000244   0x0000001c   Code   RO         9637    .text               mc_w.l(strcmp.o)
    0x08000260   0x08000260   0x000000e4   Code   RO         9902    .text               mf_w.l(dmul.o)
    0x08000344   0x08000344   0x000000de   Code   RO         9904    .text               mf_w.l(ddiv.o)
    0x08000422   0x08000422   0x00000022   Code   RO         9906    .text               mf_w.l(dflti.o)
    0x08000444   0x08000444   0x0000001a   Code   RO         9908    .text               mf_w.l(dfltui.o)
    0x0800045e   0x0800045e   0x00000032   Code   RO         9910    .text               mf_w.l(dfixui.o)
    0x08000490   0x08000490   0x00000026   Code   RO         9912    .text               mf_w.l(f2d.o)
    0x080004b6   0x080004b6   0x00000002   PAD
    0x080004b8   0x080004b8   0x00000030   Code   RO         9914    .text               mf_w.l(cdcmple.o)
    0x080004e8   0x080004e8   0x00000030   Code   RO         9916    .text               mf_w.l(cdrcmple.o)
    0x08000518   0x08000518   0x00000038   Code   RO         9918    .text               mf_w.l(d2f.o)
    0x08000550   0x08000550   0x0000002c   Code   RO         9954    .text               mc_w.l(uidiv.o)
    0x0800057c   0x0800057c   0x00000020   Code   RO         9958    .text               mc_w.l(llushr.o)
    0x0800059c   0x0800059c   0x00000000   Code   RO         9967    .text               mc_w.l(iusefp.o)
    0x0800059c   0x0800059c   0x0000006e   Code   RO         9968    .text               mf_w.l(fepilogue.o)
    0x0800060a   0x0800060a   0x000000ba   Code   RO         9970    .text               mf_w.l(depilogue.o)
    0x080006c4   0x080006c4   0x0000014e   Code   RO         9972    .text               mf_w.l(dadd.o)
    0x08000812   0x08000812   0x0000002e   Code   RO         9976    .text               mf_w.l(dscalb.o)
    0x08000840   0x08000840   0x000000a2   Code   RO         9978    .text               mf_w.l(dsqrt.o)
    0x080008e2   0x080008e2   0x00000002   PAD
    0x080008e4   0x080008e4   0x00000024   Code   RO         9982    .text               mc_w.l(init.o)
    0x08000908   0x08000908   0x0000001e   Code   RO         9984    .text               mc_w.l(llshl.o)
    0x08000926   0x08000926   0x00000024   Code   RO         9986    .text               mc_w.l(llsshr.o)
    0x0800094a   0x0800094a   0x00000056   Code   RO         9996    .text               mc_w.l(__dczerorl2.o)
    0x080009a0   0x080009a0   0x00000016   Code   RO          222    i.ADC_Cmd           stm32f4xx_adc.o
    0x080009b6   0x080009b6   0x00000002   PAD
    0x080009b8   0x080009b8   0x00000030   Code   RO          223    i.ADC_CommonInit    stm32f4xx_adc.o
    0x080009e8   0x080009e8   0x00000016   Code   RO          226    i.ADC_DMACmd        stm32f4xx_adc.o
    0x080009fe   0x080009fe   0x00000016   Code   RO          227    i.ADC_DMARequestAfterLastTransferCmd  stm32f4xx_adc.o
    0x08000a14   0x08000a14   0x00000054   Code   RO          242    i.ADC_Init          stm32f4xx_adc.o
    0x08000a68   0x08000a68   0x000000b8   Code   RO          247    i.ADC_RegularChannelConfig  stm32f4xx_adc.o
    0x08000b20   0x08000b20   0x0000000a   Code   RO          249    i.ADC_SoftwareStartConv  stm32f4xx_adc.o
    0x08000b2a   0x08000b2a   0x00000002   PAD
    0x08000b2c   0x08000b2c   0x00000028   Code   RO         7592    i.AD_GPIO_Config    touch.o
    0x08000b54   0x08000b54   0x00000010   Code   RO         6198    i.Ads1251_Int       ad7706.o
    0x08000b64   0x08000b64   0x00000002   Code   RO         6234    i.All_LedOff        gpio.o
    0x08000b66   0x08000b66   0x00000002   PAD
    0x08000b68   0x08000b68   0x0000002c   Code   RO         8307    i.BSP_Delay         usb_bsp.o
    0x08000b94   0x08000b94   0x0000006a   Code   RO         8308    i.BSP_SetTime       usb_bsp.o
    0x08000bfe   0x08000bfe   0x00000002   PAD
    0x08000c00   0x08000c00   0x00000030   Code   RO         7824    i.Beep_GPIO_Config  bsp_beep.o
    0x08000c30   0x08000c30   0x00000002   Code   RO         6235    i.Beep_Off          gpio.o
    0x08000c32   0x08000c32   0x00000002   Code   RO         6236    i.Beep_On           gpio.o
    0x08000c34   0x08000c34   0x0000005c   Code   RO         5463    i.Beep_Out          user.o
    0x08000c90   0x08000c90   0x00000004   Code   RO         5279    i.BusFault_Handler  stm32f4xx_it.o
    0x08000c94   0x08000c94   0x00000020   Code   RO         7825    i.ButtonSound       bsp_beep.o
    0x08000cb4   0x08000cb4   0x000000f4   Code   RO         7736    i.CH376_GPIO_Init   ch376.o
    0x08000da8   0x08000da8   0x00000068   Code   RO         7440    i.CPLD_GPIO_Configuration  cpld.o
    0x08000e10   0x08000e10   0x00000034   Code   RO         6237    i.Channel_Configuration  gpio.o
    0x08000e44   0x08000e44   0x000000c4   Code   RO         5992    i.Clear_Process     test.o
    0x08000f08   0x08000f08   0x00000002   Code   RO         6238    i.Close_Compled     gpio.o
    0x08000f0a   0x08000f0a   0x00000002   PAD
    0x08000f0c   0x08000f0c   0x00000164   Code   RO         5466    i.ComToSave         user.o
    0x08001070   0x08001070   0x00000016   Code   RO         1358    i.DMA2D_DeInit      stm32f4xx_dma2d.o
    0x08001086   0x08001086   0x00000002   PAD
    0x08001088   0x08001088   0x00000018   Code   RO         1363    i.DMA2D_GetFlagStatus  stm32f4xx_dma2d.o
    0x080010a0   0x080010a0   0x000000e4   Code   RO         1366    i.DMA2D_Init        stm32f4xx_dma2d.o
    0x08001184   0x08001184   0x00000014   Code   RO         1368    i.DMA2D_StartTransfer  stm32f4xx_dma2d.o
    0x08001198   0x08001198   0x00000016   Code   RO         1222    i.DMA_Cmd           stm32f4xx_dma.o
    0x080011ae   0x080011ae   0x00000002   PAD
    0x080011b0   0x080011b0   0x00000058   Code   RO         1234    i.DMA_Init          stm32f4xx_dma.o
    0x08001208   0x08001208   0x00000034   Code   RO         5468    i.Datacov           user.o
    0x0800123c   0x0800123c   0x00000002   Code   RO         5280    i.DebugMon_Handler  stm32f4xx_it.o
    0x0800123e   0x0800123e   0x00000044   Code   RO         5469    i.Debug_Set_Num     user.o
    0x08001282   0x08001282   0x00000044   Code   RO         5470    i.Debug_Set_Res     user.o
    0x080012c6   0x080012c6   0x0000001a   Code   RO         5471    i.Debug_Valuedata   user.o
    0x080012e0   0x080012e0   0x00000080   Code   RO         5472    i.Debug_stanedcomp  user.o
    0x08001360   0x08001360   0x00000844   Code   RO         5473    i.DispSet_value     user.o
    0x08001ba4   0x08001ba4   0x0000000a   Code   RO         5474    i.Disp_Button_SysSet  user.o
    0x08001bae   0x08001bae   0x00000002   PAD
    0x08001bb0   0x08001bb0   0x00000278   Code   RO         5476    i.Disp_Button_value1  user.o
    0x08001e28   0x08001e28   0x00000054   Code   RO         5477    i.Disp_Debug_Reference  user.o
    0x08001e7c   0x08001e7c   0x00000090   Code   RO         5478    i.Disp_Debug_value  user.o
    0x08001f0c   0x08001f0c   0x00000070   Code   RO         5479    i.Disp_Fastbutton   user.o
    0x08001f7c   0x08001f7c   0x0000047c   Code   RO         5481    i.Disp_NumKeyboard_Set  user.o
    0x080023f8   0x080023f8   0x0000005c   Code   RO         5482    i.Disp_Open         user.o
    0x08002454   0x08002454   0x00000034   Code   RO         6513    i.Disp_R_V          bsp_lcd.o
    0x08002488   0x08002488   0x00000048   Code   RO         5483    i.Disp_Range        user.o
    0x080024d0   0x080024d0   0x0000008e   Code   RO         5484    i.Disp_Set_CompNum  user.o
    0x0800255e   0x0800255e   0x0000008e   Code   RO         5485    i.Disp_Set_Num      user.o
    0x080025ec   0x080025ec   0x0000009c   Code   RO         5486    i.Disp_Sys          user.o
    0x08002688   0x08002688   0x00000090   Code   RO         5488    i.Disp_Sys_Item     user.o
    0x08002718   0x08002718   0x0000000c   Code   RO         5489    i.Disp_Sys_Screen   user.o
    0x08002724   0x08002724   0x00000578   Code   RO         5490    i.Disp_Sys_value    user.o
    0x08002c9c   0x08002c9c   0x0000000c   Code   RO         5491    i.Disp_TestScreen   user.o
    0x08002ca8   0x08002ca8   0x0000000c   Code   RO         5492    i.Disp_TestSetScreen  user.o
    0x08002cb4   0x08002cb4   0x000000b8   Code   RO         5494    i.Disp_Test_Item    user.o
    0x08002d6c   0x08002d6c   0x000000c0   Code   RO         5495    i.Disp_Test_Set_Item  user.o
    0x08002e2c   0x08002e2c   0x0000044a   Code   RO         5496    i.Disp_Test_value   user.o
    0x08003276   0x08003276   0x00000002   PAD
    0x08003278   0x08003278   0x000001b8   Code   RO         5497    i.Disp_Testvalue    user.o
    0x08003430   0x08003430   0x00000020   Code   RO         5498    i.Disp_TopBar_Color  user.o
    0x08003450   0x08003450   0x00000050   Code   RO         6514    i.Disp_Usbflag      bsp_lcd.o
    0x080034a0   0x080034a0   0x00000090   Code   RO         5499    i.Disp_UserCheck_Item  user.o
    0x08003530   0x08003530   0x0000000c   Code   RO         5500    i.Disp_Usercheck_Screen  user.o
    0x0800353c   0x0800353c   0x0000002c   Code   RO         5501    i.Disp_button_Num_Freq  user.o
    0x08003568   0x08003568   0x00000048   Code   RO         5502    i.Disp_button_Num_time  user.o
    0x080035b0   0x080035b0   0x00000070   Code   RO         5503    i.Disp_dateandtime  user.o
    0x08003620   0x08003620   0x00000074   Code   RO         5281    i.EXTI3_IRQHandler  stm32f4xx_it.o
    0x08003694   0x08003694   0x0000000c   Code   RO         1485    i.EXTI_ClearITPendingBit  stm32f4xx_exti.o
    0x080036a0   0x080036a0   0x00000018   Code   RO         1489    i.EXTI_GetITStatus  stm32f4xx_exti.o
    0x080036b8   0x080036b8   0x00000094   Code   RO         1490    i.EXTI_Init         stm32f4xx_exti.o
    0x0800374c   0x0800374c   0x00000048   Code   RO         1844    i.FMC_GetFlagStatus  stm32f4xx_fmc.o
    0x08003794   0x08003794   0x00000020   Code   RO         1861    i.FMC_SDRAMCmdConfig  stm32f4xx_fmc.o
    0x080037b4   0x080037b4   0x00000144   Code   RO         1863    i.FMC_SDRAMInit     stm32f4xx_fmc.o
    0x080038f8   0x080038f8   0x00000018   Code   RO         1867    i.FMC_SetRefreshCount  stm32f4xx_fmc.o
    0x08003910   0x08003910   0x000000b8   Code   RO         6241    i.GPIO_Configuration  gpio.o
    0x080039c8   0x080039c8   0x00000090   Code   RO         2046    i.GPIO_Init         stm32f4xx_gpio.o
    0x08003a58   0x08003a58   0x00000046   Code   RO         2047    i.GPIO_PinAFConfig  stm32f4xx_gpio.o
    0x08003a9e   0x08003a9e   0x00000012   Code   RO         2050    i.GPIO_ReadInputDataBit  stm32f4xx_gpio.o
    0x08003ab0   0x08003ab0   0x00000004   Code   RO         2053    i.GPIO_ResetBits    stm32f4xx_gpio.o
    0x08003ab4   0x08003ab4   0x00000004   Code   RO         2054    i.GPIO_SetBits      stm32f4xx_gpio.o
    0x08003ab8   0x08003ab8   0x0000000a   Code   RO         8597    i.HCD_GetCurrentFrame  usb_hcd.o
    0x08003ac2   0x08003ac2   0x00000014   Code   RO         8598    i.HCD_GetCurrentSpeed  usb_hcd.o
    0x08003ad6   0x08003ad6   0x0000000a   Code   RO         8600    i.HCD_GetURB_State  usb_hcd.o
    0x08003ae0   0x08003ae0   0x0000000c   Code   RO         8601    i.HCD_GetXferCnt    usb_hcd.o
    0x08003aec   0x08003aec   0x00000008   Code   RO         8604    i.HCD_IsDeviceConnected  usb_hcd.o
    0x08003af4   0x08003af4   0x0000000e   Code   RO         8605    i.HCD_ResetPort     usb_hcd.o
    0x08003b02   0x08003b02   0x00000020   Code   RO         8606    i.HCD_SubmitRequest  usb_hcd.o
    0x08003b22   0x08003b22   0x00000004   Code   RO         5282    i.HardFault_Handler  stm32f4xx_it.o
    0x08003b26   0x08003b26   0x00000002   PAD
    0x08003b28   0x08003b28   0x000000c4   Code   RO         5506    i.Hex_Format        user.o
    0x08003bec   0x08003bec   0x00000024   Code   RO         5507    i.InitGlobalValue   user.o
    0x08003c10   0x08003c10   0x00000068   Code   RO         7737    i.Init_CH376        ch376.o
    0x08003c78   0x08003c78   0x0000011c   Code   RO         5508    i.Input_Set_Cov     user.o
    0x08003d94   0x08003d94   0x00000064   Code   RO         5509    i.Jisuan_Range      user.o
    0x08003df8   0x08003df8   0x00000020   Code   RO         5510    i.Jisuan_V_Range    user.o
    0x08003e18   0x08003e18   0x0000000a   Code   RO         6427    i.Key_Delay         keyboard.o
    0x08003e22   0x08003e22   0x00000002   PAD
    0x08003e24   0x08003e24   0x00000600   Code   RO         6429    i.Key_Identiry      keyboard.o
    0x08004424   0x08004424   0x00000020   Code   RO         6430    i.Key_Read          keyboard.o
    0x08004444   0x08004444   0x00000012   Code   RO         6431    i.Key_Read_WithTimeOut  keyboard.o
    0x08004456   0x08004456   0x00000002   PAD
    0x08004458   0x08004458   0x000000cc   Code   RO         6432    i.Key_Scan          keyboard.o
    0x08004524   0x08004524   0x00000014   Code   RO         6242    i.Key_beep          gpio.o
    0x08004538   0x08004538   0x00000098   Code   RO         6515    i.LCD429_PutPixel   bsp_lcd.o
    0x080045d0   0x080045d0   0x00000068   Code   RO         6516    i.LCD_Clear         bsp_lcd.o
    0x08004638   0x08004638   0x000000a4   Code   RO         6522    i.LCD_DispString_EN_CH  bsp_lcd.o
    0x080046dc   0x080046dc   0x00000040   Code   RO         6525    i.LCD_DisplayChar32  bsp_lcd.o
    0x0800471c   0x0800471c   0x0000009c   Code   RO         6529    i.LCD_DrawChar      bsp_lcd.o
    0x080047b8   0x080047b8   0x0000017c   Code   RO         6532    i.LCD_DrawCircle    bsp_lcd.o
    0x08004934   0x08004934   0x0000014c   Code   RO         6536    i.LCD_DrawFullRect  bsp_lcd.o
    0x08004a80   0x08004a80   0x00000108   Code   RO         6537    i.LCD_DrawLine      bsp_lcd.o
    0x08004b88   0x08004b88   0x00000018   Code   RO         6539    i.LCD_DrawPoint     bsp_lcd.o
    0x08004ba0   0x08004ba0   0x0000001c   Code   RO         6542    i.LCD_Draw_Circle   bsp_lcd.o
    0x08004bbc   0x08004bbc   0x000002e0   Code   RO         6545    i.LCD_GPIO_Config   bsp_lcd.o
    0x08004e9c   0x08004e9c   0x0000008a   Code   RO         6548    i.LCD_Init          bsp_lcd.o
    0x08004f26   0x08004f26   0x00000002   PAD
    0x08004f28   0x08004f28   0x0000009c   Code   RO         6549    i.LCD_LayerInit     bsp_lcd.o
    0x08004fc4   0x08004fc4   0x0000000c   Code   RO         6559    i.LCD_SetFont       bsp_lcd.o
    0x08004fd0   0x08004fd0   0x0000002c   Code   RO         6560    i.LCD_SetLayer      bsp_lcd.o
    0x08004ffc   0x08004ffc   0x0000000c   Code   RO         6561    i.LCD_SetTextColor  bsp_lcd.o
    0x08005008   0x08005008   0x00000030   Code   RO         6562    i.LCD_SetTransparency  bsp_lcd.o
    0x08005038   0x08005038   0x0000008c   Code   RO         6565    i.LCD_ShowFontCN_32  bsp_lcd.o
    0x080050c4   0x080050c4   0x0000008c   Code   RO         6566    i.LCD_ShowFontCN_40_55  bsp_lcd.o
    0x08005150   0x08005150   0x00000024   Code   RO         2620    i.LTDC_Cmd          stm32f4xx_ltdc.o
    0x08005174   0x08005174   0x00000188   Code   RO         2631    i.LTDC_Init         stm32f4xx_ltdc.o
    0x080052fc   0x080052fc   0x00000004   Code   RO         2634    i.LTDC_LayerAlpha   stm32f4xx_ltdc.o
    0x08005300   0x08005300   0x00000016   Code   RO         2635    i.LTDC_LayerCmd     stm32f4xx_ltdc.o
    0x08005316   0x08005316   0x00000114   Code   RO         2636    i.LTDC_LayerInit    stm32f4xx_ltdc.o
    0x0800542a   0x0800542a   0x00000002   PAD
    0x0800542c   0x0800542c   0x0000000c   Code   RO         2643    i.LTDC_ReloadConfig  stm32f4xx_ltdc.o
    0x08005438   0x08005438   0x00000002   Code   RO         6243    i.Led_Fail_On       gpio.o
    0x0800543a   0x0800543a   0x00000002   Code   RO         6244    i.Led_GPIO_Configuration  gpio.o
    0x0800543c   0x0800543c   0x00000002   Code   RO         6245    i.Led_Pass_On       gpio.o
    0x0800543e   0x0800543e   0x00000002   Code   RO         6246    i.Lock_Off          gpio.o
    0x08005440   0x08005440   0x00000002   Code   RO         6247    i.Lock_On           gpio.o
    0x08005442   0x08005442   0x00000004   Code   RO         5283    i.MemManage_Handler  stm32f4xx_it.o
    0x08005446   0x08005446   0x00000002   Code   RO         5284    i.NMI_Handler       stm32f4xx_it.o
    0x08005448   0x08005448   0x00000078   Code   RO          164    i.NVIC_Init         misc.o
    0x080054c0   0x080054c0   0x00000014   Code   RO          165    i.NVIC_PriorityGroupConfig  misc.o
    0x080054d4   0x080054d4   0x00000010   Code   RO         5285    i.OTG_HS_IRQHandler  stm32f4xx_it.o
    0x080054e4   0x080054e4   0x00000002   Code   RO         6248    i.Open_flag_Configuration  gpio.o
    0x080054e6   0x080054e6   0x00000002   Code   RO         6249    i.PLC_GPIO_Configuration  gpio.o
    0x080054e8   0x080054e8   0x0000000c   Code   RO         2813    i.PWR_BackupAccessCmd  stm32f4xx_pwr.o
    0x080054f4   0x080054f4   0x00000344   Code   RO         5511    i.Parameter_valuecomp  user.o
    0x08005838   0x08005838   0x00000002   Code   RO         5286    i.PendSV_Handler    stm32f4xx_it.o
    0x0800583a   0x0800583a   0x00000002   Code   RO         6250    i.Power_Off_led     gpio.o
    0x0800583c   0x0800583c   0x00000002   Code   RO         6251    i.Power_On_led      gpio.o
    0x0800583e   0x0800583e   0x00000002   PAD
    0x08005840   0x08005840   0x000001e4   Code   RO         5996    i.Power_Process     test.o
    0x08005a24   0x08005a24   0x00000020   Code   RO         2960    i.RCC_AHB1PeriphClockCmd  stm32f4xx_rcc.o
    0x08005a44   0x08005a44   0x00000020   Code   RO         2962    i.RCC_AHB1PeriphResetCmd  stm32f4xx_rcc.o
    0x08005a64   0x08005a64   0x00000020   Code   RO         2966    i.RCC_AHB3PeriphClockCmd  stm32f4xx_rcc.o
    0x08005a84   0x08005a84   0x00000020   Code   RO         2969    i.RCC_APB1PeriphClockCmd  stm32f4xx_rcc.o
    0x08005aa4   0x08005aa4   0x00000020   Code   RO         2972    i.RCC_APB2PeriphClockCmd  stm32f4xx_rcc.o
    0x08005ac4   0x08005ac4   0x00000040   Code   RO         2982    i.RCC_GetFlagStatus  stm32f4xx_rcc.o
    0x08005b04   0x08005b04   0x0000002c   Code   RO         2990    i.RCC_LSEConfig     stm32f4xx_rcc.o
    0x08005b30   0x08005b30   0x00000018   Code   RO         2993    i.RCC_LTDCCLKDivConfig  stm32f4xx_rcc.o
    0x08005b48   0x08005b48   0x0000000c   Code   RO         3002    i.RCC_PLLSAICmd     stm32f4xx_rcc.o
    0x08005b54   0x08005b54   0x00000018   Code   RO         3003    i.RCC_PLLSAIConfig  stm32f4xx_rcc.o
    0x08005b6c   0x08005b6c   0x0000000c   Code   RO         3004    i.RCC_RTCCLKCmd     stm32f4xx_rcc.o
    0x08005b78   0x08005b78   0x0000003c   Code   RO         3005    i.RCC_RTCCLKConfig  stm32f4xx_rcc.o
    0x08005bb4   0x08005bb4   0x00000016   Code   RO         3367    i.RTC_Bcd2ToByte    stm32f4xx_rtc.o
    0x08005bca   0x08005bca   0x0000001c   Code   RO         3369    i.RTC_ByteToBcd2    stm32f4xx_rtc.o
    0x08005be6   0x08005be6   0x00000002   PAD
    0x08005be8   0x08005be8   0x0000006c   Code   RO         7509    i.RTC_CLK_Config    bsp_rtc.o
    0x08005c54   0x08005c54   0x0000001c   Code   RO         3372    i.RTC_ClearFlag     stm32f4xx_rtc.o
    0x08005c70   0x08005c70   0x00000020   Code   RO         3373    i.RTC_ClearITPendingBit  stm32f4xx_rtc.o
    0x08005c90   0x08005c90   0x00000050   Code   RO         3379    i.RTC_EnterInitMode  stm32f4xx_rtc.o
    0x08005ce0   0x08005ce0   0x00000014   Code   RO         3380    i.RTC_ExitInitMode  stm32f4xx_rtc.o
    0x08005cf4   0x08005cf4   0x0000004c   Code   RO         3383    i.RTC_GetDate       stm32f4xx_rtc.o
    0x08005d40   0x08005d40   0x00000028   Code   RO         3384    i.RTC_GetFlagStatus  stm32f4xx_rtc.o
    0x08005d68   0x08005d68   0x00000050   Code   RO         3388    i.RTC_GetTime       stm32f4xx_rtc.o
    0x08005db8   0x08005db8   0x00000064   Code   RO         3392    i.RTC_ITConfig      stm32f4xx_rtc.o
    0x08005e1c   0x08005e1c   0x00000064   Code   RO         3393    i.RTC_Init          stm32f4xx_rtc.o
    0x08005e80   0x08005e80   0x00000020   Code   RO         3396    i.RTC_ReadBackupRegister  stm32f4xx_rtc.o
    0x08005ea0   0x08005ea0   0x000000c8   Code   RO         3399    i.RTC_SetDate       stm32f4xx_rtc.o
    0x08005f68   0x08005f68   0x000000d0   Code   RO         3400    i.RTC_SetTime       stm32f4xx_rtc.o
    0x08006038   0x08006038   0x0000001c   Code   RO         3401    i.RTC_SetWakeUpCounter  stm32f4xx_rtc.o
    0x08006054   0x08006054   0x00000072   Code   RO         7511    i.RTC_Set_WakeUp    bsp_rtc.o
    0x080060c6   0x080060c6   0x00000050   Code   RO         7512    i.RTC_TimeAndDate_Set  bsp_rtc.o
    0x08006116   0x08006116   0x00000002   PAD
    0x08006118   0x08006118   0x00000028   Code   RO         7514    i.RTC_WKUP_IRQHandler  bsp_rtc.o
    0x08006140   0x08006140   0x00000060   Code   RO         3416    i.RTC_WaitForSynchro  stm32f4xx_rtc.o
    0x080061a0   0x080061a0   0x00000030   Code   RO         3417    i.RTC_WakeUpClockConfig  stm32f4xx_rtc.o
    0x080061d0   0x080061d0   0x00000078   Code   RO         3418    i.RTC_WakeUpCmd     stm32f4xx_rtc.o
    0x08006248   0x08006248   0x0000001c   Code   RO         3419    i.RTC_WriteBackupRegister  stm32f4xx_rtc.o
    0x08006264   0x08006264   0x000001a4   Code   RO         5512    i.R_Comp            user.o
    0x08006408   0x08006408   0x00000188   Code   RO         5513    i.Range_Changecomp  user.o
    0x08006590   0x08006590   0x00000068   Code   RO         5514    i.Range_Control     user.o
    0x080065f8   0x080065f8   0x00000020   Code   RO         5515    i.ReadBE32U         user.o
    0x08006618   0x08006618   0x0000002a   Code   RO         6199    i.Read_Convert_read  ad7706.o
    0x08006642   0x08006642   0x00000002   PAD
    0x08006644   0x08006644   0x00000010   Code   RO         6254    i.Read_Openflag     gpio.o
    0x08006654   0x08006654   0x00000020   Code   RO         7476    i.Read_set_flash    flash_eerom.o
    0x08006674   0x08006674   0x000000ec   Code   RO         7593    i.Rheostat_ADC_Mode_Config  touch.o
    0x08006760   0x08006760   0x000003a8   Code   RO         7117    i.SDRAM_GPIO_Config  bsp_sdram.o
    0x08006b08   0x08006b08   0x00000064   Code   RO         7118    i.SDRAM_Init        bsp_sdram.o
    0x08006b6c   0x08006b6c   0x000000c8   Code   RO         7119    i.SDRAM_InitSequence  bsp_sdram.o
    0x08006c34   0x08006c34   0x00000024   Code   RO         7123    i.SDRAM_delay       bsp_sdram.o
    0x08006c58   0x08006c58   0x00000018   Code   RO         4115    i.SPI_Cmd           stm32f4xx_spi.o
    0x08006c70   0x08006c70   0x00000050   Code   RO         6996    i.SPI_FLASH_BufferRead  bsp_spi_flash.o
    0x08006cc0   0x08006cc0   0x00000122   Code   RO         6997    i.SPI_FLASH_BufferWrite  bsp_spi_flash.o
    0x08006de2   0x08006de2   0x00000002   PAD
    0x08006de4   0x08006de4   0x000000dc   Code   RO         6999    i.SPI_FLASH_Init    bsp_spi_flash.o
    0x08006ec0   0x08006ec0   0x00000098   Code   RO         7000    i.SPI_FLASH_PageWrite  bsp_spi_flash.o
    0x08006f58   0x08006f58   0x00000040   Code   RO         7004    i.SPI_FLASH_SectorErase  bsp_spi_flash.o
    0x08006f98   0x08006f98   0x00000078   Code   RO         7005    i.SPI_FLASH_SendByte  bsp_spi_flash.o
    0x08007010   0x08007010   0x00000054   Code   RO         7008    i.SPI_FLASH_WaitForWriteEnd  bsp_spi_flash.o
    0x08007064   0x08007064   0x0000001c   Code   RO         7009    i.SPI_FLASH_WriteEnable  bsp_spi_flash.o
    0x08007080   0x08007080   0x00000012   Code   RO         4123    i.SPI_I2S_GetFlagStatus  stm32f4xx_spi.o
    0x08007092   0x08007092   0x00000006   Code   RO         4126    i.SPI_I2S_ReceiveData  stm32f4xx_spi.o
    0x08007098   0x08007098   0x00000004   Code   RO         4127    i.SPI_I2S_SendData  stm32f4xx_spi.o
    0x0800709c   0x0800709c   0x0000003c   Code   RO         4128    i.SPI_Init          stm32f4xx_spi.o
    0x080070d8   0x080070d8   0x00000040   Code   RO         7012    i.SPI_TIMEOUT_UserCallback  bsp_spi_flash.o
    0x08007118   0x08007118   0x00000006   Code   RO         7739    i.SPI_TIMEOUT_UserCallback  ch376.o
    0x0800711e   0x0800711e   0x00000002   PAD
    0x08007120   0x08007120   0x00000078   Code   RO         7740    i.SPIx_ReadWriteByte  ch376.o
    0x08007198   0x08007198   0x00000002   Code   RO         5287    i.SVC_Handler       stm32f4xx_it.o
    0x0800719a   0x0800719a   0x00000002   PAD
    0x0800719c   0x0800719c   0x00000020   Code   RO         6255    i.Select_V_I        gpio.o
    0x080071bc   0x080071bc   0x00000020   Code   RO         7441    i.Send_To_Cpld      cpld.o
    0x080071dc   0x080071dc   0x00000014   Code   RO         7227    i.Send_Uart3str     bsp_debug_usart.o
    0x080071f0   0x080071f0   0x00000068   Code   RO         7442    i.Send_one_buff     cpld.o
    0x08007258   0x08007258   0x0000000c   Code   RO         5421    i.SetSoftTimer      pbdata.o
    0x08007264   0x08007264   0x00000120   Code   RO           13    i.SetSysClock       system_stm32f4xx.o
    0x08007384   0x08007384   0x000009a0   Code   RO         5997    i.Setup_Process     test.o
    0x08007d24   0x08007d24   0x00000060   Code   RO         5517    i.Soft_Turnon       user.o
    0x08007d84   0x08007d84   0x0000010c   Code   RO         6200    i.SpiRxByte         ad7706.o
    0x08007e90   0x08007e90   0x00000024   Code   RO         7477    i.Store_set_flash   flash_eerom.o
    0x08007eb4   0x08007eb4   0x0000003c   Code   RO         5518    i.StrToint          user.o
    0x08007ef0   0x08007ef0   0x00000008   Code   RO         5288    i.SysTick_Handler   stm32f4xx_it.o
    0x08007ef8   0x08007ef8   0x00000068   Code   RO         7346    i.SysTick_Init      bsp_systick.o
    0x08007f60   0x08007f60   0x0000018c   Code   RO         5998    i.Sys_Process       test.o
    0x080080ec   0x080080ec   0x00000068   Code   RO           15    i.SystemInit        system_stm32f4xx.o
    0x08008154   0x08008154   0x00000008   Code   RO         5289    i.TIM2_IRQHandler   stm32f4xx_it.o
    0x0800815c   0x0800815c   0x00000016   Code   RO         7174    i.TIM6_Configuration  bsp_basic_tim.o
    0x08008172   0x08008172   0x00000002   PAD
    0x08008174   0x08008174   0x0000008c   Code   RO         5290    i.TIM6_DAC_IRQHandler  stm32f4xx_it.o
    0x08008200   0x08008200   0x0000002a   Code   RO         7175    i.TIM6_NVIC_Configuration  bsp_basic_tim.o
    0x0800822a   0x0800822a   0x00000002   PAD
    0x0800822c   0x0800822c   0x0000003c   Code   RO         7176    i.TIM8_GPIO_Config  bsp_basic_tim.o
    0x08008268   0x08008268   0x0000007c   Code   RO         7177    i.TIM8_PWMOUTPUT_Config  bsp_basic_tim.o
    0x080082e4   0x080082e4   0x00000018   Code   RO         4341    i.TIM_ARRPreloadConfig  stm32f4xx_tim.o
    0x080082fc   0x080082fc   0x00000006   Code   RO         4347    i.TIM_ClearFlag     stm32f4xx_tim.o
    0x08008302   0x08008302   0x00000006   Code   RO         4348    i.TIM_ClearITPendingBit  stm32f4xx_tim.o
    0x08008308   0x08008308   0x00000018   Code   RO         4353    i.TIM_Cmd           stm32f4xx_tim.o
    0x08008320   0x08008320   0x0000001e   Code   RO         4355    i.TIM_CtrlPWMOutputs  stm32f4xx_tim.o
    0x0800833e   0x0800833e   0x00000022   Code   RO         4374    i.TIM_GetITStatus   stm32f4xx_tim.o
    0x08008360   0x08008360   0x00000012   Code   RO         4378    i.TIM_ITConfig      stm32f4xx_tim.o
    0x08008372   0x08008372   0x00000002   PAD
    0x08008374   0x08008374   0x00000040   Code   RO         7178    i.TIM_Mode_Config   bsp_basic_tim.o
    0x080083b4   0x080083b4   0x0000007c   Code   RO         4382    i.TIM_OC1Init       stm32f4xx_tim.o
    0x08008430   0x08008430   0x00000012   Code   RO         4385    i.TIM_OC1PreloadConfig  stm32f4xx_tim.o
    0x08008442   0x08008442   0x00000002   PAD
    0x08008444   0x08008444   0x000000a0   Code   RO         4392    i.TIM_OC3Init       stm32f4xx_tim.o
    0x080084e4   0x080084e4   0x000000a0   Code   RO         7179    i.TIM_PWMOUTPUT_Config  bsp_basic_tim.o
    0x08008584   0x08008584   0x00000084   Code   RO         4425    i.TIM_TimeBaseInit  stm32f4xx_tim.o
    0x08008608   0x08008608   0x0000000a   Code   RO         7594    i.TP_Adj_Info_Show  touch.o
    0x08008612   0x08008612   0x00000002   PAD
    0x08008614   0x08008614   0x000006dc   Code   RO         7595    i.TP_Adjust         touch.o
    0x08008cf0   0x08008cf0   0x00000068   Code   RO         7597    i.TP_Drow_Touch_Point  touch.o
    0x08008d58   0x08008d58   0x0000007c   Code   RO         7598    i.TP_Get_Adjdata    touch.o
    0x08008dd4   0x08008dd4   0x00000030   Code   RO         7599    i.TP_Init           touch.o
    0x08008e04   0x08008e04   0x00000030   Code   RO         7600    i.TP_Read_AD        touch.o
    0x08008e34   0x08008e34   0x00000072   Code   RO         7601    i.TP_Read_XOY       touch.o
    0x08008ea6   0x08008ea6   0x00000002   PAD
    0x08008ea8   0x08008ea8   0x0000003c   Code   RO         7602    i.TP_Read_XY        touch.o
    0x08008ee4   0x08008ee4   0x000000c0   Code   RO         7603    i.TP_Read_XY2       touch.o
    0x08008fa4   0x08008fa4   0x0000005c   Code   RO         7604    i.TP_Save_Adjdata   touch.o
    0x08009000   0x08009000   0x00000128   Code   RO         7605    i.TP_Scan           touch.o
    0x08009128   0x08009128   0x0000005c   Code   RO         5520    i.Test_Debug        user.o
    0x08009184   0x08009184   0x000010b4   Code   RO         5999    i.Test_Process      test.o
    0x0800a238   0x0800a238   0x00000244   Code   RO         5521    i.Time_Set_Cov      user.o
    0x0800a47c   0x0800a47c   0x00000018   Code   RO         7347    i.TimingDelay_Decrement  bsp_systick.o
    0x0800a494   0x0800a494   0x0000008c   Code   RO         7606    i.Touch_GPIO_Config  touch.o
    0x0800a520   0x0800a520   0x00000006   Code   RO         6434    i.Touch_Identiry    keyboard.o
    0x0800a526   0x0800a526   0x00000002   Code   RO         6256    i.Trip_Off          gpio.o
    0x0800a528   0x0800a528   0x00000002   Code   RO         6257    i.Trip_On           gpio.o
    0x0800a52a   0x0800a52a   0x00000002   Code   RO         6258    i.Turnoff_Led       gpio.o
    0x0800a52c   0x0800a52c   0x00000002   Code   RO         6259    i.Turnon_Led        gpio.o
    0x0800a52e   0x0800a52e   0x00000002   PAD
    0x0800a530   0x0800a530   0x000000bc   Code   RO         5291    i.USART3_IRQHandler  stm32f4xx_it.o
    0x0800a5ec   0x0800a5ec   0x00000012   Code   RO         4903    i.USART_ClearFlag   stm32f4xx_usart.o
    0x0800a5fe   0x0800a5fe   0x0000001a   Code   RO         4910    i.USART_GetFlagStatus  stm32f4xx_usart.o
    0x0800a618   0x0800a618   0x0000000a   Code   RO         4921    i.USART_ReceiveData  stm32f4xx_usart.o
    0x0800a622   0x0800a622   0x00000008   Code   RO         4924    i.USART_SendData    stm32f4xx_usart.o
    0x0800a62a   0x0800a62a   0x00000026   Code   RO         8948    i.USBH_Alloc_Channel  usbh_hcs.o
    0x0800a650   0x0800a650   0x00000060   Code   RO         9001    i.USBH_BulkReceiveData  usbh_ioreq.o
    0x0800a6b0   0x0800a6b0   0x0000005e   Code   RO         9002    i.USBH_BulkSendData  usbh_ioreq.o
    0x0800a70e   0x0800a70e   0x0000004c   Code   RO         9084    i.USBH_ClrFeature   usbh_stdreq.o
    0x0800a75a   0x0800a75a   0x0000000c   Code   RO         8868    i.USBH_Connected    usbh_core.o
    0x0800a766   0x0800a766   0x00000046   Code   RO         9003    i.USBH_CtlReceiveData  usbh_ioreq.o
    0x0800a7ac   0x0800a7ac   0x00000064   Code   RO         9004    i.USBH_CtlReq       usbh_ioreq.o
    0x0800a810   0x0800a810   0x0000006e   Code   RO         9005    i.USBH_CtlSendData  usbh_ioreq.o
    0x0800a87e   0x0800a87e   0x00000042   Code   RO         9006    i.USBH_CtlSendSetup  usbh_ioreq.o
    0x0800a8c0   0x0800a8c0   0x0000001c   Code   RO         8949    i.USBH_DeAllocate_AllChannel  usbh_hcs.o
    0x0800a8dc   0x0800a8dc   0x0000003a   Code   RO         8869    i.USBH_DeInit       usbh_core.o
    0x0800a916   0x0800a916   0x0000000c   Code   RO         8870    i.USBH_Disconnected  usbh_core.o
    0x0800a922   0x0800a922   0x0000002e   Code   RO         8871    i.USBH_ErrorHandle  usbh_core.o
    0x0800a950   0x0800a950   0x0000001e   Code   RO         8950    i.USBH_Free_Channel  usbh_hcs.o
    0x0800a96e   0x0800a96e   0x00000044   Code   RO         9085    i.USBH_GetDescriptor  usbh_stdreq.o
    0x0800a9b2   0x0800a9b2   0x00000028   Code   RO         8951    i.USBH_GetFreeChannel  usbh_hcs.o
    0x0800a9da   0x0800a9da   0x00000012   Code   RO         9086    i.USBH_GetNextDesc  usbh_stdreq.o
    0x0800a9ec   0x0800a9ec   0x0000005c   Code   RO         9087    i.USBH_Get_CfgDesc  usbh_stdreq.o
    0x0800aa48   0x0800aa48   0x00000038   Code   RO         9088    i.USBH_Get_DevDesc  usbh_stdreq.o
    0x0800aa80   0x0800aa80   0x0000003c   Code   RO         9089    i.USBH_Get_StringDesc  usbh_stdreq.o
    0x0800aabc   0x0800aabc   0x00000224   Code   RO         8872    i.USBH_HandleControl  usbh_core.o
    0x0800ace0   0x0800ace0   0x000001dc   Code   RO         8873    i.USBH_HandleEnum   usbh_core.o
    0x0800aebc   0x0800aebc   0x00000060   Code   RO         9188    i.USBH_MSC_BOT_Abort  usbh_msc_bot.o
    0x0800af1c   0x0800af1c   0x00000080   Code   RO         9189    i.USBH_MSC_DecodeCSW  usbh_msc_bot.o
    0x0800af9c   0x0800af9c   0x00000350   Code   RO         9190    i.USBH_MSC_HandleBOTXfer  usbh_msc_bot.o
    0x0800b2ec   0x0800b2ec   0x00000100   Code   RO         9299    i.USBH_MSC_Read10   usbh_msc_scsi.o
    0x0800b3ec   0x0800b3ec   0x000000e4   Code   RO         9303    i.USBH_MSC_Write10  usbh_msc_scsi.o
    0x0800b4d0   0x0800b4d0   0x00000064   Code   RO         8952    i.USBH_Modify_Channel  usbh_hcs.o
    0x0800b534   0x0800b534   0x000000a8   Code   RO         8523    i.USBH_OTG_ISR_Handler  usb_hcd_int.o
    0x0800b5dc   0x0800b5dc   0x0000009a   Code   RO         8953    i.USBH_Open_Channel  usbh_hcs.o
    0x0800b676   0x0800b676   0x00000002   PAD
    0x0800b678   0x0800b678   0x0000011c   Code   RO         9090    i.USBH_ParseCfgDesc  usbh_stdreq.o
    0x0800b794   0x0800b794   0x00000058   Code   RO         9091    i.USBH_ParseDevDesc  usbh_stdreq.o
    0x0800b7ec   0x0800b7ec   0x00000020   Code   RO         9092    i.USBH_ParseEPDesc  usbh_stdreq.o
    0x0800b80c   0x0800b80c   0x00000026   Code   RO         9093    i.USBH_ParseInterfaceDesc  usbh_stdreq.o
    0x0800b832   0x0800b832   0x00000036   Code   RO         9094    i.USBH_ParseStringDesc  usbh_stdreq.o
    0x0800b868   0x0800b868   0x00000198   Code   RO         8875    i.USBH_Process      usbh_core.o
    0x0800ba00   0x0800ba00   0x00000006   Code   RO         8876    i.USBH_SOF          usbh_core.o
    0x0800ba06   0x0800ba06   0x00000026   Code   RO         9095    i.USBH_SetAddress   usbh_stdreq.o
    0x0800ba2c   0x0800ba2c   0x00000026   Code   RO         9096    i.USBH_SetCfg       usbh_stdreq.o
    0x0800ba52   0x0800ba52   0x00000018   Code   RO         9011    i.USBH_SubmitSetupRequest  usbh_ioreq.o
    0x0800ba6a   0x0800ba6a   0x00000002   PAD
    0x0800ba6c   0x0800ba6c   0x00000038   Code   RO         8314    i.USB_OTG_BSP_TimerIRQ  usb_bsp.o
    0x0800baa4   0x0800baa4   0x0000000e   Code   RO         8315    i.USB_OTG_BSP_mDelay  usb_bsp.o
    0x0800bab2   0x0800bab2   0x0000000c   Code   RO         8688    i.USB_OTG_GetMode   usb_core.o
    0x0800babe   0x0800babe   0x0000005a   Code   RO         8689    i.USB_OTG_HC_DoPing  usb_core.o
    0x0800bb18   0x0800bb18   0x00000082   Code   RO         8690    i.USB_OTG_HC_Halt   usb_core.o
    0x0800bb9a   0x0800bb9a   0x00000238   Code   RO         8691    i.USB_OTG_HC_Init   usb_core.o
    0x0800bdd2   0x0800bdd2   0x000001f6   Code   RO         8692    i.USB_OTG_HC_StartXfer  usb_core.o
    0x0800bfc8   0x0800bfc8   0x00000018   Code   RO         8693    i.USB_OTG_InitFSLSPClkSel  usb_core.o
    0x0800bfe0   0x0800bfe0   0x00000010   Code   RO         8695    i.USB_OTG_IsEvenFrame  usb_core.o
    0x0800bff0   0x0800bff0   0x00000014   Code   RO         8696    i.USB_OTG_IsHostMode  usb_core.o
    0x0800c004   0x0800c004   0x00000010   Code   RO         8697    i.USB_OTG_ReadCoreItr  usb_core.o
    0x0800c014   0x0800c014   0x00000030   Code   RO         8698    i.USB_OTG_ReadHPRT0  usb_core.o
    0x0800c044   0x0800c044   0x00000008   Code   RO         8699    i.USB_OTG_ReadHostAllChannels_intr  usb_core.o
    0x0800c04c   0x0800c04c   0x00000028   Code   RO         8701    i.USB_OTG_ReadPacket  usb_core.o
    0x0800c074   0x0800c074   0x00000040   Code   RO         8702    i.USB_OTG_ResetPort  usb_core.o
    0x0800c0b4   0x0800c0b4   0x0000002c   Code   RO         8524    i.USB_OTG_USBH_handle_Disconnect_ISR  usb_hcd_int.o
    0x0800c0e0   0x0800c0e0   0x00000046   Code   RO         8525    i.USB_OTG_USBH_handle_IncompletePeriodicXfer_ISR  usb_hcd_int.o
    0x0800c126   0x0800c126   0x00000056   Code   RO         8526    i.USB_OTG_USBH_handle_hc_ISR  usb_hcd_int.o
    0x0800c17c   0x0800c17c   0x0000042a   Code   RO         8527    i.USB_OTG_USBH_handle_hc_n_In_ISR  usb_hcd_int.o
    0x0800c5a6   0x0800c5a6   0x000003d0   Code   RO         8528    i.USB_OTG_USBH_handle_hc_n_Out_ISR  usb_hcd_int.o
    0x0800c976   0x0800c976   0x0000012e   Code   RO         8529    i.USB_OTG_USBH_handle_nptxfempty_ISR  usb_hcd_int.o
    0x0800caa4   0x0800caa4   0x00000120   Code   RO         8530    i.USB_OTG_USBH_handle_port_ISR  usb_hcd_int.o
    0x0800cbc4   0x0800cbc4   0x0000012e   Code   RO         8531    i.USB_OTG_USBH_handle_ptxfempty_ISR  usb_hcd_int.o
    0x0800ccf2   0x0800ccf2   0x00000164   Code   RO         8532    i.USB_OTG_USBH_handle_rx_qlvl_ISR  usb_hcd_int.o
    0x0800ce56   0x0800ce56   0x00000002   PAD
    0x0800ce58   0x0800ce58   0x0000002c   Code   RO         8533    i.USB_OTG_USBH_handle_sof_ISR  usb_hcd_int.o
    0x0800ce84   0x0800ce84   0x00000040   Code   RO         8706    i.USB_OTG_WritePacket  usb_core.o
    0x0800cec4   0x0800cec4   0x000000a8   Code   RO         5522    i.Uart_Process      user.o
    0x0800cf6c   0x0800cf6c   0x00000004   Code   RO         5292    i.UsageFault_Handler  stm32f4xx_it.o
    0x0800cf70   0x0800cf70   0x0000001e   Code   RO         7228    i.Usart_SendByte    bsp_debug_usart.o
    0x0800cf8e   0x0800cf8e   0x00000032   Code   RO         7229    i.Usart_SendString  bsp_debug_usart.o
    0x0800cfc0   0x0800cfc0   0x00000458   Code   RO         6000    i.Use_DebugProcess  test.o
    0x0800d418   0x0800d418   0x00000658   Code   RO         6001    i.Use_SysSetProcess  test.o
    0x0800da70   0x0800da70   0x000000f8   Code   RO         5523    i.VRange_Changecomp  user.o
    0x0800db68   0x0800db68   0x00000094   Code   RO         5524    i.V_Comp            user.o
    0x0800dbfc   0x0800dbfc   0x00000030   Code   RO         5525    i.V_Datacov         user.o
    0x0800dc2c   0x0800dc2c   0x00000038   Code   RO         6260    i.V_I_Select_Configuration  gpio.o
    0x0800dc64   0x0800dc64   0x00000020   Code   RO         6261    i.V_I_amp           gpio.o
    0x0800dc84   0x0800dc84   0x0000001c   Code   RO         5526    i.V_Range_Control   user.o
    0x0800dca0   0x0800dca0   0x00000016   Code   RO         6574    i.WriteString_16    bsp_lcd.o
    0x0800dcb6   0x0800dcb6   0x00000002   PAD
    0x0800dcb8   0x0800dcb8   0x000000bc   Code   RO         6575    i.WriteString_Big   bsp_lcd.o
    0x0800dd74   0x0800dd74   0x00000020   Code   RO         9796    i.__0printf$6       mc_w.l(printf6.o)
    0x0800dd94   0x0800dd94   0x00000028   Code   RO         9798    i.__0sprintf$6      mc_w.l(printf6.o)
    0x0800ddbc   0x0800ddbc   0x00000030   Code   RO         9934    i.__ARM_fpclassify  m_wm.l(fpclassify.o)
    0x0800ddec   0x0800ddec   0x00000014   Code   RO         9596    i.__hardfp_fabs     m_wm.l(fabs.o)
    0x0800de00   0x0800de00   0x00000c50   Code   RO         9602    i.__hardfp_pow      m_wm.l(pow.o)
    0x0800ea50   0x0800ea50   0x0000007a   Code   RO         9616    i.__hardfp_sqrt     m_wm.l(sqrt.o)
    0x0800eaca   0x0800eaca   0x000000f8   Code   RO         9936    i.__kernel_poly     m_wm.l(poly.o)
    0x0800ebc2   0x0800ebc2   0x00000006   PAD
    0x0800ebc8   0x0800ebc8   0x00000030   Code   RO         9920    i.__mathlib_dbl_divzero  m_wm.l(dunder.o)
    0x0800ebf8   0x0800ebf8   0x00000014   Code   RO         9922    i.__mathlib_dbl_infnan2  m_wm.l(dunder.o)
    0x0800ec0c   0x0800ec0c   0x00000004   PAD
    0x0800ec10   0x0800ec10   0x00000020   Code   RO         9923    i.__mathlib_dbl_invalid  m_wm.l(dunder.o)
    0x0800ec30   0x0800ec30   0x00000020   Code   RO         9924    i.__mathlib_dbl_overflow  m_wm.l(dunder.o)
    0x0800ec50   0x0800ec50   0x00000020   Code   RO         9926    i.__mathlib_dbl_underflow  m_wm.l(dunder.o)
    0x0800ec70   0x0800ec70   0x0000000e   Code   RO         9990    i.__scatterload_copy  mc_w.l(handlers.o)
    0x0800ec7e   0x0800ec7e   0x00000002   Code   RO         9991    i.__scatterload_null  mc_w.l(handlers.o)
    0x0800ec80   0x0800ec80   0x0000000e   Code   RO         9992    i.__scatterload_zeroinit  mc_w.l(handlers.o)
    0x0800ec8e   0x0800ec8e   0x00000002   PAD
    0x0800ec90   0x0800ec90   0x0000000c   Code   RO         9962    i.__set_errno       mc_w.l(errno.o)
    0x0800ec9c   0x0800ec9c   0x000002f0   Code   RO         9803    i._printf_core      mc_w.l(printf6.o)
    0x0800ef8c   0x0800ef8c   0x00000024   Code   RO         9804    i._printf_post_padding  mc_w.l(printf6.o)
    0x0800efb0   0x0800efb0   0x0000002e   Code   RO         9805    i._printf_pre_padding  mc_w.l(printf6.o)
    0x0800efde   0x0800efde   0x0000000a   Code   RO         9807    i._sputc            mc_w.l(printf6.o)
    0x0800efe8   0x0800efe8   0x0000004e   Code   RO         5528    i.bubble_sort_better  user.o
    0x0800f036   0x0800f036   0x00000002   PAD
    0x0800f038   0x0800f038   0x00000090   Code   RO         7935    i.check_fs          ff.o
    0x0800f0c8   0x0800f0c8   0x00000014   Code   RO         7936    i.chk_chr           ff.o
    0x0800f0dc   0x0800f0dc   0x0000001a   Code   RO         7937    i.clust2sect        ff.o
    0x0800f0f6   0x0800f0f6   0x00000002   PAD
    0x0800f0f8   0x0800f0f8   0x00000090   Code   RO         7938    i.cmp_lfn           ff.o
    0x0800f188   0x0800f188   0x000000d6   Code   RO         7939    i.create_chain      ff.o
    0x0800f25e   0x0800f25e   0x00000002   PAD
    0x0800f260   0x0800f260   0x00000270   Code   RO         7940    i.create_name       ff.o
    0x0800f4d0   0x0800f4d0   0x0000000a   Code   RO         5422    i.delay             pbdata.o
    0x0800f4da   0x0800f4da   0x00000038   Code   RO         7348    i.delay_1ms         bsp_systick.o
    0x0800f512   0x0800f512   0x00000036   Code   RO         7349    i.delay_1us         bsp_systick.o
    0x0800f548   0x0800f548   0x0000000a   Code   RO         7350    i.delay_us          bsp_systick.o
    0x0800f552   0x0800f552   0x0000005c   Code   RO         7941    i.dir_alloc         ff.o
    0x0800f5ae   0x0800f5ae   0x000000ea   Code   RO         7942    i.dir_find          ff.o
    0x0800f698   0x0800f698   0x0000013c   Code   RO         7943    i.dir_next          ff.o
    0x0800f7d4   0x0800f7d4   0x0000012a   Code   RO         7945    i.dir_register      ff.o
    0x0800f8fe   0x0800f8fe   0x000000c8   Code   RO         7947    i.dir_sdi           ff.o
    0x0800f9c6   0x0800f9c6   0x00000002   PAD
    0x0800f9c8   0x0800f9c8   0x0000001c   Code   RO         7854    i.disk_initialize   diskio.o
    0x0800f9e4   0x0800f9e4   0x00000044   Code   RO         7855    i.disk_ioctl        diskio.o
    0x0800fa28   0x0800fa28   0x00000074   Code   RO         7856    i.disk_read         diskio.o
    0x0800fa9c   0x0800fa9c   0x00000008   Code   RO         7857    i.disk_status       diskio.o
    0x0800faa4   0x0800faa4   0x00000054   Code   RO         7858    i.disk_write        diskio.o
    0x0800faf8   0x0800faf8   0x00000020   Code   RO         7949    i.f_close           ff.o
    0x0800fb18   0x0800fb18   0x0000019a   Code   RO         7954    i.f_lseek           ff.o
    0x0800fcb2   0x0800fcb2   0x00000166   Code   RO         7955    i.f_mkdir           ff.o
    0x0800fe18   0x0800fe18   0x0000005c   Code   RO         7957    i.f_mount           ff.o
    0x0800fe74   0x0800fe74   0x0000016a   Code   RO         7958    i.f_open            ff.o
    0x0800ffde   0x0800ffde   0x000000b0   Code   RO         7968    i.f_sync            ff.o
    0x0801008e   0x0801008e   0x0000020c   Code   RO         7972    i.f_write           ff.o
    0x0801029a   0x0801029a   0x00000018   Code   RO         9598    i.fabs              m_wm.l(fabs.o)
    0x080102b2   0x080102b2   0x00000002   PAD
    0x080102b4   0x080102b4   0x0000007c   Code   RO         8275    i.ff_convert        cc936.o
    0x08010330   0x08010330   0x00000038   Code   RO         8276    i.ff_wtoupper       cc936.o
    0x08010368   0x08010368   0x00000040   Code   RO         6578    i.findHzIndex_32    bsp_lcd.o
    0x080103a8   0x080103a8   0x000003c8   Code   RO         7973    i.find_volume       ff.o
    0x08010770   0x08010770   0x00000080   Code   RO         7974    i.fit_lfn           ff.o
    0x080107f0   0x080107f0   0x00000090   Code   RO         7975    i.follow_path       ff.o
    0x08010880   0x08010880   0x00000024   Code   RO         7231    i.fputc             bsp_debug_usart.o
    0x080108a4   0x080108a4   0x000000c8   Code   RO         7976    i.gen_numname       ff.o
    0x0801096c   0x0801096c   0x0000013e   Code   RO         7977    i.get_fat           ff.o
    0x08010aaa   0x08010aaa   0x00000044   Code   RO         7859    i.get_fattime       diskio.o
    0x08010aee   0x08010aee   0x0000004a   Code   RO         7979    i.get_ldnumber      ff.o
    0x08010b38   0x08010b38   0x00000268   Code   RO         5529    i.input_num         user.o
    0x08010da0   0x08010da0   0x00000300   Code   RO         5530    i.input_password    user.o
    0x080110a0   0x080110a0   0x00000020   Code   RO         7980    i.ld_clust          ff.o
    0x080110c0   0x080110c0   0x00000094   Code   RO         5161    i.main              main.o
    0x08011154   0x08011154   0x00000026   Code   RO         7981    i.mem_cmp           ff.o
    0x0801117a   0x0801117a   0x0000001a   Code   RO         7982    i.mem_cpy           ff.o
    0x08011194   0x08011194   0x00000014   Code   RO         7983    i.mem_set           ff.o
    0x080111a8   0x080111a8   0x00000034   Code   RO         7984    i.move_window       ff.o
    0x080111dc   0x080111dc   0x00000188   Code   RO         7986    i.put_fat           ff.o
    0x08011364   0x08011364   0x000000cc   Code   RO         5536    i.read_adI_4        user.o
    0x08011430   0x08011430   0x0000003c   Code   RO         5537    i.read_adI_one      user.o
    0x0801146c   0x0801146c   0x000000d4   Code   RO         5541    i.read_adV_4        user.o
    0x08011540   0x08011540   0x0000003c   Code   RO         5542    i.read_adV_one      user.o
    0x0801157c   0x0801157c   0x00000050   Code   RO         6262    i.read_cpld         gpio.o
    0x080115cc   0x080115cc   0x0000006c   Code   RO         7988    i.remove_chain      ff.o
    0x08011638   0x08011638   0x00000034   Code   RO         6003    i.set_mid           test.o
    0x0801166c   0x0801166c   0x00000034   Code   RO         7608    i.set_xx            touch.o
    0x080116a0   0x080116a0   0x00000034   Code   RO         7609    i.set_yy            touch.o
    0x080116d4   0x080116d4   0x00000034   Code   RO         7610    i.set_yz            touch.o
    0x08011708   0x08011708   0x0000006e   Code   RO         9618    i.sqrt              m_wm.l(sqrt.o)
    0x08011776   0x08011776   0x00000010   Code   RO         7989    i.st_clust          ff.o
    0x08011786   0x08011786   0x00000020   Code   RO         7990    i.sum_sfn           ff.o
    0x080117a6   0x080117a6   0x000000c8   Code   RO         7991    i.sync_fs           ff.o
    0x0801186e   0x0801186e   0x00000052   Code   RO         7992    i.sync_window       ff.o
    0x080118c0   0x080118c0   0x00000036   Code   RO         7993    i.validate          ff.o
    0x080118f6   0x080118f6   0x00000002   PAD
    0x080118f8   0x080118f8   0x0000000c   Code   RO         7743    i.xEndCH376Cmd      ch376.o
    0x08011904   0x08011904   0x00000014   Code   RO         7744    i.xReadCH376Data    ch376.o
    0x08011918   0x08011918   0x0000002c   Code   RO         7745    i.xWriteCH376Cmd    ch376.o
    0x08011944   0x08011944   0x00000012   Code   RO         7746    i.xWriteCH376Data   ch376.o
    0x08011956   0x08011956   0x00000002   PAD
    0x08011958   0x08011958   0x00000ca6   Data   RO         5543    .constdata          user.o
    0x080125fe   0x080125fe   0x00008ef6   Data   RO         6581    .constdata          bsp_lcd.o
    0x0801b4f4   0x0801b4f4   0x0000cd06   Data   RO         6953    .constdata          fonts.o
    0x080281fa   0x080281fa   0x0000003a   Data   RO         7995    .constdata          ff.o
    0x08028234   0x08028234   0x0002acc8   Data   RO         8277    .constdata          cc936.o
    0x08052efc   0x08052efc   0x00000004   PAD
    0x08052f00   0x08052f00   0x00000088   Data   RO         9605    .constdata          m_wm.l(pow.o)
    0x08052f88   0x08052f88   0x00000008   Data   RO         9938    .constdata          m_wm.l(qnan.o)
    0x08052f90   0x08052f90   0x00000020   Data   RO         9988    Region$$Table       anon$$obj.o


    Execution Region RW_IRAM1 (Exec base: 0x20000000, Load base: 0x08052fb0, Size: 0x00008038, Max: 0x00030000, ABSOLUTE, COMPRESSED[0x00000094])

    Exec Addr    Load Addr    Size         Type   Attr      Idx    E Section Name        Object

    0x20000000   COMPRESSED   0x00000014   Data   RW           16    .data               system_stm32f4xx.o
    0x20000014   COMPRESSED   0x00000001   Data   RW         5293    .data               stm32f4xx_it.o
    0x20000015   COMPRESSED   0x00000003   PAD
    0x20000018   COMPRESSED   0x0000006a   Data   RW         5425    .data               pbdata.o
    0x20000082   COMPRESSED   0x00000002   PAD
    0x20000084   COMPRESSED   0x0000007d   Data   RW         5544    .data               user.o
    0x20000101   COMPRESSED   0x00000003   Data   RW         6008    .data               test.o
    0x20000104   COMPRESSED   0x00000006   Data   RW         6437    .data               keyboard.o
    0x2000010a   COMPRESSED   0x00000002   PAD
    0x2000010c   COMPRESSED   0x0000001c   Data   RW         6582    .data               bsp_lcd.o
    0x20000128   COMPRESSED   0x00000029   Data   RW         6954    .data               fonts.o
    0x20000151   COMPRESSED   0x00000003   PAD
    0x20000154   COMPRESSED   0x00000004   Data   RW         7013    .data               bsp_spi_flash.o
    0x20000158   COMPRESSED   0x00000004   Data   RW         7351    .data               bsp_systick.o
    0x2000015c   COMPRESSED   0x0000003e   Data   RW         7613    .data               touch.o
    0x2000019a   COMPRESSED   0x00000002   PAD
    0x2000019c   COMPRESSED   0x00000004   Data   RW         7747    .data               ch376.o
    0x200001a0   COMPRESSED   0x00000002   Data   RW         7996    .data               ff.o
    0x200001a2   COMPRESSED   0x00000002   PAD
    0x200001a4   COMPRESSED   0x00000008   Data   RW         8317    .data               usb_bsp.o
    0x200001ac   COMPRESSED   0x00000012   Data   RW         8877    .data               usbh_core.o
    0x200001be   COMPRESSED   0x00000003   Data   RW         9099    .data               usbh_stdreq.o
    0x200001c1   COMPRESSED   0x00000003   PAD
    0x200001c4   COMPRESSED   0x00000011   Data   RW         9193    .data               usbh_msc_bot.o
    0x200001d5   COMPRESSED   0x00000001   Data   RW         9305    .data               usbh_msc_scsi.o
    0x200001d6   COMPRESSED   0x00000002   PAD
    0x200001d8   COMPRESSED   0x00000004   Data   RW         9953    .data               mc_w.l(stdout.o)
    0x200001dc   COMPRESSED   0x00000004   Data   RW         9963    .data               mc_w.l(errno.o)
    0x200001e0        -       0x00000f6b   Zero   RW         5423    .bss                pbdata.o
    0x2000114b   COMPRESSED   0x00000001   PAD
    0x2000114c        -       0x00002054   Zero   RW         6007    .bss                test.o
    0x200031a0        -       0x0000000c   Zero   RW         7994    .bss                ff.o
    0x200031ac        -       0x00000630   Zero   RW         8403    .bss                usbh_usr.o
    0x200037dc        -       0x00000200   Zero   RW         9098    .bss                usbh_stdreq.o
    0x200039dc        -       0x00000040   Zero   RW         9192    .bss                usbh_msc_bot.o
    0x20003a1c        -       0x0000020a   Zero   RW         9244    .bss                usbh_msc_core.o
    0x20003c26   COMPRESSED   0x00000002   PAD
    0x20003c28        -       0x00000410   Zero   RW         9304    .bss                usbh_msc_scsi.o
    0x20004038        -       0x00004000   Zero   RW            1    STACK               startup_stm32f429_439xx.o


==============================================================================

Image component sizes


      Code (inc. data)   RO Data    RW Data    ZI Data      Debug   Object Name

       326          8          0          0          0       1730   ad7706.o
       472         26          0          0          0       3580   bsp_basic_tim.o
        80         12          0          0          0       1013   bsp_beep.o
       136         10          0          0          0       2784   bsp_debug_usart.o
      3500        208      36598         28          0      26189   bsp_lcd.o
       342         32          0          0          0       2342   bsp_rtc.o
      1272         30          0          0          0       3085   bsp_sdram.o
      1102        148          0          4          0       6603   bsp_spi_flash.o
       248         22          0          4          0      29753   bsp_systick.o
       180         18     175304          0          0       2451   cc936.o
       568         42          0          4          0       5127   ch376.o
       240         22          0          0          0       2109   cpld.o
       372         32          0          0          0      15456   diskio.o
      7150         64         58          2         12      33638   ff.o
        68         14          0          0          0       1295   flash_eerom.o
         0          0      52486         41          0       2770   fonts.o
       506         50          0          0          0      11628   gpio.o
      1806         54          0          6          0       7691   keyboard.o
       148         18          0          0          0      15573   main.o
       140         24          0          0          0       1699   misc.o
        22          6          0        106       3947      14631   pbdata.o
        36          8        428          0      16384        956   startup_stm32f429_439xx.o
       392         24          0          0          0       5875   stm32f4xx_adc.o
       110          6          0          0          0       2517   stm32f4xx_dma.o
       294         20          0          0          0       3076   stm32f4xx_dma2d.o
       184         16          0          0          0       2304   stm32f4xx_exti.o
       452         20          0          0          0       3743   stm32f4xx_fmc.o
       240          0          0          0          0       3815   stm32f4xx_gpio.o
       500         64          0          1          0      50036   stm32f4xx_it.o
       742         26          0          0          0       4506   stm32f4xx_ltdc.o
        12          6          0          0          0        574   stm32f4xx_pwr.o
       400         72          0          0          0       7518   stm32f4xx_rcc.o
      1366        104          0          0          0      13692   stm32f4xx_rtc.o
       112          0          0          0          0       3782   stm32f4xx_spi.o
       576         48          0          0          0       7989   stm32f4xx_tim.o
        62          0          0          0          0       3245   stm32f4xx_usart.o
       392         32          0         20          0     359753   system_stm32f4xx.o
     10604       1046          0          3       8276      40246   test.o
      3416        198          0         62          0      14342   touch.o
       220         12          0          8          0       2761   usb_bsp.o
      1602          0          0          0          0      10590   usb_core.o
       106          0          0          0          0       4704   usb_hcd.o
      3702         16          0          0          0      10731   usb_hcd_int.o
      1566         42          0         18          0       8561   usbh_core.o
       390          0          0          0          0       4788   usbh_hcs.o
       560          0          0          0          0       5846   usbh_ioreq.o
      1072         76          0         17         64       6329   usbh_msc_bot.o
         0          0          0          0        522       1178   usbh_msc_core.o
       484         24          0          1       1040       4159   usbh_msc_scsi.o
       942         14          0          3        512      10805   usbh_stdreq.o
         0          0          0          0       1584       1680   usbh_usr.o
     15448       1548       3238        125          0      84924   user.o

    ----------------------------------------------------------------------
     64736       4262     268148        472      32344     876172   Object Totals
         0          0         32          0          0          0   (incl. Generated)
        76          0          4         19          3          0   (incl. Padding)

    ----------------------------------------------------------------------

      Code (inc. data)   RO Data    RW Data    ZI Data      Debug   Library Member Name

       164         44          0          0          0        620   dunder.o
        44          0          0          0          0        248   fabs.o
        48          0          0          0          0        124   fpclassify.o
       248          0          0          0          0        152   poly.o
      3152        296        136          0          0        352   pow.o
         0          0          8          0          0          0   qnan.o
       232          0          0          0          0        296   sqrt.o
        86          0          0          0          0          0   __dczerorl2.o
         0          0          0          0          0          0   entry.o
         0          0          0          0          0          0   entry10a.o
         0          0          0          0          0          0   entry11a.o
         8          4          0          0          0          0   entry2.o
         4          0          0          0          0          0   entry5.o
         0          0          0          0          0          0   entry7b.o
         0          0          0          0          0          0   entry8b.o
         8          4          0          0          0          0   entry9a.o
        12          6          0          4          0         68   errno.o
        30          0          0          0          0          0   handlers.o
        36          8          0          0          0         68   init.o
         0          0          0          0          0          0   iusefp.o
        30          0          0          0          0         68   llshl.o
        36          0          0          0          0         68   llsshr.o
        32          0          0          0          0         68   llushr.o
        36          0          0          0          0         68   memcpya.o
        36          0          0          0          0        108   memseta.o
       916         20          0          0          0        504   printf6.o
         0          0          0          4          0          0   stdout.o
        24          0          0          0          0         68   strcat.o
        28          0          0          0          0         76   strcmp.o
        44          0          0          0          0         80   uidiv.o
        48          0          0          0          0         68   cdcmple.o
        48          0          0          0          0         68   cdrcmple.o
        56          0          0          0          0         88   d2f.o
       334          0          0          0          0        148   dadd.o
       222          0          0          0          0        100   ddiv.o
       186          0          0          0          0        176   depilogue.o
        50          0          0          0          0         76   dfixui.o
        34          0          0          0          0         76   dflti.o
        26          0          0          0          0         76   dfltui.o
       228          0          0          0          0         96   dmul.o
        46          0          0          0          0         80   dscalb.o
       162          0          0          0          0        100   dsqrt.o
        38          0          0          0          0         68   f2d.o
       110          0          0          0          0        168   fepilogue.o

    ----------------------------------------------------------------------
      6860        382        144          8          0       4424   Library Totals
        18          0          0          0          0          0   (incl. Padding)

    ----------------------------------------------------------------------

      Code (inc. data)   RO Data    RW Data    ZI Data      Debug   Library Name

      3888        340        144          0          0       1792   m_wm.l
      1366         42          0          8          0       1244   mc_w.l
      1588          0          0          0          0       1388   mf_w.l

    ----------------------------------------------------------------------
      6860        382        144          8          0       4424   Library Totals

    ----------------------------------------------------------------------

==============================================================================


      Code (inc. data)   RO Data    RW Data    ZI Data      Debug   

     71596       4644     268292        480      32344     837876   Grand Totals
     71596       4644     268292        148      32344     837876   ELF Image Totals (compressed)
     71596       4644     268292        148          0          0   ROM Totals

==============================================================================

    Total RO  Size (Code + RO Data)               339888 ( 331.92kB)
    Total RW  Size (RW Data + ZI Data)             32824 (  32.05kB)
    Total ROM Size (Code + RO Data + RW Data)     340036 ( 332.07kB)

==============================================================================

